Archive member included to satisfy reference by file (symbol)

d:/quartus15/nios2eds/bin/gnu/h-x86_64-mingw32/bin/../lib/gcc/nios2-elf/4.9.1/../../../../../H-x86_64-mingw32/nios2-elf/lib\libc.a(lib_a-puts.o)
                              obj/default/DemoGraphicsRoutines.o (puts)
d:/quartus15/nios2eds/bin/gnu/h-x86_64-mingw32/bin/../lib/gcc/nios2-elf/4.9.1/../../../../../H-x86_64-mingw32/nios2-elf/lib\libc.a(lib_a-strlen.o)
                              d:/quartus15/nios2eds/bin/gnu/h-x86_64-mingw32/bin/../lib/gcc/nios2-elf/4.9.1/../../../../../H-x86_64-mingw32/nios2-elf/lib\libc.a(lib_a-puts.o) (strlen)
d:/quartus15/nios2eds/bin/gnu/h-x86_64-mingw32/bin/../lib/gcc/nios2-elf/4.9.1/../../../../../H-x86_64-mingw32/nios2-elf/lib\libc.a(lib_a-fvwrite.o)
                              d:/quartus15/nios2eds/bin/gnu/h-x86_64-mingw32/bin/../lib/gcc/nios2-elf/4.9.1/../../../../../H-x86_64-mingw32/nios2-elf/lib\libc.a(lib_a-puts.o) (__sfvwrite_r)
d:/quartus15/nios2eds/bin/gnu/h-x86_64-mingw32/bin/../lib/gcc/nios2-elf/4.9.1/../../../../../H-x86_64-mingw32/nios2-elf/lib\libc.a(lib_a-impure.o)
                              d:/quartus15/nios2eds/bin/gnu/h-x86_64-mingw32/bin/../lib/gcc/nios2-elf/4.9.1/../../../../../H-x86_64-mingw32/nios2-elf/lib\libc.a(lib_a-puts.o) (_impure_ptr)
d:/quartus15/nios2eds/bin/gnu/h-x86_64-mingw32/bin/../lib/gcc/nios2-elf/4.9.1/../../../../../H-x86_64-mingw32/nios2-elf/lib\libc.a(lib_a-mallocr.o)
                              d:/quartus15/nios2eds/bin/gnu/h-x86_64-mingw32/bin/../lib/gcc/nios2-elf/4.9.1/../../../../../H-x86_64-mingw32/nios2-elf/lib\libc.a(lib_a-fvwrite.o) (_malloc_r)
d:/quartus15/nios2eds/bin/gnu/h-x86_64-mingw32/bin/../lib/gcc/nios2-elf/4.9.1/../../../../../H-x86_64-mingw32/nios2-elf/lib\libc.a(lib_a-memchr.o)
                              d:/quartus15/nios2eds/bin/gnu/h-x86_64-mingw32/bin/../lib/gcc/nios2-elf/4.9.1/../../../../../H-x86_64-mingw32/nios2-elf/lib\libc.a(lib_a-fvwrite.o) (memchr)
d:/quartus15/nios2eds/bin/gnu/h-x86_64-mingw32/bin/../lib/gcc/nios2-elf/4.9.1/../../../../../H-x86_64-mingw32/nios2-elf/lib\libc.a(lib_a-memcpy.o)
                              d:/quartus15/nios2eds/bin/gnu/h-x86_64-mingw32/bin/../lib/gcc/nios2-elf/4.9.1/../../../../../H-x86_64-mingw32/nios2-elf/lib\libc.a(lib_a-fvwrite.o) (memcpy)
d:/quartus15/nios2eds/bin/gnu/h-x86_64-mingw32/bin/../lib/gcc/nios2-elf/4.9.1/../../../../../H-x86_64-mingw32/nios2-elf/lib\libc.a(lib_a-memmove.o)
                              d:/quartus15/nios2eds/bin/gnu/h-x86_64-mingw32/bin/../lib/gcc/nios2-elf/4.9.1/../../../../../H-x86_64-mingw32/nios2-elf/lib\libc.a(lib_a-fvwrite.o) (memmove)
d:/quartus15/nios2eds/bin/gnu/h-x86_64-mingw32/bin/../lib/gcc/nios2-elf/4.9.1/../../../../../H-x86_64-mingw32/nios2-elf/lib\libc.a(lib_a-reallocr.o)
                              d:/quartus15/nios2eds/bin/gnu/h-x86_64-mingw32/bin/../lib/gcc/nios2-elf/4.9.1/../../../../../H-x86_64-mingw32/nios2-elf/lib\libc.a(lib_a-fvwrite.o) (_realloc_r)
d:/quartus15/nios2eds/bin/gnu/h-x86_64-mingw32/bin/../lib/gcc/nios2-elf/4.9.1/../../../../../H-x86_64-mingw32/nios2-elf/lib\libc.a(lib_a-sbrkr.o)
                              d:/quartus15/nios2eds/bin/gnu/h-x86_64-mingw32/bin/../lib/gcc/nios2-elf/4.9.1/../../../../../H-x86_64-mingw32/nios2-elf/lib\libc.a(lib_a-mallocr.o) (_sbrk_r)
d:/quartus15/nios2eds/bin/gnu/h-x86_64-mingw32/bin/../lib/gcc/nios2-elf/4.9.1/../../../../../H-x86_64-mingw32/nios2-elf/lib\libc.a(lib_a-wsetup.o)
                              d:/quartus15/nios2eds/bin/gnu/h-x86_64-mingw32/bin/../lib/gcc/nios2-elf/4.9.1/../../../../../H-x86_64-mingw32/nios2-elf/lib\libc.a(lib_a-fvwrite.o) (__swsetup_r)
d:/quartus15/nios2eds/bin/gnu/h-x86_64-mingw32/bin/../lib/gcc/nios2-elf/4.9.1/../../../../../H-x86_64-mingw32/nios2-elf/lib\libc.a(lib_a-fflush.o)
                              d:/quartus15/nios2eds/bin/gnu/h-x86_64-mingw32/bin/../lib/gcc/nios2-elf/4.9.1/../../../../../H-x86_64-mingw32/nios2-elf/lib\libc.a(lib_a-fvwrite.o) (_fflush_r)
d:/quartus15/nios2eds/bin/gnu/h-x86_64-mingw32/bin/../lib/gcc/nios2-elf/4.9.1/../../../../../H-x86_64-mingw32/nios2-elf/lib\libc.a(lib_a-findfp.o)
                              d:/quartus15/nios2eds/bin/gnu/h-x86_64-mingw32/bin/../lib/gcc/nios2-elf/4.9.1/../../../../../H-x86_64-mingw32/nios2-elf/lib\libc.a(lib_a-wsetup.o) (__sinit)
d:/quartus15/nios2eds/bin/gnu/h-x86_64-mingw32/bin/../lib/gcc/nios2-elf/4.9.1/../../../../../H-x86_64-mingw32/nios2-elf/lib\libc.a(lib_a-freer.o)
                              d:/quartus15/nios2eds/bin/gnu/h-x86_64-mingw32/bin/../lib/gcc/nios2-elf/4.9.1/../../../../../H-x86_64-mingw32/nios2-elf/lib\libc.a(lib_a-fvwrite.o) (_free_r)
d:/quartus15/nios2eds/bin/gnu/h-x86_64-mingw32/bin/../lib/gcc/nios2-elf/4.9.1/../../../../../H-x86_64-mingw32/nios2-elf/lib\libc.a(lib_a-fwalk.o)
[...]
Memory Configuration

Name             Origin             Length             Attributes
reset            0x0000000008000000 0x0000000000000020
sdram            0x0000000008000020 0x0000000003ffffe0
*default*        0x0000000000000000 0xffffffffffffffff

Linker script and memory map

LOAD ../Graphics_bsp//obj/HAL/src/crt0.o
LOAD obj/default/Bresenhams_Line_Drawing_Algorithm.o
LOAD obj/default/ColourPallette.o
LOAD obj/default/DemoGraphicsRoutines.o
LOAD obj/default/Fill.o
LOAD obj/default/Fonts.o
LOAD obj/default/OutGraphicsCharFont1.o
LOAD obj/default/OutGraphicsCharFont2.o
LOAD d:/quartus15/nios2eds/bin/gnu/h-x86_64-mingw32/bin/../lib/gcc/nios2-elf/4.9.1/../../../../../H-x86_64-mingw32/nios2-elf/lib\libstdc++.a
LOAD d:/quartus15/nios2eds/bin/gnu/h-x86_64-mingw32/bin/../lib/gcc/nios2-elf/4.9.1/../../../../../H-x86_64-mingw32/nios2-elf/lib\libm.a
LOAD d:/quartus15/nios2eds/bin/gnu/h-x86_64-mingw32/bin/../lib/gcc/nios2-elf/4.9.1\libgcc.a
START GROUP
LOAD d:/quartus15/nios2eds/bin/gnu/h-x86_64-mingw32/bin/../lib/gcc/nios2-elf/4.9.1/../../../../../H-x86_64-mingw32/nios2-elf/lib\libc.a
LOAD d:/quartus15/nios2eds/bin/gnu/h-x86_64-mingw32/bin/../lib/gcc/nios2-elf/4.9.1\libgcc.a
LOAD ../Graphics_bsp/\libhal_bsp.a
LOAD d:/quartus15/nios2eds/bin/gnu/h-x86_64-mingw32/bin/../lib/gcc/nios2-elf/4.9.1/../../../../../H-x86_64-mingw32/nios2-elf/lib\libm.a
END GROUP
LOAD d:/quartus15/nios2eds/bin/gnu/h-x86_64-mingw32/bin/../lib/gcc/nios2-elf/4.9.1\libgcc.a
                0x0000000008000000                __alt_mem_sdram = 0x8000000

.entry          0x0000000008000000       0x20
 *(.entry)
 .entry         0x0000000008000000       0x20 ../Graphics_bsp//obj/HAL/src/crt0.o
                0x0000000008000000                __reset

.exceptions     0x0000000008000020      0x19c
                0x0000000008000020                PROVIDE (__ram_exceptions_start, ABSOLUTE (.))
                0x0000000008000020                . = ALIGN (0x20)
 *(.irq)
 *(.exceptions.entry.label)
 .exceptions.entry.label
                0x0000000008000020        0x0 ../Graphics_bsp/\libhal_bsp.a(alt_irq_entry.o)
                0x0000000008000020                alt_irq_entry
 .exceptions.entry.label
                0x0000000008000020        0x0 ../Graphics_bsp/\libhal_bsp.a(alt_exception_entry.o)
                0x0000000008000020                alt_exception
 *(.exceptions.entry.user)
 *(.exceptions.entry.ecc_fatal)
 *(.exceptions.entry)
 .exceptions.entry
                0x0000000008000020       0x54 ../Graphics_bsp/\libhal_bsp.a(alt_exception_entry.o)
 *(.exceptions.irqtest.user)
 *(.exceptions.irqtest)
 .exceptions.irqtest
                0x0000000008000074       0x10 ../Graphics_bsp/\libhal_bsp.a(alt_irq_entry.o)
 *(.exceptions.irqhandler.user)
 *(.exceptions.irqhandler)
 .exceptions.irqhandler
                0x0000000008000084        0x4 ../Graphics_bsp/\libhal_bsp.a(alt_irq_entry.o)
 *(.exceptions.irqreturn.user)
 *(.exceptions.irqreturn)
 .exceptions.irqreturn
                0x0000000008000088        0x4 ../Graphics_bsp/\libhal_bsp.a(alt_irq_entry.o)
 *(.exceptions.notirq.label)
 .exceptions.notirq.label
                0x000000000800008c        0x0 ../Graphics_bsp/\libhal_bsp.a(alt_irq_entry.o)
 *(.exceptions.notirq.user)
 *(.exceptions.notirq)
 .exceptions.notirq
                0x000000000800008c        0x8 ../Graphics_bsp/\libhal_bsp.a(alt_exception_entry.o)
 *(.exceptions.soft.user)
 *(.exceptions.soft)
 *(.exceptions.unknown.user)
 *(.exceptions.unknown)
 .exceptions.unknown
                0x0000000008000094        0x4 ../Graphics_bsp/\libhal_bsp.a(alt_exception_entry.o)
 *(.exceptions.exit.label)
 .exceptions.exit.label
                0x0000000008000098        0x0 ../Graphics_bsp/\libhal_bsp.a(alt_irq_entry.o)
 .exceptions.exit.label
                0x0000000008000098        0x0 ../Graphics_bsp/\libhal_bsp.a(alt_exception_entry.o)
 *(.exceptions.exit.user)
 *(.exceptions.exit)
 .exceptions.exit
                0x0000000008000098       0x54 ../Graphics_bsp/\libhal_bsp.a(alt_exception_entry.o)
 *(.exceptions)
 .exceptions    0x00000000080000ec       0xd0 ../Graphics_bsp/\libhal_bsp.a(alt_irq_handler.o)
                0x00000000080000ec                alt_irq_handler
                0x00000000080001bc                PROVIDE (__ram_exceptions_end, ABSOLUTE (.))
                0x0000000008000020                PROVIDE (__flash_exceptions_start, LOADADDR (.exceptions))

.text           0x00000000080001bc     0x6650
                0x00000000080001bc                PROVIDE (stext, ABSOLUTE (.))
 *(.interp)
 *(.hash)
 *(.dynsym)
 *(.dynstr)
 *(.gnu.version)
 *(.gnu.version_d)
 *(.gnu.version_r)
 *(.rel.init)
 *(.rela.init)
 *(.rel.text .rel.text.* .rel.gnu.linkonce.t.*)
 *(.rela.text .rela.text.* .rela.gnu.linkonce.t.*)
 *(.rel.fini)
 *(.rela.fini)
 *(.rel.rodata .rel.rodata.* .rel.gnu.linkonce.r.*)
 *(.rela.rodata .rela.rodata.* .rela.gnu.linkonce.r.*)
 *(.rel.data .rel.data.* .rel.gnu.linkonce.d.*)
 *(.rela.data .rela.data.* .rela.gnu.linkonce.d.*)
 *(.rel.tdata .rel.tdata.* .rel.gnu.linkonce.td.*)
 *(.rela.tdata .rela.tdata.* .rela.gnu.linkonce.td.*)
 *(.rel.tbss .rel.tbss.* .rel.gnu.linkonce.tb.*)
 *(.rela.tbss .rela.tbss.* .rela.gnu.linkonce.tb.*)
 *(.rel.ctors)
 *(.rela.ctors)
 *(.rel.dtors)
 *(.rela.dtors)
 *(.rel.got)
 *(.rela.got)
 *(.rel.sdata .rel.sdata.* .rel.gnu.linkonce.s.*)
 *(.rela.sdata .rela.sdata.* .rela.gnu.linkonce.s.*)
 *(.rel.sbss .rel.sbss.* .rel.gnu.linkonce.sb.*)
 *(.rela.sbss .rela.sbss.* .rela.gnu.linkonce.sb.*)
 *(.rel.sdata2 .rel.sdata2.* .rel.gnu.linkonce.s2.*)
 *(.rela.sdata2 .rela.sdata2.* .rela.gnu.linkonce.s2.*)
 *(.rel.sbss2 .rel.sbss2.* .rel.gnu.linkonce.sb2.*)
 *(.rela.sbss2 .rela.sbss2.* .rela.gnu.linkonce.sb2.*)
 *(.rel.bss .rel.bss.* .rel.gnu.linkonce.b.*)
 *(.rela.bss .rela.bss.* .rela.gnu.linkonce.b.*)
 *(.rel.plt)
 *(.rela.plt)
 *(.rel.dyn)
 *(.init)
 *(.plt)
 *(.text .stub .text.* .gnu.linkonce.t.*)
 .text          0x00000000080001bc       0x3c ../Graphics_bsp//obj/HAL/src/crt0.o
                0x00000000080001bc                _start
 .text          0x00000000080001f8      0x50c obj/default/Bresenhams_Line_Drawing_Algorithm.o
                0x00000000080001f8                WriteAPixel
                0x0000000008000274                ReadAPixel
                0x0000000008000304                ProgramPalette
                0x0000000008000380                HLine
                0x000000000800041c                VLine
                0x00000000080004b8                abs
                0x00000000080004f0                sign
                0x0000000008000534                Line
 .text          0x0000000008000704        0x0 obj/default/ColourPallette.o
 .text          0x0000000008000704      0x130 obj/default/DemoGraphicsRoutines.o
                0x0000000008000704                graph_clearAll
                0x000000000800075c                main
 .text          0x0000000008000834      0x4f8 obj/default/Fill.o
                0x0000000008000834                PushPixel
                0x0000000008000890                PopPixel
                0x00000000080008f0                IsStackEmpty
                0x0000000008000928                Fill
 .text          0x0000000008000d2c        0x0 obj/default/Fonts.o
 .text          0x0000000008000d2c      0x1ac obj/default/OutGraphicsCharFont1.o
                0x0000000008000d2c                OutGraphicsCharFont1
 .text          0x0000000008000ed8      0x190 obj/default/OutGraphicsCharFont2.o
                0x0000000008000ed8                OutGraphicsCharFont2
 .text          0x0000000008001068       0xcc d:/quartus15/nios2eds/bin/gnu/h-x86_64-mingw32/bin/../lib/gcc/nios2-elf/4.9.1/../../../../../H-x86_64-mingw32/nios2-elf/lib\libc.a(lib_a-puts.o)
                0x0000000008001068                _puts_r
                0x0000000008001120                puts
 .text          0x0000000008001134       0x98 d:/quartus15/nios2eds/bin/gnu/h-x86_64-mingw32/bin/../lib/gcc/nios2-elf/4.9.1/../../../../../H-x86_64-mingw32/nios2-elf/lib\libc.a(lib_a-strlen.o)
                0x0000000008001134                strlen
 .text          0x00000000080011cc      0x4a4 d:/quartus15/nios2eds/bin/gnu/h-x86_64-mingw32/bin/../lib/gcc/nios2-elf/4.9.1/../../../../../H-x86_64-mingw32/nios2-elf/lib\libc.a(lib_a-fvwrite.o)
                0x00000000080011cc                __sfvwrite_r
 .text          0x0000000008001670        0x0 d:/quartus15/nios2eds/bin/gnu/h-x86_64-mingw32/bin/../lib/gcc/nios2-elf/4.9.1/../../../../../H-x86_64-mingw32/nios2-elf/lib\libc.a(lib_a-impure.o)
 .text          0x0000000008001670      0x7a8 d:/quartus15/nios2eds/bin/gnu/h-x86_64-mingw32/bin/../lib/gcc/nios2-elf/4.9.1/../../../../../H-x86_64-mingw32/nios2-elf/lib\libc.a(lib_a-mallocr.o)
                0x0000000008001670                _malloc_r
 .text          0x0000000008001e18       0xe8 d:/quartus15/nios2eds/bin/gnu/h-x86_64-mingw32/bin/../lib/gcc/nios2-elf/4.9.1/../../../../../H-x86_64-mingw32/nios2-elf/lib\libc.a(lib_a-memchr.o)
                0x0000000008001e18                memchr
 .text          0x0000000008001f00      0x138 d:/quartus15/nios2eds/bin/gnu/h-x86_64-mingw32/bin/../lib/gcc/nios2-elf/4.9.1/../../../../../H-x86_64-mingw32/nios2-elf/lib\libc.a(lib_a-memcpy.o)
                0x0000000008001f00                memcpy
 .text          0x0000000008002038      0x15c d:/quartus15/nios2eds/bin/gnu/h-x86_64-mingw32/bin/../lib/gcc/nios2-elf/4.9.1/../../../../../H-x86_64-mingw32/nios2-elf/lib\libc.a(lib_a-memmove.o)
                0x0000000008002038                memmove
 .text          0x0000000008002194      0x5a0 d:/quartus15/nios2eds/bin/gnu/h-x86_64-mingw32/bin/../lib/gcc/nios2-elf/4.9.1/../../../../../H-x86_64-mingw32/nios2-elf/lib\libc.a(lib_a-reallocr.o)
                0x0000000008002194                _realloc_r
 .text          0x0000000008002734       0x54 d:/quartus15/nios2eds/bin/gnu/h-x86_64-mingw32/bin/../lib/gcc/nios2-elf/4.9.1/../../../../../H-x86_64-mingw32/nios2-elf/lib\libc.a(lib_a-sbrkr.o)
                0x0000000008002734                _sbrk_r
 .text          0x0000000008002788      0x130 d:/quartus15/nios2eds/bin/gnu/h-x86_64-mingw32/bin/../lib/gcc/nios2-elf/4.9.1/../../../../../H-x86_64-mingw32/nios2-elf/lib\libc.a(lib_a-wsetup.o)
                0x0000000008002788                __swsetup_r
 .text          0x00000000080028b8      0x258 d:/quartus15/nios2eds/bin/gnu/h-x86_64-mingw32/bin/../lib/gcc/nios2-elf/4.9.1/../../../../../H-x86_64-mingw32/nios2-elf/lib\libc.a(lib_a-fflush.o)
                0x00000000080028b8                _fflush_r
                0x0000000008002ae0                fflush
 .text          0x0000000008002b10      0x3a0 d:/quartus15/nios2eds/bin/gnu/h-x86_64-mingw32/bin/../lib/gcc/nios2-elf/4.9.1/../../../../../H-x86_64-mingw32/nios2-elf/lib\libc.a(lib_a-findfp.o)
                0x0000000008002b20                _cleanup_r
                0x0000000008002ccc                __sfmoreglue
                0x0000000008002d30                __sfp
                0x0000000008002e48                _cleanup
                0x0000000008002e60                __sinit
                0x0000000008002e70                __sfp_lock_acquire
                0x0000000008002e74                __sfp_lock_release
                0x0000000008002e78                __sinit_lock_acquire
                0x0000000008002e7c                __sinit_lock_release
                0x0000000008002e80                __fp_lock_all
                0x0000000008002e98                __fp_unlock_all
 .text          0x0000000008002eb0      0x414 d:/quartus15/nios2eds/bin/gnu/h-x86_64-mingw32/bin/../lib/gcc/nios2-elf/4.9.1/../../../../../H-x86_64-mingw32/nios2-elf/lib\libc.a(lib_a-freer.o)
                0x0000000008002eb0                _malloc_trim_r
                0x0000000008002fd4                _free_r
 .text          0x00000000080032c4      0x170 d:/quartus15/nios2eds/bin/gnu/h-x86_64-mingw32/bin/../lib/gcc/nios2-elf/4.9.1/../../../../../H-x86_64-mingw32/nios2-elf/lib\libc.a(lib_a-fwalk.o)
                0x00000000080032c4                _fwalk
                0x000000000800337c                _fwalk_reent
 .text          0x0000000008003434        0x0 d:/quartus15/nios2eds/bin/gnu/h-x86_64-mingw32/bin/../lib/gcc/nios2-elf/4.9.1/../../../../../H-x86_64-mingw32/nios2-elf/lib\libc.a(lib_a-int_errno.o)
 .text          0x0000000008003434      0x1b8 d:/quartus15/nios2eds/bin/gnu/h-x86_64-mingw32/bin/../lib/gcc/nios2-elf/4.9.1/../../../../../H-x86_64-mingw32/nios2-elf/lib\libc.a(lib_a-makebuf.o)
                0x0000000008003434                __smakebuf_r
 .text          0x00000000080035ec      0x124 d:/quartus15/nios2eds/bin/gnu/h-x86_64-mingw32/bin/../lib/gcc/nios2-elf/4.9.1/../../../../../H-x86_64-mingw32/nios2-elf/lib\libc.a(lib_a-memset.o)
                0x00000000080035ec                memset
 .text          0x0000000008003710      0x13c d:/quartus15/nios2eds/bin/gnu/h-x86_64-mingw32/bin/../lib/gcc/nios2-elf/4.9.1/../../../../../H-x86_64-mingw32/nios2-elf/lib\libc.a(lib_a-stdio.o)
                0x0000000008003710                __sread
                0x0000000008003764                __seofread
                0x000000000800376c                __swrite
                0x00000000080037e8                __sseek
                0x0000000008003844                __sclose
 .text          0x000000000800384c       0x5c d:/quartus15/nios2eds/bin/gnu/h-x86_64-mingw32/bin/../lib/gcc/nios2-elf/4.9.1/../../../../../H-x86_64-mingw32/nios2-elf/lib\libc.a(lib_a-writer.o)
                0x000000000800384c                _write_r
 .text          0x00000000080038a8       0x54 d:/quartus15/nios2eds/bin/gnu/h-x86_64-mingw32/bin/../lib/gcc/nios2-elf/4.9.1/../../../../../H-x86_64-mingw32/nios2-elf/lib\libc.a(closer.o)
                0x00000000080038a8                _close_r
 .text          0x00000000080038fc      0x114 d:/quartus15/nios2eds/bin/gnu/h-x86_64-mingw32/bin/../lib/gcc/nios2-elf/4.9.1/../../../../../H-x86_64-mingw32/nios2-elf/lib\libc.a(lib_a-fclose.o)
                0x00000000080038fc                _fclose_r
                0x00000000080039fc                fclose
 .text          0x0000000008003a10       0x58 d:/quartus15/nios2eds/bin/gnu/h-x86_64-mingw32/bin/../lib/gcc/nios2-elf/4.9.1/../../../../../H-x86_64-mingw32/nios2-elf/lib\libc.a(lib_a-fstatr.o)
                0x0000000008003a10                _fstat_r
 .text          0x0000000008003a68       0x54 d:/quartus15/nios2eds/bin/gnu/h-x86_64-mingw32/bin/../lib/gcc/nios2-elf/4.9.1/../../../../../H-x86_64-mingw32/nios2-elf/lib\libc.a(lib_a-isattyr.o)
                0x0000000008003a68                _isatty_r
 .text          0x0000000008003abc       0x5c d:/quartus15/nios2eds/bin/gnu/h-x86_64-mingw32/bin/../lib/gcc/nios2-elf/4.9.1/../../../../../H-x86_64-mingw32/nios2-elf/lib\libc.a(lib_a-lseekr.o)
                0x0000000008003abc                _lseek_r
 .text          0x0000000008003b18       0x5c d:/quartus15/nios2eds/bin/gnu/h-x86_64-mingw32/bin/../lib/gcc/nios2-elf/4.9.1/../../../../../H-x86_64-mingw32/nios2-elf/lib\libc.a(lib_a-readr.o)
                0x0000000008003b18                _read_r
 .text          0x0000000008003b74      0x120 ../Graphics_bsp/\libhal_bsp.a(alt_close.o)
                0x0000000008003bc4                close
 .text          0x0000000008003c94       0x2c ../Graphics_bsp/\libhal_bsp.a(alt_dev.o)
 .text          0x0000000008003cc0        0x0 ../Graphics_bsp/\libhal_bsp.a(alt_errno.o)
 .text          0x0000000008003cc0      0x100 ../Graphics_bsp/\libhal_bsp.a(alt_fstat.o)
                0x0000000008003d10                fstat
 .text          0x0000000008003dc0       0xf4 ../Graphics_bsp/\libhal_bsp.a(alt_isatty.o)
                0x0000000008003e10                isatty
 .text          0x0000000008003eb4       0xe4 ../Graphics_bsp/\libhal_bsp.a(alt_load.o)
                0x0000000008003f18                alt_load
 .text          0x0000000008003f98      0x124 ../Graphics_bsp/\libhal_bsp.a(alt_lseek.o)
                0x0000000008003fe8                lseek
 .text          0x00000000080040bc       0x78 ../Graphics_bsp/\libhal_bsp.a(alt_main.o)
                0x00000000080040bc                alt_main
 .text          0x0000000008004134       0x40 ../Graphics_bsp/\libhal_bsp.a(alt_malloc_lock.o)
                0x0000000008004134                __malloc_lock
                0x0000000008004154                __malloc_unlock
 .text          0x0000000008004174      0x14c ../Graphics_bsp/\libhal_bsp.a(alt_read.o)
                0x00000000080041c4                read
 .text          0x00000000080042c0       0x60 ../Graphics_bsp/\libhal_bsp.a(alt_release_fd.o)
                0x00000000080042c0                alt_release_fd
 .text          0x0000000008004320       0xb0 ../Graphics_bsp/\libhal_bsp.a(alt_sbrk.o)
                0x0000000008004320                sbrk
 .text          0x00000000080043d0      0x148 ../Graphics_bsp/\libhal_bsp.a(alt_write.o)
                0x0000000008004420                write
 .text          0x0000000008004518       0xdc ../Graphics_bsp/\libhal_bsp.a(alt_sys_init.o)
                0x0000000008004550                alt_irq_init
                0x0000000008004584                alt_sys_init
 .text          0x00000000080045f4      0x164 ../Graphics_bsp/\libhal_bsp.a(altera_avalon_jtag_uart_fd.o)
                0x00000000080045f4                altera_avalon_jtag_uart_read_fd
                0x0000000008004654                altera_avalon_jtag_uart_write_fd
                0x00000000080046b4                altera_avalon_jtag_uart_close_fd
                0x0000000008004704                altera_avalon_jtag_uart_ioctl_fd
 .text          0x0000000008004758      0x3d8 ../Graphics_bsp/\libhal_bsp.a(altera_avalon_jtag_uart_init.o)
                0x0000000008004758                altera_avalon_jtag_uart_init
                0x0000000008004ac8                altera_avalon_jtag_uart_close
 .text          0x0000000008004b30       0xec ../Graphics_bsp/\libhal_bsp.a(altera_avalon_jtag_uart_ioctl.o)
                0x0000000008004b30                altera_avalon_jtag_uart_ioctl
 .text          0x0000000008004c1c      0x20c ../Graphics_bsp/\libhal_bsp.a(altera_avalon_jtag_uart_read.o)
                0x0000000008004c1c                altera_avalon_jtag_uart_read
 .text          0x0000000008004e28      0x218 ../Graphics_bsp/\libhal_bsp.a(altera_avalon_jtag_uart_write.o)
                0x0000000008004e28                altera_avalon_jtag_uart_write
 .text          0x0000000008005040       0xfc ../Graphics_bsp/\libhal_bsp.a(altera_avalon_timer_sc.o)
                0x00000000080050b4                alt_avalon_timer_sc_init
 .text          0x000000000800513c      0x4d8 ../Graphics_bsp/\libhal_bsp.a(altera_up_avalon_character_lcd.o)
                0x000000000800513c                get_DDRAM_addr
                0x00000000080051b0                alt_up_character_lcd_send_cmd
                0x00000000080051ec                alt_up_character_lcd_init
                0x0000000008005220                alt_up_character_lcd_open_dev
                0x0000000008005260                alt_up_character_lcd_write
                0x00000000080052d8                alt_up_character_lcd_string
                0x000000000800534c                alt_up_character_lcd_write_fd
                0x000000000800539c                alt_up_character_lcd_set_cursor_pos
                0x0000000008005410                alt_up_character_lcd_shift_cursor
                0x0000000008005498                alt_up_character_lcd_shift_display
                0x0000000008005520                alt_up_character_lcd_erase_pos
                0x00000000080055ac                alt_up_character_lcd_cursor_off
                0x00000000080055e0                alt_up_character_lcd_cursor_blink_on
 .text          0x0000000008005614      0x140 ../Graphics_bsp/\libhal_bsp.a(alt_alarm_start.o)
                0x0000000008005614                alt_alarm_start
 .text          0x0000000008005754       0x1c ../Graphics_bsp/\libhal_bsp.a(alt_dcache_flush_all.o)
                0x0000000008005754                alt_dcache_flush_all
 .text          0x0000000008005770       0xf4 ../Graphics_bsp/\libhal_bsp.a(alt_dev_llist_insert.o)
                0x00000000080057c0                alt_dev_llist_insert
 .text          0x0000000008005864       0x5c ../Graphics_bsp/\libhal_bsp.a(alt_do_ctors.o)
                0x0000000008005864                _do_ctors
 .text          0x00000000080058c0       0x5c ../Graphics_bsp/\libhal_bsp.a(alt_do_dtors.o)
                0x00000000080058c0                _do_dtors
 .text          0x000000000800591c       0x90 ../Graphics_bsp/\libhal_bsp.a(alt_find_dev.o)
                0x000000000800591c                alt_find_dev
 .text          0x00000000080059ac       0x30 ../Graphics_bsp/\libhal_bsp.a(alt_icache_flush_all.o)
                0x00000000080059ac                alt_icache_flush_all
 .text          0x00000000080059dc      0x1e0 ../Graphics_bsp/\libhal_bsp.a(alt_iic.o)
                0x00000000080059dc                alt_ic_isr_register
                0x0000000008005a2c                alt_ic_irq_enable
                0x0000000008005acc                alt_ic_irq_disable
                0x0000000008005b70                alt_ic_irq_enabled
 .text          0x0000000008005bbc       0xf0 ../Graphics_bsp/\libhal_bsp.a(alt_iic_isr_register.o)
                0x0000000008005bbc                alt_iic_isr_register
 .text          0x0000000008005cac      0x138 ../Graphics_bsp/\libhal_bsp.a(alt_io_redirect.o)
                0x0000000008005d6c                alt_io_redirect
 .text          0x0000000008005de4        0x0 ../Graphics_bsp/\libhal_bsp.a(alt_irq_entry.o)
 .text          0x0000000008005de4        0x0 ../Graphics_bsp/\libhal_bsp.a(alt_irq_handler.o)
 .text          0x0000000008005de4        0x0 ../Graphics_bsp/\libhal_bsp.a(alt_irq_vars.o)
 .text          0x0000000008005de4      0x274 ../Graphics_bsp/\libhal_bsp.a(alt_open.o)
                0x0000000008005f00                open
 .text          0x0000000008006058      0x19c ../Graphics_bsp/\libhal_bsp.a(alt_tick.o)
                0x0000000008006058                alt_alarm_stop
                0x00000000080060f0                alt_tick
 .text          0x00000000080061f4       0x20 ../Graphics_bsp/\libhal_bsp.a(altera_nios2_qsys_irq.o)
                0x00000000080061f4                altera_nios2_qsys_irq_init
 .text          0x0000000008006214        0x0 ../Graphics_bsp/\libhal_bsp.a(alt_exception_entry.o)
 .text          0x0000000008006214      0x114 ../Graphics_bsp/\libhal_bsp.a(alt_find_file.o)
                0x0000000008006214                alt_find_file
 .text          0x0000000008006328       0xb4 ../Graphics_bsp/\libhal_bsp.a(alt_get_fd.o)
                0x0000000008006328                alt_get_fd
 .text          0x00000000080063dc       0x8c ../Graphics_bsp/\libhal_bsp.a(alt_icache_flush.o)
                0x00000000080063dc                alt_icache_flush
 .text          0x0000000008006468       0x14 d:/quartus15/nios2eds/bin/gnu/h-x86_64-mingw32/bin/../lib/gcc/nios2-elf/4.9.1/../../../../../H-x86_64-mingw32/nios2-elf/lib\libc.a(lib_a-atexit.o)
                0x0000000008006468                atexit
 .text          0x000000000800647c       0x38 d:/quartus15/nios2eds/bin/gnu/h-x86_64-mingw32/bin/../lib/gcc/nios2-elf/4.9.1/../../../../../H-x86_64-mingw32/nios2-elf/lib\libc.a(lib_a-exit.o)
                0x000000000800647c                exit
 .text          0x00000000080064b4       0x7c d:/quartus15/nios2eds/bin/gnu/h-x86_64-mingw32/bin/../lib/gcc/nios2-elf/4.9.1/../../../../../H-x86_64-mingw32/nios2-elf/lib\libc.a(lib_a-memcmp.o)
                0x00000000080064b4                memcmp
 .text          0x0000000008006530      0x114 d:/quartus15/nios2eds/bin/gnu/h-x86_64-mingw32/bin/../lib/gcc/nios2-elf/4.9.1/../../../../../H-x86_64-mingw32/nios2-elf/lib\libc.a(lib_a-__atexit.o)
                0x0000000008006530                __register_exitproc
 .text          0x0000000008006644      0x194 d:/quartus15/nios2eds/bin/gnu/h-x86_64-mingw32/bin/../lib/gcc/nios2-elf/4.9.1/../../../../../H-x86_64-mingw32/nios2-elf/lib\libc.a(lib_a-__call_atexit.o)
                0x0000000008006644                __call_exitprocs
 .text          0x00000000080067d8       0x34 ../Graphics_bsp/\libhal_bsp.a(alt_exit.o)
                0x00000000080067d8                _exit
 *(.gnu.warning.*)
 *(.fini)
                0x000000000800680c                PROVIDE (__etext, ABSOLUTE (.))
                0x000000000800680c                PROVIDE (_etext, ABSOLUTE (.))
                0x000000000800680c                PROVIDE (etext, ABSOLUTE (.))
 *(.eh_frame_hdr)
                0x000000000800680c                . = ALIGN (0x4)
                0x000000000800680c                PROVIDE (__preinit_array_start, ABSOLUTE (.))
 *(.preinit_array)
                0x000000000800680c                PROVIDE (__preinit_array_end, ABSOLUTE (.))
                0x000000000800680c                PROVIDE (__init_array_start, ABSOLUTE (.))
 *(.init_array)
                0x000000000800680c                PROVIDE (__init_array_end, ABSOLUTE (.))
                0x000000000800680c                PROVIDE (__fini_array_start, ABSOLUTE (.))
 *(.fini_array)
                0x000000000800680c                PROVIDE (__fini_array_end, ABSOLUTE (.))
 *(.eh_frame)
 *(.gcc_except_table .gcc_except_table.*)
 *(.dynamic)
                0x000000000800680c                PROVIDE (__CTOR_LIST__, ABSOLUTE (.))
 *(.ctors)
 *(SORT(.ctors.*))
                0x000000000800680c                PROVIDE (__CTOR_END__, ABSOLUTE (.))
                0x000000000800680c                PROVIDE (__DTOR_LIST__, ABSOLUTE (.))
 *(.dtors)
 *(SORT(.dtors.*))
                0x000000000800680c                PROVIDE (__DTOR_END__, ABSOLUTE (.))
 *(.jcr)
                0x000000000800680c                . = ALIGN (0x4)

.rodata         0x000000000800680c     0xa98c
                0x000000000800680c                PROVIDE (__ram_rodata_start, ABSOLUTE (.))
                0x000000000800680c                . = ALIGN (0x4)
 *(.rodata .rodata.* .gnu.linkonce.r.*)
 .rodata        0x000000000800680c      0x400 obj/default/ColourPallette.o
                0x000000000800680c                ColourPalletteData
 .rodata        0x0000000008006c0c       0x14 obj/default/DemoGraphicsRoutines.o
 .rodata        0x0000000008006c20     0xa524 obj/default/Fonts.o
                0x0000000008006c20                Font5x7
                0x0000000008006eba                Font10x14
                0x000000000800791e                Font16x27
                0x0000000008008d28                Font22x40
                0x000000000800b9b0                Font38x59
 .rodata.str1.4
                0x0000000008011144        0x2 d:/quartus15/nios2eds/bin/gnu/h-x86_64-mingw32/bin/../lib/gcc/nios2-elf/4.9.1/../../../../../H-x86_64-mingw32/nios2-elf/lib\libc.a(lib_a-puts.o)
                                          0x4 (size before relaxing)
 *fill*         0x0000000008011146        0x2 
 .rodata.str1.4
                0x0000000008011148        0x4 d:/quartus15/nios2eds/bin/gnu/h-x86_64-mingw32/bin/../lib/gcc/nios2-elf/4.9.1/../../../../../H-x86_64-mingw32/nios2-elf/lib\libc.a(lib_a-impure.o)
 .rodata        0x000000000801114c        0xc ../Graphics_bsp/\libhal_bsp.a(alt_dev.o)
 .rodata        0x0000000008011158       0x14 ../Graphics_bsp/\libhal_bsp.a(alt_main.o)
 .rodata        0x000000000801116c       0x2c ../Graphics_bsp/\libhal_bsp.a(alt_sys_init.o)
 *(.rodata1)
                0x0000000008011198                . = ALIGN (0x4)
                0x0000000008011198                PROVIDE (__ram_rodata_end, ABSOLUTE (.))
                0x000000000800680c                PROVIDE (__flash_rodata_start, LOADADDR (.rodata))

.rwdata         0x0000000008011198     0x1a9c load address 0x0000000008012c34
                0x0000000008011198                PROVIDE (__ram_rwdata_start, ABSOLUTE (.))
                0x0000000008011198                . = ALIGN (0x4)
 *(.got.plt)
 *(.got)
 *(.data1)
 *(.data .data.* .gnu.linkonce.d.*)
 .data          0x0000000008011198        0x0 ../Graphics_bsp//obj/HAL/src/crt0.o
 .data          0x0000000008011198        0x0 obj/default/Bresenhams_Line_Drawing_Algorithm.o
 .data          0x0000000008011198        0x0 obj/default/ColourPallette.o
 .data          0x0000000008011198        0x0 obj/default/DemoGraphicsRoutines.o
 .data          0x0000000008011198        0x0 obj/default/Fill.o
 .data          0x0000000008011198        0x0 obj/default/Fonts.o
 .data          0x0000000008011198        0x0 obj/default/OutGraphicsCharFont1.o
 .data          0x0000000008011198        0x0 obj/default/OutGraphicsCharFont2.o
 .data          0x0000000008011198        0x0 d:/quartus15/nios2eds/bin/gnu/h-x86_64-mingw32/bin/../lib/gcc/nios2-elf/4.9.1/../../../../../H-x86_64-mingw32/nios2-elf/lib\libc.a(lib_a-puts.o)
 .data          0x0000000008011198        0x0 d:/quartus15/nios2eds/bin/gnu/h-x86_64-mingw32/bin/../lib/gcc/nios2-elf/4.9.1/../../../../../H-x86_64-mingw32/nios2-elf/lib\libc.a(lib_a-strlen.o)
 .data          0x0000000008011198        0x0 d:/quartus15/nios2eds/bin/gnu/h-x86_64-mingw32/bin/../lib/gcc/nios2-elf/4.9.1/../../../../../H-x86_64-mingw32/nios2-elf/lib\libc.a(lib_a-fvwrite.o)
 .data          0x0000000008011198      0x424 d:/quartus15/nios2eds/bin/gnu/h-x86_64-mingw32/bin/../lib/gcc/nios2-elf/4.9.1/../../../../../H-x86_64-mingw32/nios2-elf/lib\libc.a(lib_a-impure.o)
 .data          0x00000000080115bc      0x408 d:/quartus15/nios2eds/bin/gnu/h-x86_64-mingw32/bin/../lib/gcc/nios2-elf/4.9.1/../../../../../H-x86_64-mingw32/nios2-elf/lib\libc.a(lib_a-mallocr.o)
                0x00000000080115bc                __malloc_av_
 .data          0x00000000080119c4        0x0 d:/quartus15/nios2eds/bin/gnu/h-x86_64-mingw32/bin/../lib/gcc/nios2-elf/4.9.1/../../../../../H-x86_64-mingw32/nios2-elf/lib\libc.a(lib_a-memchr.o)
 .data          0x00000000080119c4        0x0 d:/quartus15/nios2eds/bin/gnu/h-x86_64-mingw32/bin/../lib/gcc/nios2-elf/4.9.1/../../../../../H-x86_64-mingw32/nios2-elf/lib\libc.a(lib_a-memcpy.o)
 .data          0x00000000080119c4        0x0 d:/quartus15/nios2eds/bin/gnu/h-x86_64-mingw32/bin/../lib/gcc/nios2-elf/4.9.1/../../../../../H-x86_64-mingw32/nios2-elf/lib\libc.a(lib_a-memmove.o)
 .data          0x00000000080119c4        0x0 d:/quartus15/nios2eds/bin/gnu/h-x86_64-mingw32/bin/../lib/gcc/nios2-elf/4.9.1/../../../../../H-x86_64-mingw32/nios2-elf/lib\libc.a(lib_a-reallocr.o)
 .data          0x00000000080119c4        0x0 d:/quartus15/nios2eds/bin/gnu/h-x86_64-mingw32/bin/../lib/gcc/nios2-elf/4.9.1/../../../../../H-x86_64-mingw32/nios2-elf/lib\libc.a(lib_a-sbrkr.o)
 .data          0x00000000080119c4        0x0 d:/quartus15/nios2eds/bin/gnu/h-x86_64-mingw32/bin/../lib/gcc/nios2-elf/4.9.1/../../../../../H-x86_64-mingw32/nios2-elf/lib\libc.a(lib_a-wsetup.o)
 .data          0x00000000080119c4        0x0 d:/quartus15/nios2eds/bin/gnu/h-x86_64-mingw32/bin/../lib/gcc/nios2-elf/4.9.1/../../../../../H-x86_64-mingw32/nios2-elf/lib\libc.a(lib_a-fflush.o)
 .data          0x00000000080119c4        0x0 d:/quartus15/nios2eds/bin/gnu/h-x86_64-mingw32/bin/../lib/gcc/nios2-elf/4.9.1/../../../../../H-x86_64-mingw32/nios2-elf/lib\libc.a(lib_a-findfp.o)
 .data          0x00000000080119c4        0x0 d:/quartus15/nios2eds/bin/gnu/h-x86_64-mingw32/bin/../lib/gcc/nios2-elf/4.9.1/../../../../../H-x86_64-mingw32/nios2-elf/lib\libc.a(lib_a-freer.o)
 .data          0x00000000080119c4        0x0 d:/quartus15/nios2eds/bin/gnu/h-x86_64-mingw32/bin/../lib/gcc/nios2-elf/4.9.1/../../../../../H-x86_64-mingw32/nios2-elf/lib\libc.a(lib_a-fwalk.o)
 .data          0x00000000080119c4        0x0 d:/quartus15/nios2eds/bin/gnu/h-x86_64-mingw32/bin/../lib/gcc/nios2-elf/4.9.1/../../../../../H-x86_64-mingw32/nios2-elf/lib\libc.a(lib_a-int_errno.o)
 .data          0x00000000080119c4        0x0 d:/quartus15/nios2eds/bin/gnu/h-x86_64-mingw32/bin/../lib/gcc/nios2-elf/4.9.1/../../../../../H-x86_64-mingw32/nios2-elf/lib\libc.a(lib_a-makebuf.o)
 .data          0x00000000080119c4        0x0 d:/quartus15/nios2eds/bin/gnu/h-x86_64-mingw32/bin/../lib/gcc/nios2-elf/4.9.1/../../../../../H-x86_64-mingw32/nios2-elf/lib\libc.a(lib_a-memset.o)
 .data          0x00000000080119c4        0x0 d:/quartus15/nios2eds/bin/gnu/h-x86_64-mingw32/bin/../lib/gcc/nios2-elf/4.9.1/../../../../../H-x86_64-mingw32/nios2-elf/lib\libc.a(lib_a-stdio.o)
 .data          0x00000000080119c4        0x0 d:/quartus15/nios2eds/bin/gnu/h-x86_64-mingw32/bin/../lib/gcc/nios2-elf/4.9.1/../../../../../H-x86_64-mingw32/nios2-elf/lib\libc.a(lib_a-writer.o)
 .data          0x00000000080119c4        0x0 d:/quartus15/nios2eds/bin/gnu/h-x86_64-mingw32/bin/../lib/gcc/nios2-elf/4.9.1/../../../../../H-x86_64-mingw32/nios2-elf/lib\libc.a(closer.o)
 .data          0x00000000080119c4        0x0 d:/quartus15/nios2eds/bin/gnu/h-x86_64-mingw32/bin/../lib/gcc/nios2-elf/4.9.1/../../../../../H-x86_64-mingw32/nios2-elf/lib\libc.a(lib_a-fclose.o)
 .data          0x00000000080119c4        0x0 d:/quartus15/nios2eds/bin/gnu/h-x86_64-mingw32/bin/../lib/gcc/nios2-elf/4.9.1/../../../../../H-x86_64-mingw32/nios2-elf/lib\libc.a(lib_a-fstatr.o)
 .data          0x00000000080119c4        0x0 d:/quartus15/nios2eds/bin/gnu/h-x86_64-mingw32/bin/../lib/gcc/nios2-elf/4.9.1/../../../../../H-x86_64-mingw32/nios2-elf/lib\libc.a(lib_a-isattyr.o)
 .data          0x00000000080119c4        0x0 d:/quartus15/nios2eds/bin/gnu/h-x86_64-mingw32/bin/../lib/gcc/nios2-elf/4.9.1/../../../../../H-x86_64-mingw32/nios2-elf/lib\libc.a(lib_a-lseekr.o)
 .data          0x00000000080119c4        0x0 d:/quartus15/nios2eds/bin/gnu/h-x86_64-mingw32/bin/../lib/gcc/nios2-elf/4.9.1/../../../../../H-x86_64-mingw32/nios2-elf/lib\libc.a(lib_a-readr.o)
 .data          0x00000000080119c4        0x0 ../Graphics_bsp/\libhal_bsp.a(alt_close.o)
 .data          0x00000000080119c4      0x1a8 ../Graphics_bsp/\libhal_bsp.a(alt_dev.o)
                0x00000000080119c4                alt_dev_null
                0x00000000080119ec                alt_fd_list
 .data          0x0000000008011b6c        0x0 ../Graphics_bsp/\libhal_bsp.a(alt_errno.o)
 .data          0x0000000008011b6c        0x0 ../Graphics_bsp/\libhal_bsp.a(alt_fstat.o)
 .data          0x0000000008011b6c        0x0 ../Graphics_bsp/\libhal_bsp.a(alt_isatty.o)
 .data          0x0000000008011b6c        0x0 ../Graphics_bsp/\libhal_bsp.a(alt_load.o)
 .data          0x0000000008011b6c        0x0 ../Graphics_bsp/\libhal_bsp.a(alt_lseek.o)
 .data          0x0000000008011b6c        0x0 ../Graphics_bsp/\libhal_bsp.a(alt_main.o)
 .data          0x0000000008011b6c        0x0 ../Graphics_bsp/\libhal_bsp.a(alt_malloc_lock.o)
 .data          0x0000000008011b6c        0x0 ../Graphics_bsp/\libhal_bsp.a(alt_read.o)
 .data          0x0000000008011b6c        0x0 ../Graphics_bsp/\libhal_bsp.a(alt_release_fd.o)
 .data          0x0000000008011b6c        0x0 ../Graphics_bsp/\libhal_bsp.a(alt_sbrk.o)
 .data          0x0000000008011b6c        0x0 ../Graphics_bsp/\libhal_bsp.a(alt_write.o)
 .data          0x0000000008011b6c     0x108c ../Graphics_bsp/\libhal_bsp.a(alt_sys_init.o)
 .data          0x0000000008012bf8        0x0 ../Graphics_bsp/\libhal_bsp.a(altera_avalon_jtag_uart_fd.o)
 .data          0x0000000008012bf8        0x0 ../Graphics_bsp/\libhal_bsp.a(altera_avalon_jtag_uart_init.o)
 .data          0x0000000008012bf8        0x0 ../Graphics_bsp/\libhal_bsp.a(altera_avalon_jtag_uart_ioctl.o)
 .data          0x0000000008012bf8        0x0 ../Graphics_bsp/\libhal_bsp.a(altera_avalon_jtag_uart_read.o)
 .data          0x0000000008012bf8        0x0 ../Graphics_bsp/\libhal_bsp.a(altera_avalon_jtag_uart_write.o)
 .data          0x0000000008012bf8        0x0 ../Graphics_bsp/\libhal_bsp.a(altera_avalon_timer_sc.o)
 .data          0x0000000008012bf8        0x0 ../Graphics_bsp/\libhal_bsp.a(altera_up_avalon_character_lcd.o)
 .data          0x0000000008012bf8        0x0 ../Graphics_bsp/\libhal_bsp.a(alt_alarm_start.o)
 .data          0x0000000008012bf8        0x0 ../Graphics_bsp/\libhal_bsp.a(alt_dcache_flush_all.o)
 .data          0x0000000008012bf8        0x0 ../Graphics_bsp/\libhal_bsp.a(alt_dev_llist_insert.o)
 .data          0x0000000008012bf8        0x0 ../Graphics_bsp/\libhal_bsp.a(alt_do_ctors.o)
 .data          0x0000000008012bf8        0x0 ../Graphics_bsp/\libhal_bsp.a(alt_do_dtors.o)
 .data          0x0000000008012bf8        0x0 ../Graphics_bsp/\libhal_bsp.a(alt_find_dev.o)
 .data          0x0000000008012bf8        0x0 ../Graphics_bsp/\libhal_bsp.a(alt_icache_flush_all.o)
 .data          0x0000000008012bf8        0x0 ../Graphics_bsp/\libhal_bsp.a(alt_iic.o)
 .data          0x0000000008012bf8        0x0 ../Graphics_bsp/\libhal_bsp.a(alt_iic_isr_register.o)
 .data          0x0000000008012bf8        0x0 ../Graphics_bsp/\libhal_bsp.a(alt_io_redirect.o)
 .data          0x0000000008012bf8        0x0 ../Graphics_bsp/\libhal_bsp.a(alt_irq_entry.o)
 .data          0x0000000008012bf8        0x0 ../Graphics_bsp/\libhal_bsp.a(alt_irq_handler.o)
 .data          0x0000000008012bf8        0x0 ../Graphics_bsp/\libhal_bsp.a(alt_irq_vars.o)
 .data          0x0000000008012bf8        0x0 ../Graphics_bsp/\libhal_bsp.a(alt_open.o)
 .data          0x0000000008012bf8        0x0 ../Graphics_bsp/\libhal_bsp.a(alt_tick.o)
 .data          0x0000000008012bf8        0x0 ../Graphics_bsp/\libhal_bsp.a(altera_nios2_qsys_irq.o)
 .data          0x0000000008012bf8        0x0 ../Graphics_bsp/\libhal_bsp.a(alt_exception_entry.o)
 .data          0x0000000008012bf8        0x0 ../Graphics_bsp/\libhal_bsp.a(alt_find_file.o)
 .data          0x0000000008012bf8        0x0 ../Graphics_bsp/\libhal_bsp.a(alt_get_fd.o)
 .data          0x0000000008012bf8        0x0 ../Graphics_bsp/\libhal_bsp.a(alt_icache_flush.o)
 .data          0x0000000008012bf8        0x0 d:/quartus15/nios2eds/bin/gnu/h-x86_64-mingw32/bin/../lib/gcc/nios2-elf/4.9.1/../../../../../H-x86_64-mingw32/nios2-elf/lib\libc.a(lib_a-atexit.o)
 .data          0x0000000008012bf8        0x0 d:/quartus15/nios2eds/bin/gnu/h-x86_64-mingw32/bin/../lib/gcc/nios2-elf/4.9.1/../../../../../H-x86_64-mingw32/nios2-elf/lib\libc.a(lib_a-exit.o)
 .data          0x0000000008012bf8        0x0 d:/quartus15/nios2eds/bin/gnu/h-x86_64-mingw32/bin/../lib/gcc/nios2-elf/4.9.1/../../../../../H-x86_64-mingw32/nios2-elf/lib\libc.a(lib_a-memcmp.o)
 .data          0x0000000008012bf8        0x0 d:/quartus15/nios2eds/bin/gnu/h-x86_64-mingw32/bin/../lib/gcc/nios2-elf/4.9.1/../../../../../H-x86_64-mingw32/nios2-elf/lib\libc.a(lib_a-__atexit.o)
 .data          0x0000000008012bf8        0x0 d:/quartus15/nios2eds/bin/gnu/h-x86_64-mingw32/bin/../lib/gcc/nios2-elf/4.9.1/../../../../../H-x86_64-mingw32/nios2-elf/lib\libc.a(lib_a-__call_atexit.o)
 .data          0x0000000008012bf8        0x0 ../Graphics_bsp/\libhal_bsp.a(alt_exit.o)
                0x000000000801abf8                _gp = ABSOLUTE ((. + 0x8000))
                0x000000000801abf8                PROVIDE (gp, _gp)
 *(.rwdata .rwdata.*)
 *(.sdata .sdata.* .gnu.linkonce.s.*)
 .sdata         0x0000000008012bf8        0x4 obj/default/Fill.o
                0x0000000008012bf8                Next
 .sdata         0x0000000008012bfc        0x8 d:/quartus15/nios2eds/bin/gnu/h-x86_64-mingw32/bin/../lib/gcc/nios2-elf/4.9.1/../../../../../H-x86_64-mingw32/nios2-elf/lib\libc.a(lib_a-impure.o)
                0x0000000008012bfc                _global_impure_ptr
                0x0000000008012c00                _impure_ptr
 .sdata         0x0000000008012c04        0x8 d:/quartus15/nios2eds/bin/gnu/h-x86_64-mingw32/bin/../lib/gcc/nios2-elf/4.9.1/../../../../../H-x86_64-mingw32/nios2-elf/lib\libc.a(lib_a-mallocr.o)
                0x0000000008012c04                __malloc_sbrk_base
                0x0000000008012c08                __malloc_trim_threshold
 .sdata         0x0000000008012c0c       0x14 ../Graphics_bsp/\libhal_bsp.a(alt_dev.o)
                0x0000000008012c0c                alt_fs_list
                0x0000000008012c14                alt_dev_list
                0x0000000008012c1c                alt_max_fd
 .sdata         0x0000000008012c20        0x4 ../Graphics_bsp/\libhal_bsp.a(alt_errno.o)
                0x0000000008012c20                alt_errno
 .sdata         0x0000000008012c24        0x4 ../Graphics_bsp/\libhal_bsp.a(alt_sbrk.o)
 .sdata         0x0000000008012c28        0x4 ../Graphics_bsp/\libhal_bsp.a(alt_irq_vars.o)
                0x0000000008012c28                alt_priority_mask
 .sdata         0x0000000008012c2c        0x8 ../Graphics_bsp/\libhal_bsp.a(alt_tick.o)
                0x0000000008012c2c                alt_alarm_list
 *(.sdata2 .sdata2.* .gnu.linkonce.s2.*)
                0x0000000008012c34                . = ALIGN (0x4)
                0x0000000008012c34                _edata = ABSOLUTE (.)
                0x0000000008012c34                PROVIDE (edata, ABSOLUTE (.))
                0x0000000008012c34                PROVIDE (__ram_rwdata_end, ABSOLUTE (.))
                0x0000000008012c34                PROVIDE (__flash_rwdata_start, LOADADDR (.rwdata))

.bss            0x00000000080146d0     0x2090
                0x00000000080146d0                __bss_start = ABSOLUTE (.)
                0x00000000080146d0                PROVIDE (__sbss_start, ABSOLUTE (.))
                0x00000000080146d0                PROVIDE (___sbss_start, ABSOLUTE (.))
 *(.dynsbss)
 *(.sbss .sbss.* .gnu.linkonce.sb.*)
 .sbss          0x00000000080146d0        0xc d:/quartus15/nios2eds/bin/gnu/h-x86_64-mingw32/bin/../lib/gcc/nios2-elf/4.9.1/../../../../../H-x86_64-mingw32/nios2-elf/lib\libc.a(lib_a-mallocr.o)
                0x00000000080146d0                __malloc_max_total_mem
                0x00000000080146d4                __malloc_max_sbrked_mem
                0x00000000080146d8                __malloc_top_pad
 .sbss          0x00000000080146dc        0x4 d:/quartus15/nios2eds/bin/gnu/h-x86_64-mingw32/bin/../lib/gcc/nios2-elf/4.9.1/../../../../../H-x86_64-mingw32/nios2-elf/lib\libc.a(lib_a-int_errno.o)
                0x00000000080146dc                errno
 .sbss          0x00000000080146e0        0xc ../Graphics_bsp/\libhal_bsp.a(alt_main.o)
                0x00000000080146e0                alt_argc
                0x00000000080146e4                alt_argv
                0x00000000080146e8                alt_envp
 .sbss          0x00000000080146ec        0x4 ../Graphics_bsp/\libhal_bsp.a(alt_irq_vars.o)
                0x00000000080146ec                alt_irq_active
 .sbss          0x00000000080146f0        0x8 ../Graphics_bsp/\libhal_bsp.a(alt_tick.o)
                0x00000000080146f0                _alt_tick_rate
                0x00000000080146f4                _alt_nticks
 *(.sbss2 .sbss2.* .gnu.linkonce.sb2.*)
 *(.scommon)
                0x00000000080146f8                PROVIDE (__sbss_end, ABSOLUTE (.))
                0x00000000080146f8                PROVIDE (___sbss_end, ABSOLUTE (.))
 *(.dynbss)
 *(.bss .bss.* .gnu.linkonce.b.*)
 .bss           0x00000000080146f8        0x0 ../Graphics_bsp//obj/HAL/src/crt0.o
 .bss           0x00000000080146f8        0x0 obj/default/Bresenhams_Line_Drawing_Algorithm.o
 .bss           0x00000000080146f8        0x0 obj/default/ColourPallette.o
 .bss           0x00000000080146f8        0x0 obj/default/DemoGraphicsRoutines.o
 .bss           0x00000000080146f8        0x0 obj/default/Fill.o
 .bss           0x00000000080146f8        0x0 obj/default/Fonts.o
 .bss           0x00000000080146f8        0x0 obj/default/OutGraphicsCharFont1.o
 .bss           0x00000000080146f8        0x0 obj/default/OutGraphicsCharFont2.o
 .bss           0x00000000080146f8        0x0 d:/quartus15/nios2eds/bin/gnu/h-x86_64-mingw32/bin/../lib/gcc/nios2-elf/4.9.1/../../../../../H-x86_64-mingw32/nios2-elf/lib\libc.a(lib_a-puts.o)
 .bss           0x00000000080146f8        0x0 d:/quartus15/nios2eds/bin/gnu/h-x86_64-mingw32/bin/../lib/gcc/nios2-elf/4.9.1/../../../../../H-x86_64-mingw32/nios2-elf/lib\libc.a(lib_a-strlen.o)
 .bss           0x00000000080146f8        0x0 d:/quartus15/nios2eds/bin/gnu/h-x86_64-mingw32/bin/../lib/gcc/nios2-elf/4.9.1/../../../../../H-x86_64-mingw32/nios2-elf/lib\libc.a(lib_a-fvwrite.o)
 .bss           0x00000000080146f8        0x0 d:/quartus15/nios2eds/bin/gnu/h-x86_64-mingw32/bin/../lib/gcc/nios2-elf/4.9.1/../../../../../H-x86_64-mingw32/nios2-elf/lib\libc.a(lib_a-impure.o)
 .bss           0x00000000080146f8       0x28 d:/quartus15/nios2eds/bin/gnu/h-x86_64-mingw32/bin/../lib/gcc/nios2-elf/4.9.1/../../../../../H-x86_64-mingw32/nios2-elf/lib\libc.a(lib_a-mallocr.o)
                0x00000000080146f8                __malloc_current_mallinfo
 .bss           0x0000000008014720        0x0 d:/quartus15/nios2eds/bin/gnu/h-x86_64-mingw32/bin/../lib/gcc/nios2-elf/4.9.1/../../../../../H-x86_64-mingw32/nios2-elf/lib\libc.a(lib_a-memchr.o)
 .bss           0x0000000008014720        0x0 d:/quartus15/nios2eds/bin/gnu/h-x86_64-mingw32/bin/../lib/gcc/nios2-elf/4.9.1/../../../../../H-x86_64-mingw32/nios2-elf/lib\libc.a(lib_a-memcpy.o)
 .bss           0x0000000008014720        0x0 d:/quartus15/nios2eds/bin/gnu/h-x86_64-mingw32/bin/../lib/gcc/nios2-elf/4.9.1/../../../../../H-x86_64-mingw32/nios2-elf/lib\libc.a(lib_a-memmove.o)
 .bss           0x0000000008014720        0x0 d:/quartus15/nios2eds/bin/gnu/h-x86_64-mingw32/bin/../lib/gcc/nios2-elf/4.9.1/../../../../../H-x86_64-mingw32/nios2-elf/lib\libc.a(lib_a-reallocr.o)
 .bss           0x0000000008014720        0x0 d:/quartus15/nios2eds/bin/gnu/h-x86_64-mingw32/bin/../lib/gcc/nios2-elf/4.9.1/../../../../../H-x86_64-mingw32/nios2-elf/lib\libc.a(lib_a-sbrkr.o)
 .bss           0x0000000008014720        0x0 d:/quartus15/nios2eds/bin/gnu/h-x86_64-mingw32/bin/../lib/gcc/nios2-elf/4.9.1/../../../../../H-x86_64-mingw32/nios2-elf/lib\libc.a(lib_a-wsetup.o)
 .bss           0x0000000008014720        0x0 d:/quartus15/nios2eds/bin/gnu/h-x86_64-mingw32/bin/../lib/gcc/nios2-elf/4.9.1/../../../../../H-x86_64-mingw32/nios2-elf/lib\libc.a(lib_a-fflush.o)
 .bss           0x0000000008014720        0x0 d:/quartus15/nios2eds/bin/gnu/h-x86_64-mingw32/bin/../lib/gcc/nios2-elf/4.9.1/../../../../../H-x86_64-mingw32/nios2-elf/lib\libc.a(lib_a-findfp.o)
 .bss           0x0000000008014720        0x0 d:/quartus15/nios2eds/bin/gnu/h-x86_64-mingw32/bin/../lib/gcc/nios2-elf/4.9.1/../../../../../H-x86_64-mingw32/nios2-elf/lib\libc.a(lib_a-freer.o)
 .bss           0x0000000008014720        0x0 d:/quartus15/nios2eds/bin/gnu/h-x86_64-mingw32/bin/../lib/gcc/nios2-elf/4.9.1/../../../../../H-x86_64-mingw32/nios2-elf/lib\libc.a(lib_a-fwalk.o)
 .bss           0x0000000008014720        0x0 d:/quartus15/nios2eds/bin/gnu/h-x86_64-mingw32/bin/../lib/gcc/nios2-elf/4.9.1/../../../../../H-x86_64-mingw32/nios2-elf/lib\libc.a(lib_a-int_errno.o)
 .bss           0x0000000008014720        0x0 d:/quartus15/nios2eds/bin/gnu/h-x86_64-mingw32/bin/../lib/gcc/nios2-elf/4.9.1/../../../../../H-x86_64-mingw32/nios2-elf/lib\libc.a(lib_a-makebuf.o)
 .bss           0x0000000008014720        0x0 d:/quartus15/nios2eds/bin/gnu/h-x86_64-mingw32/bin/../lib/gcc/nios2-elf/4.9.1/../../../../../H-x86_64-mingw32/nios2-elf/lib\libc.a(lib_a-memset.o)
 .bss           0x0000000008014720        0x0 d:/quartus15/nios2eds/bin/gnu/h-x86_64-mingw32/bin/../lib/gcc/nios2-elf/4.9.1/../../../../../H-x86_64-mingw32/nios2-elf/lib\libc.a(lib_a-stdio.o)
 .bss           0x0000000008014720        0x0 d:/quartus15/nios2eds/bin/gnu/h-x86_64-mingw32/bin/../lib/gcc/nios2-elf/4.9.1/../../../../../H-x86_64-mingw32/nios2-elf/lib\libc.a(lib_a-writer.o)
 .bss           0x0000000008014720        0x0 d:/quartus15/nios2eds/bin/gnu/h-x86_64-mingw32/bin/../lib/gcc/nios2-elf/4.9.1/../../../../../H-x86_64-mingw32/nios2-elf/lib\libc.a(closer.o)
 .bss           0x0000000008014720        0x0 d:/quartus15/nios2eds/bin/gnu/h-x86_64-mingw32/bin/../lib/gcc/nios2-elf/4.9.1/../../../../../H-x86_64-mingw32/nios2-elf/lib\libc.a(lib_a-fclose.o)
 .bss           0x0000000008014720        0x0 d:/quartus15/nios2eds/bin/gnu/h-x86_64-mingw32/bin/../lib/gcc/nios2-elf/4.9.1/../../../../../H-x86_64-mingw32/nios2-elf/lib\libc.a(lib_a-fstatr.o)
 .bss           0x0000000008014720        0x0 d:/quartus15/nios2eds/bin/gnu/h-x86_64-mingw32/bin/../lib/gcc/nios2-elf/4.9.1/../../../../../H-x86_64-mingw32/nios2-elf/lib\libc.a(lib_a-isattyr.o)
 .bss           0x0000000008014720        0x0 d:/quartus15/nios2eds/bin/gnu/h-x86_64-mingw32/bin/../lib/gcc/nios2-elf/4.9.1/../../../../../H-x86_64-mingw32/nios2-elf/lib\libc.a(lib_a-lseekr.o)
 .bss           0x0000000008014720        0x0 d:/quartus15/nios2eds/bin/gnu/h-x86_64-mingw32/bin/../lib/gcc/nios2-elf/4.9.1/../../../../../H-x86_64-mingw32/nios2-elf/lib\libc.a(lib_a-readr.o)
 .bss           0x0000000008014720        0x0 ../Graphics_bsp/\libhal_bsp.a(alt_close.o)
 .bss           0x0000000008014720        0x0 ../Graphics_bsp/\libhal_bsp.a(alt_dev.o)
 .bss           0x0000000008014720        0x0 ../Graphics_bsp/\libhal_bsp.a(alt_errno.o)
 .bss           0x0000000008014720        0x0 ../Graphics_bsp/\libhal_bsp.a(alt_fstat.o)
 .bss           0x0000000008014720        0x0 ../Graphics_bsp/\libhal_bsp.a(alt_isatty.o)
 .bss           0x0000000008014720        0x0 ../Graphics_bsp/\libhal_bsp.a(alt_load.o)
 .bss           0x0000000008014720        0x0 ../Graphics_bsp/\libhal_bsp.a(alt_lseek.o)
 .bss           0x0000000008014720        0x0 ../Graphics_bsp/\libhal_bsp.a(alt_main.o)
 .bss           0x0000000008014720        0x0 ../Graphics_bsp/\libhal_bsp.a(alt_malloc_lock.o)
 .bss           0x0000000008014720        0x0 ../Graphics_bsp/\libhal_bsp.a(alt_read.o)
 .bss           0x0000000008014720        0x0 ../Graphics_bsp/\libhal_bsp.a(alt_release_fd.o)
 .bss           0x0000000008014720        0x0 ../Graphics_bsp/\libhal_bsp.a(alt_sbrk.o)
 .bss           0x0000000008014720        0x0 ../Graphics_bsp/\libhal_bsp.a(alt_write.o)
 .bss           0x0000000008014720        0x0 ../Graphics_bsp/\libhal_bsp.a(alt_sys_init.o)
 .bss           0x0000000008014720        0x0 ../Graphics_bsp/\libhal_bsp.a(altera_avalon_jtag_uart_fd.o)
 .bss           0x0000000008014720        0x0 ../Graphics_bsp/\libhal_bsp.a(altera_avalon_jtag_uart_init.o)
 .bss           0x0000000008014720        0x0 ../Graphics_bsp/\libhal_bsp.a(altera_avalon_jtag_uart_ioctl.o)
 .bss           0x0000000008014720        0x0 ../Graphics_bsp/\libhal_bsp.a(altera_avalon_jtag_uart_read.o)
 .bss           0x0000000008014720        0x0 ../Graphics_bsp/\libhal_bsp.a(altera_avalon_jtag_uart_write.o)
 .bss           0x0000000008014720        0x0 ../Graphics_bsp/\libhal_bsp.a(altera_avalon_timer_sc.o)
 .bss           0x0000000008014720        0x0 ../Graphics_bsp/\libhal_bsp.a(altera_up_avalon_character_lcd.o)
 .bss           0x0000000008014720        0x0 ../Graphics_bsp/\libhal_bsp.a(alt_alarm_start.o)
 .bss           0x0000000008014720        0x0 ../Graphics_bsp/\libhal_bsp.a(alt_dcache_flush_all.o)
 .bss           0x0000000008014720        0x0 ../Graphics_bsp/\libhal_bsp.a(alt_dev_llist_insert.o)
 .bss           0x0000000008014720        0x0 ../Graphics_bsp/\libhal_bsp.a(alt_do_ctors.o)
 .bss           0x0000000008014720        0x0 ../Graphics_bsp/\libhal_bsp.a(alt_do_dtors.o)
 .bss           0x0000000008014720        0x0 ../Graphics_bsp/\libhal_bsp.a(alt_find_dev.o)
 .bss           0x0000000008014720        0x0 ../Graphics_bsp/\libhal_bsp.a(alt_icache_flush_all.o)
 .bss           0x0000000008014720        0x0 ../Graphics_bsp/\libhal_bsp.a(alt_iic.o)
 .bss           0x0000000008014720        0x0 ../Graphics_bsp/\libhal_bsp.a(alt_iic_isr_register.o)
 .bss           0x0000000008014720        0x0 ../Graphics_bsp/\libhal_bsp.a(alt_io_redirect.o)
 .bss           0x0000000008014720        0x0 ../Graphics_bsp/\libhal_bsp.a(alt_irq_entry.o)
 .bss           0x0000000008014720        0x0 ../Graphics_bsp/\libhal_bsp.a(alt_irq_handler.o)
 .bss           0x0000000008014720        0x0 ../Graphics_bsp/\libhal_bsp.a(alt_irq_vars.o)
 .bss           0x0000000008014720        0x0 ../Graphics_bsp/\libhal_bsp.a(alt_open.o)
 .bss           0x0000000008014720        0x0 ../Graphics_bsp/\libhal_bsp.a(alt_tick.o)
 .bss           0x0000000008014720        0x0 ../Graphics_bsp/\libhal_bsp.a(altera_nios2_qsys_irq.o)
 .bss           0x0000000008014720        0x0 ../Graphics_bsp/\libhal_bsp.a(alt_exception_entry.o)
 .bss           0x0000000008014720        0x0 ../Graphics_bsp/\libhal_bsp.a(alt_find_file.o)
 .bss           0x0000000008014720        0x0 ../Graphics_bsp/\libhal_bsp.a(alt_get_fd.o)
 .bss           0x0000000008014720        0x0 ../Graphics_bsp/\libhal_bsp.a(alt_icache_flush.o)
 .bss           0x0000000008014720        0x0 d:/quartus15/nios2eds/bin/gnu/h-x86_64-mingw32/bin/../lib/gcc/nios2-elf/4.9.1/../../../../../H-x86_64-mingw32/nios2-elf/lib\libc.a(lib_a-atexit.o)
 .bss           0x0000000008014720        0x0 d:/quartus15/nios2eds/bin/gnu/h-x86_64-mingw32/bin/../lib/gcc/nios2-elf/4.9.1/../../../../../H-x86_64-mingw32/nios2-elf/lib\libc.a(lib_a-exit.o)
 .bss           0x0000000008014720        0x0 d:/quartus15/nios2eds/bin/gnu/h-x86_64-mingw32/bin/../lib/gcc/nios2-elf/4.9.1/../../../../../H-x86_64-mingw32/nios2-elf/lib\libc.a(lib_a-memcmp.o)
 .bss           0x0000000008014720        0x0 d:/quartus15/nios2eds/bin/gnu/h-x86_64-mingw32/bin/../lib/gcc/nios2-elf/4.9.1/../../../../../H-x86_64-mingw32/nios2-elf/lib\libc.a(lib_a-__atexit.o)
 .bss           0x0000000008014720        0x0 d:/quartus15/nios2eds/bin/gnu/h-x86_64-mingw32/bin/../lib/gcc/nios2-elf/4.9.1/../../../../../H-x86_64-mingw32/nios2-elf/lib\libc.a(lib_a-__call_atexit.o)
 .bss           0x0000000008014720        0x0 ../Graphics_bsp/\libhal_bsp.a(alt_exit.o)
 *(COMMON)
 COMMON         0x0000000008014720     0x1f40 obj/default/Fill.o
                0x0000000008014720                XYStack
 COMMON         0x0000000008016660      0x100 ../Graphics_bsp/\libhal_bsp.a(alt_irq_handler.o)
                0x0000000008016660                alt_irq
                0x0000000008016760                . = ALIGN (0x4)
                0x0000000008016760                __bss_end = ABSOLUTE (.)

.sdram          0x0000000008016760        0x0
                0x0000000008016760                PROVIDE (_alt_partition_sdram_start, ABSOLUTE (.))
 *(.sdram .sdram. sdram.*)
                0x0000000008016760                . = ALIGN (0x4)
                0x0000000008016760                PROVIDE (_alt_partition_sdram_end, ABSOLUTE (.))
                0x0000000008016760                _end = ABSOLUTE (.)
                0x0000000008016760                end = ABSOLUTE (.)
                0x0000000008016760                __alt_stack_base = ABSOLUTE (.)
                0x0000000008016760                PROVIDE (_alt_partition_sdram_load_addr, LOADADDR (.sdram))

.stab
 *(.stab)

.stabstr
 *(.stabstr)

.stab.excl
 *(.stab.excl)

.stab.exclstr
 *(.stab.exclstr)

.stab.index
 *(.stab.index)

.stab.indexstr
 *(.stab.indexstr)

.comment        0x0000000000000000       0x23
 *(.comment)
 .comment       0x0000000000000000       0x23 obj/default/Bresenhams_Line_Drawing_Algorithm.o
                                         0x24 (size before relaxing)
 .comment       0x0000000000000000       0x24 obj/default/ColourPallette.o
 .comment       0x0000000000000000       0x24 obj/default/DemoGraphicsRoutines.o
 .comment       0x0000000000000000       0x24 obj/default/Fill.o
 .comment       0x0000000000000000       0x24 obj/default/Fonts.o
 .comment       0x0000000000000000       0x24 obj/default/OutGraphicsCharFont1.o
 .comment       0x0000000000000000       0x24 obj/default/OutGraphicsCharFont2.o
 .comment       0x0000000000000000       0x24 d:/quartus15/nios2eds/bin/gnu/h-x86_64-mingw32/bin/../lib/gcc/nios2-elf/4.9.1/../../../../../H-x86_64-mingw32/nios2-elf/lib\libc.a(lib_a-puts.o)
 .comment       0x0000000000000000       0x24 d:/quartus15/nios2eds/bin/gnu/h-x86_64-mingw32/bin/../lib/gcc/nios2-elf/4.9.1/../../../../../H-x86_64-mingw32/nios2-elf/lib\libc.a(lib_a-strlen.o)
 .comment       0x0000000000000000       0x24 d:/quartus15/nios2eds/bin/gnu/h-x86_64-mingw32/bin/../lib/gcc/nios2-elf/4.9.1/../../../../../H-x86_64-mingw32/nios2-elf/lib\libc.a(lib_a-fvwrite.o)
 .comment       0x0000000000000000       0x24 d:/quartus15/nios2eds/bin/gnu/h-x86_64-mingw32/bin/../lib/gcc/nios2-elf/4.9.1/../../../../../H-x86_64-mingw32/nios2-elf/lib\libc.a(lib_a-impure.o)
 .comment       0x0000000000000000       0x24 d:/quartus15/nios2eds/bin/gnu/h-x86_64-mingw32/bin/../lib/gcc/nios2-elf/4.9.1/../../../../../H-x86_64-mingw32/nios2-elf/lib\libc.a(lib_a-mallocr.o)
 .comment       0x0000000000000000       0x24 d:/quartus15/nios2eds/bin/gnu/h-x86_64-mingw32/bin/../lib/gcc/nios2-elf/4.9.1/../../../../../H-x86_64-mingw32/nios2-elf/lib\libc.a(lib_a-memchr.o)
 .comment       0x0000000000000000       0x24 d:/quartus15/nios2eds/bin/gnu/h-x86_64-mingw32/bin/../lib/gcc/nios2-elf/4.9.1/../../../../../H-x86_64-mingw32/nios2-elf/lib\libc.a(lib_a-memcpy.o)
 .comment       0x0000000000000000       0x24 d:/quartus15/nios2eds/bin/gnu/h-x86_64-mingw32/bin/../lib/gcc/nios2-elf/4.9.1/../../../../../H-x86_64-mingw32/nios2-elf/lib\libc.a(lib_a-memmove.o)
 .comment       0x0000000000000000       0x24 d:/quartus15/nios2eds/bin/gnu/h-x86_64-mingw32/bin/../lib/gcc/nios2-elf/4.9.1/../../../../../H-x86_64-mingw32/nios2-elf/lib\libc.a(lib_a-reallocr.o)
 .comment       0x0000000000000000       0x24 d:/quartus15/nios2eds/bin/gnu/h-x86_64-mingw32/bin/../lib/gcc/nios2-elf/4.9.1/../../../../../H-x86_64-mingw32/nios2-elf/lib\libc.a(lib_a-sbrkr.o)
 .comment       0x0000000000000000       0x24 d:/quartus15/nios2eds/bin/gnu/h-x86_64-mingw32/bin/../lib/gcc/nios2-elf/4.9.1/../../../../../H-x86_64-mingw32/nios2-elf/lib\libc.a(lib_a-wsetup.o)
 .comment       0x0000000000000000       0x24 d:/quartus15/nios2eds/bin/gnu/h-x86_64-mingw32/bin/../lib/gcc/nios2-elf/4.9.1/../../../../../H-x86_64-mingw32/nios2-elf/lib\libc.a(lib_a-fflush.o)
 .comment       0x0000000000000000       0x24 d:/quartus15/nios2eds/bin/gnu/h-x86_64-mingw32/bin/../lib/gcc/nios2-elf/4.9.1/../../../../../H-x86_64-mingw32/nios2-elf/lib\libc.a(lib_a-findfp.o)
 .comment       0x0000000000000000       0x24 d:/quartus15/nios2eds/bin/gnu/h-x86_64-mingw32/bin/../lib/gcc/nios2-elf/4.9.1/../../../../../H-x86_64-mingw32/nios2-elf/lib\libc.a(lib_a-freer.o)
 .comment       0x0000000000000000       0x24 d:/quartus15/nios2eds/bin/gnu/h-x86_64-mingw32/bin/../lib/gcc/nios2-elf/4.9.1/../../../../../H-x86_64-mingw32/nios2-elf/lib\libc.a(lib_a-fwalk.o)
 .comment       0x0000000000000000       0x24 d:/quartus15/nios2eds/bin/gnu/h-x86_64-mingw32/bin/../lib/gcc/nios2-elf/4.9.1/../../../../../H-x86_64-mingw32/nios2-elf/lib\libc.a(lib_a-int_errno.o)
 .comment       0x0000000000000000       0x24 d:/quartus15/nios2eds/bin/gnu/h-x86_64-mingw32/bin/../lib/gcc/nios2-elf/4.9.1/../../../../../H-x86_64-mingw32/nios2-elf/lib\libc.a(lib_a-makebuf.o)
 .comment       0x0000000000000000       0x24 d:/quartus15/nios2eds/bin/gnu/h-x86_64-mingw32/bin/../lib/gcc/nios2-elf/4.9.1/../../../../../H-x86_64-mingw32/nios2-elf/lib\libc.a(lib_a-memset.o)
 .comment       0x0000000000000000       0x24 d:/quartus15/nios2eds/bin/gnu/h-x86_64-mingw32/bin/../lib/gcc/nios2-elf/4.9.1/../../../../../H-x86_64-mingw32/nios2-elf/lib\libc.a(lib_a-stdio.o)
 .comment       0x0000000000000000       0x24 d:/quartus15/nios2eds/bin/gnu/h-x86_64-mingw32/bin/../lib/gcc/nios2-elf/4.9.1/../../../../../H-x86_64-mingw32/nios2-elf/lib\libc.a(lib_a-writer.o)
 .comment       0x0000000000000000       0x24 d:/quartus15/nios2eds/bin/gnu/h-x86_64-mingw32/bin/../lib/gcc/nios2-elf/4.9.1/../../../../../H-x86_64-mingw32/nios2-elf/lib\libc.a(closer.o)
 .comment       0x0000000000000000       0x24 d:/quartus15/nios2eds/bin/gnu/h-x86_64-mingw32/bin/../lib/gcc/nios2-elf/4.9.1/../../../../../H-x86_64-mingw32/nios2-elf/lib\libc.a(lib_a-fclose.o)
 .comment       0x0000000000000000       0x24 d:/quartus15/nios2eds/bin/gnu/h-x86_64-mingw32/bin/../lib/gcc/nios2-elf/4.9.1/../../../../../H-x86_64-mingw32/nios2-elf/lib\libc.a(lib_a-fstatr.o)
 .comment       0x0000000000000000       0x24 d:/quartus15/nios2eds/bin/gnu/h-x86_64-mingw32/bin/../lib/gcc/nios2-elf/4.9.1/../../../../../H-x86_64-mingw32/nios2-elf/lib\libc.a(lib_a-isattyr.o)
 .comment       0x0000000000000000       0x24 d:/quartus15/nios2eds/bin/gnu/h-x86_64-mingw32/bin/../lib/gcc/nios2-elf/4.9.1/../../../../../H-x86_64-mingw32/nios2-elf/lib\libc.a(lib_a-lseekr.o)
 .comment       0x0000000000000000       0x24 d:/quartus15/nios2eds/bin/gnu/h-x86_64-mingw32/bin/../lib/gcc/nios2-elf/4.9.1/../../../../../H-x86_64-mingw32/nios2-elf/lib\libc.a(lib_a-readr.o)
 .comment       0x0000000000000000       0x24 ../Graphics_bsp/\libhal_bsp.a(alt_close.o)
 .comment       0x0000000000000000       0x24 ../Graphics_bsp/\libhal_bsp.a(alt_dev.o)
 .comment       0x0000000000000000       0x24 ../Graphics_bsp/\libhal_bsp.a(alt_errno.o)
 .comment       0x0000000000000000       0x24 ../Graphics_bsp/\libhal_bsp.a(alt_fstat.o)
 .comment       0x0000000000000000       0x24 ../Graphics_bsp/\libhal_bsp.a(alt_isatty.o)
 .comment       0x0000000000000000       0x24 ../Graphics_bsp/\libhal_bsp.a(alt_load.o)
 .comment       0x0000000000000000       0x24 ../Graphics_bsp/\libhal_bsp.a(alt_lseek.o)
 .comment       0x0000000000000000       0x24 ../Graphics_bsp/\libhal_bsp.a(alt_main.o)
 .comment       0x0000000000000000       0x24 ../Graphics_bsp/\libhal_bsp.a(alt_malloc_lock.o)
 .comment       0x0000000000000000       0x24 ../Graphics_bsp/\libhal_bsp.a(alt_read.o)
 .comment       0x0000000000000000       0x24 ../Graphics_bsp/\libhal_bsp.a(alt_release_fd.o)
 .comment       0x0000000000000000       0x24 ../Graphics_bsp/\libhal_bsp.a(alt_sbrk.o)
 .comment       0x0000000000000000       0x24 ../Graphics_bsp/\libhal_bsp.a(alt_write.o)
 .comment       0x0000000000000000       0x24 ../Graphics_bsp/\libhal_bsp.a(alt_sys_init.o)
 .comment       0x0000000000000000       0x24 ../Graphics_bsp/\libhal_bsp.a(altera_avalon_jtag_uart_fd.o)
 .comment       0x0000000000000000       0x24 ../Graphics_bsp/\libhal_bsp.a(altera_avalon_jtag_uart_init.o)
 .comment       0x0000000000000000       0x24 ../Graphics_bsp/\libhal_bsp.a(altera_avalon_jtag_uart_ioctl.o)
 .comment       0x0000000000000000       0x24 ../Graphics_bsp/\libhal_bsp.a(altera_avalon_jtag_uart_read.o)
 .comment       0x0000000000000000       0x24 ../Graphics_bsp/\libhal_bsp.a(altera_avalon_jtag_uart_write.o)
 .comment       0x0000000000000000       0x24 ../Graphics_bsp/\libhal_bsp.a(altera_avalon_timer_sc.o)
 .comment       0x0000000000000000       0x24 ../Graphics_bsp/\libhal_bsp.a(altera_up_avalon_character_lcd.o)
 .comment       0x0000000000000000       0x24 ../Graphics_bsp/\libhal_bsp.a(alt_alarm_start.o)
 .comment       0x0000000000000000       0x24 ../Graphics_bsp/\libhal_bsp.a(alt_dcache_flush_all.o)
 .comment       0x0000000000000000       0x24 ../Graphics_bsp/\libhal_bsp.a(alt_dev_llist_insert.o)
 .comment       0x0000000000000000       0x24 ../Graphics_bsp/\libhal_bsp.a(alt_do_ctors.o)
 .comment       0x0000000000000000       0x24 ../Graphics_bsp/\libhal_bsp.a(alt_do_dtors.o)
 .comment       0x0000000000000000       0x24 ../Graphics_bsp/\libhal_bsp.a(alt_find_dev.o)
 .comment       0x0000000000000000       0x24 ../Graphics_bsp/\libhal_bsp.a(alt_icache_flush_all.o)
 .comment       0x0000000000000000       0x24 ../Graphics_bsp/\libhal_bsp.a(alt_iic.o)
 .comment       0x0000000000000000       0x24 ../Graphics_bsp/\libhal_bsp.a(alt_iic_isr_register.o)
 .comment       0x0000000000000000       0x24 ../Graphics_bsp/\libhal_bsp.a(alt_io_redirect.o)
 .comment       0x0000000000000000       0x24 ../Graphics_bsp/\libhal_bsp.a(alt_irq_handler.o)
 .comment       0x0000000000000000       0x24 ../Graphics_bsp/\libhal_bsp.a(alt_irq_vars.o)
 .comment       0x0000000000000000       0x24 ../Graphics_bsp/\libhal_bsp.a(alt_open.o)
 .comment       0x0000000000000000       0x24 ../Graphics_bsp/\libhal_bsp.a(alt_tick.o)
 .comment       0x0000000000000000       0x24 ../Graphics_bsp/\libhal_bsp.a(altera_nios2_qsys_irq.o)
 .comment       0x0000000000000000       0x24 ../Graphics_bsp/\libhal_bsp.a(alt_find_file.o)
 .comment       0x0000000000000000       0x24 ../Graphics_bsp/\libhal_bsp.a(alt_get_fd.o)
 .comment       0x0000000000000000       0x24 ../Graphics_bsp/\libhal_bsp.a(alt_icache_flush.o)
 .comment       0x0000000000000000       0x24 d:/quartus15/nios2eds/bin/gnu/h-x86_64-mingw32/bin/../lib/gcc/nios2-elf/4.9.1/../../../../../H-x86_64-mingw32/nios2-elf/lib\libc.a(lib_a-atexit.o)
 .comment       0x0000000000000000       0x24 d:/quartus15/nios2eds/bin/gnu/h-x86_64-mingw32/bin/../lib/gcc/nios2-elf/4.9.1/../../../../../H-x86_64-mingw32/nios2-elf/lib\libc.a(lib_a-exit.o)
 .comment       0x0000000000000000       0x24 d:/quartus15/nios2eds/bin/gnu/h-x86_64-mingw32/bin/../lib/gcc/nios2-elf/4.9.1/../../../../../H-x86_64-mingw32/nios2-elf/lib\libc.a(lib_a-memcmp.o)
 .comment       0x0000000000000000       0x24 d:/quartus15/nios2eds/bin/gnu/h-x86_64-mingw32/bin/../lib/gcc/nios2-elf/4.9.1/../../../../../H-x86_64-mingw32/nios2-elf/lib\libc.a(lib_a-__atexit.o)
 .comment       0x0000000000000000       0x24 d:/quartus15/nios2eds/bin/gnu/h-x86_64-mingw32/bin/../lib/gcc/nios2-elf/4.9.1/../../../../../H-x86_64-mingw32/nios2-elf/lib\libc.a(lib_a-__call_atexit.o)
 .comment       0x0000000000000000       0x24 ../Graphics_bsp/\libhal_bsp.a(alt_exit.o)

.debug
 *(.debug)

.line
 *(.line)

.debug_srcinfo
 *(.debug_srcinfo)

.debug_sfnames
 *(.debug_sfnames)

.debug_aranges  0x0000000000000000      0xa20
 *(.debug_aranges)
 .debug_aranges
                0x0000000000000000       0x28 ../Graphics_bsp//obj/HAL/src/crt0.o
 .debug_aranges
                0x0000000000000028       0x20 obj/default/Bresenhams_Line_Drawing_Algorithm.o
 .debug_aranges
                0x0000000000000048       0x18 obj/default/ColourPallette.o
 .debug_aranges
                0x0000000000000060       0x20 obj/default/DemoGraphicsRoutines.o
 .debug_aranges
                0x0000000000000080       0x20 obj/default/Fill.o
 .debug_aranges
                0x00000000000000a0       0x18 obj/default/Fonts.o
 .debug_aranges
                0x00000000000000b8       0x20 obj/default/OutGraphicsCharFont1.o
 .debug_aranges
                0x00000000000000d8       0x20 obj/default/OutGraphicsCharFont2.o
 .debug_aranges
                0x00000000000000f8       0x20 d:/quartus15/nios2eds/bin/gnu/h-x86_64-mingw32/bin/../lib/gcc/nios2-elf/4.9.1/../../../../../H-x86_64-mingw32/nios2-elf/lib\libc.a(lib_a-puts.o)
 .debug_aranges
                0x0000000000000118       0x20 d:/quartus15/nios2eds/bin/gnu/h-x86_64-mingw32/bin/../lib/gcc/nios2-elf/4.9.1/../../../../../H-x86_64-mingw32/nios2-elf/lib\libc.a(lib_a-strlen.o)
 .debug_aranges
                0x0000000000000138       0x20 d:/quartus15/nios2eds/bin/gnu/h-x86_64-mingw32/bin/../lib/gcc/nios2-elf/4.9.1/../../../../../H-x86_64-mingw32/nios2-elf/lib\libc.a(lib_a-fvwrite.o)
 .debug_aranges
                0x0000000000000158       0x18 d:/quartus15/nios2eds/bin/gnu/h-x86_64-mingw32/bin/../lib/gcc/nios2-elf/4.9.1/../../../../../H-x86_64-mingw32/nios2-elf/lib\libc.a(lib_a-impure.o)
 .debug_aranges
                0x0000000000000170       0x20 d:/quartus15/nios2eds/bin/gnu/h-x86_64-mingw32/bin/../lib/gcc/nios2-elf/4.9.1/../../../../../H-x86_64-mingw32/nios2-elf/lib\libc.a(lib_a-mallocr.o)
 .debug_aranges
                0x0000000000000190       0x20 d:/quartus15/nios2eds/bin/gnu/h-x86_64-mingw32/bin/../lib/gcc/nios2-elf/4.9.1/../../../../../H-x86_64-mingw32/nios2-elf/lib\libc.a(lib_a-memchr.o)
 .debug_aranges
                0x00000000000001b0       0x20 d:/quartus15/nios2eds/bin/gnu/h-x86_64-mingw32/bin/../lib/gcc/nios2-elf/4.9.1/../../../../../H-x86_64-mingw32/nios2-elf/lib\libc.a(lib_a-memcpy.o)
 .debug_aranges
                0x00000000000001d0       0x20 d:/quartus15/nios2eds/bin/gnu/h-x86_64-mingw32/bin/../lib/gcc/nios2-elf/4.9.1/../../../../../H-x86_64-mingw32/nios2-elf/lib\libc.a(lib_a-memmove.o)
 .debug_aranges
                0x00000000000001f0       0x20 d:/quartus15/nios2eds/bin/gnu/h-x86_64-mingw32/bin/../lib/gcc/nios2-elf/4.9.1/../../../../../H-x86_64-mingw32/nios2-elf/lib\libc.a(lib_a-reallocr.o)
 .debug_aranges
                0x0000000000000210       0x20 d:/quartus15/nios2eds/bin/gnu/h-x86_64-mingw32/bin/../lib/gcc/nios2-elf/4.9.1/../../../../../H-x86_64-mingw32/nios2-elf/lib\libc.a(lib_a-sbrkr.o)
 .debug_aranges
                0x0000000000000230       0x20 d:/quartus15/nios2eds/bin/gnu/h-x86_64-mingw32/bin/../lib/gcc/nios2-elf/4.9.1/../../../../../H-x86_64-mingw32/nios2-elf/lib\libc.a(lib_a-wsetup.o)
 .debug_aranges
                0x0000000000000250       0x20 d:/quartus15/nios2eds/bin/gnu/h-x86_64-mingw32/bin/../lib/gcc/nios2-elf/4.9.1/../../../../../H-x86_64-mingw32/nios2-elf/lib\libc.a(lib_a-fflush.o)
 .debug_aranges
                0x0000000000000270       0x20 d:/quartus15/nios2eds/bin/gnu/h-x86_64-mingw32/bin/../lib/gcc/nios2-elf/4.9.1/../../../../../H-x86_64-mingw32/nios2-elf/lib\libc.a(lib_a-findfp.o)
 .debug_aranges
                0x0000000000000290       0x20 d:/quartus15/nios2eds/bin/gnu/h-x86_64-mingw32/bin/../lib/gcc/nios2-elf/4.9.1/../../../../../H-x86_64-mingw32/nios2-elf/lib\libc.a(lib_a-freer.o)
 .debug_aranges
                0x00000000000002b0       0x20 d:/quartus15/nios2eds/bin/gnu/h-x86_64-mingw32/bin/../lib/gcc/nios2-elf/4.9.1/../../../../../H-x86_64-mingw32/nios2-elf/lib\libc.a(lib_a-fwalk.o)
 .debug_aranges
                0x00000000000002d0       0x18 d:/quartus15/nios2eds/bin/gnu/h-x86_64-mingw32/bin/../lib/gcc/nios2-elf/4.9.1/../../../../../H-x86_64-mingw32/nios2-elf/lib\libc.a(lib_a-int_errno.o)
 .debug_aranges
                0x00000000000002e8       0x20 d:/quartus15/nios2eds/bin/gnu/h-x86_64-mingw32/bin/../lib/gcc/nios2-elf/4.9.1/../../../../../H-x86_64-mingw32/nios2-elf/lib\libc.a(lib_a-makebuf.o)
 .debug_aranges
                0x0000000000000308       0x20 d:/quartus15/nios2eds/bin/gnu/h-x86_64-mingw32/bin/../lib/gcc/nios2-elf/4.9.1/../../../../../H-x86_64-mingw32/nios2-elf/lib\libc.a(lib_a-memset.o)
 .debug_aranges
                0x0000000000000328       0x20 d:/quartus15/nios2eds/bin/gnu/h-x86_64-mingw32/bin/../lib/gcc/nios2-elf/4.9.1/../../../../../H-x86_64-mingw32/nios2-elf/lib\libc.a(lib_a-stdio.o)
 .debug_aranges
                0x0000000000000348       0x20 d:/quartus15/nios2eds/bin/gnu/h-x86_64-mingw32/bin/../lib/gcc/nios2-elf/4.9.1/../../../../../H-x86_64-mingw32/nios2-elf/lib\libc.a(lib_a-writer.o)
 .debug_aranges
                0x0000000000000368       0x20 d:/quartus15/nios2eds/bin/gnu/h-x86_64-mingw32/bin/../lib/gcc/nios2-elf/4.9.1/../../../../../H-x86_64-mingw32/nios2-elf/lib\libc.a(closer.o)
 .debug_aranges
                0x0000000000000388       0x20 d:/quartus15/nios2eds/bin/gnu/h-x86_64-mingw32/bin/../lib/gcc/nios2-elf/4.9.1/../../../../../H-x86_64-mingw32/nios2-elf/lib\libc.a(lib_a-fclose.o)
 .debug_aranges
                0x00000000000003a8       0x20 d:/quartus15/nios2eds/bin/gnu/h-x86_64-mingw32/bin/../lib/gcc/nios2-elf/4.9.1/../../../../../H-x86_64-mingw32/nios2-elf/lib\libc.a(lib_a-fstatr.o)
 .debug_aranges
                0x00000000000003c8       0x20 d:/quartus15/nios2eds/bin/gnu/h-x86_64-mingw32/bin/../lib/gcc/nios2-elf/4.9.1/../../../../../H-x86_64-mingw32/nios2-elf/lib\libc.a(lib_a-isattyr.o)
 .debug_aranges
                0x00000000000003e8       0x20 d:/quartus15/nios2eds/bin/gnu/h-x86_64-mingw32/bin/../lib/gcc/nios2-elf/4.9.1/../../../../../H-x86_64-mingw32/nios2-elf/lib\libc.a(lib_a-lseekr.o)
 .debug_aranges
                0x0000000000000408       0x20 d:/quartus15/nios2eds/bin/gnu/h-x86_64-mingw32/bin/../lib/gcc/nios2-elf/4.9.1/../../../../../H-x86_64-mingw32/nios2-elf/lib\libc.a(lib_a-readr.o)
 .debug_aranges
                0x0000000000000428       0x20 ../Graphics_bsp/\libhal_bsp.a(alt_close.o)
 .debug_aranges
                0x0000000000000448       0x20 ../Graphics_bsp/\libhal_bsp.a(alt_dev.o)
 .debug_aranges
                0x0000000000000468       0x18 ../Graphics_bsp/\libhal_bsp.a(alt_errno.o)
 .debug_aranges
                0x0000000000000480       0x20 ../Graphics_bsp/\libhal_bsp.a(alt_fstat.o)
 .debug_aranges
                0x00000000000004a0       0x20 ../Graphics_bsp/\libhal_bsp.a(alt_isatty.o)
 .debug_aranges
                0x00000000000004c0       0x20 ../Graphics_bsp/\libhal_bsp.a(alt_load.o)
 .debug_aranges
                0x00000000000004e0       0x20 ../Graphics_bsp/\libhal_bsp.a(alt_lseek.o)
 .debug_aranges
                0x0000000000000500       0x20 ../Graphics_bsp/\libhal_bsp.a(alt_main.o)
 .debug_aranges
                0x0000000000000520       0x20 ../Graphics_bsp/\libhal_bsp.a(alt_malloc_lock.o)
 .debug_aranges
                0x0000000000000540       0x20 ../Graphics_bsp/\libhal_bsp.a(alt_read.o)
 .debug_aranges
                0x0000000000000560       0x20 ../Graphics_bsp/\libhal_bsp.a(alt_release_fd.o)
 .debug_aranges
                0x0000000000000580       0x20 ../Graphics_bsp/\libhal_bsp.a(alt_sbrk.o)
 .debug_aranges
                0x00000000000005a0       0x20 ../Graphics_bsp/\libhal_bsp.a(alt_write.o)
 .debug_aranges
                0x00000000000005c0       0x20 ../Graphics_bsp/\libhal_bsp.a(alt_sys_init.o)
 .debug_aranges
                0x00000000000005e0       0x20 ../Graphics_bsp/\libhal_bsp.a(altera_avalon_jtag_uart_fd.o)
 .debug_aranges
                0x0000000000000600       0x20 ../Graphics_bsp/\libhal_bsp.a(altera_avalon_jtag_uart_init.o)
 .debug_aranges
                0x0000000000000620       0x20 ../Graphics_bsp/\libhal_bsp.a(altera_avalon_jtag_uart_ioctl.o)
 .debug_aranges
                0x0000000000000640       0x20 ../Graphics_bsp/\libhal_bsp.a(altera_avalon_jtag_uart_read.o)
 .debug_aranges
                0x0000000000000660       0x20 ../Graphics_bsp/\libhal_bsp.a(altera_avalon_jtag_uart_write.o)
 .debug_aranges
                0x0000000000000680       0x20 ../Graphics_bsp/\libhal_bsp.a(altera_avalon_timer_sc.o)
 .debug_aranges
                0x00000000000006a0       0x20 ../Graphics_bsp/\libhal_bsp.a(altera_up_avalon_character_lcd.o)
 .debug_aranges
                0x00000000000006c0       0x20 ../Graphics_bsp/\libhal_bsp.a(alt_alarm_start.o)
 .debug_aranges
                0x00000000000006e0       0x20 ../Graphics_bsp/\libhal_bsp.a(alt_dcache_flush_all.o)
 .debug_aranges
                0x0000000000000700       0x20 ../Graphics_bsp/\libhal_bsp.a(alt_dev_llist_insert.o)
 .debug_aranges
                0x0000000000000720       0x20 ../Graphics_bsp/\libhal_bsp.a(alt_do_ctors.o)
 .debug_aranges
                0x0000000000000740       0x20 ../Graphics_bsp/\libhal_bsp.a(alt_do_dtors.o)
 .debug_aranges
                0x0000000000000760       0x20 ../Graphics_bsp/\libhal_bsp.a(alt_find_dev.o)
 .debug_aranges
                0x0000000000000780       0x20 ../Graphics_bsp/\libhal_bsp.a(alt_icache_flush_all.o)
 .debug_aranges
                0x00000000000007a0       0x20 ../Graphics_bsp/\libhal_bsp.a(alt_iic.o)
 .debug_aranges
                0x00000000000007c0       0x20 ../Graphics_bsp/\libhal_bsp.a(alt_iic_isr_register.o)
 .debug_aranges
                0x00000000000007e0       0x20 ../Graphics_bsp/\libhal_bsp.a(alt_io_redirect.o)
 .debug_aranges
                0x0000000000000800       0x30 ../Graphics_bsp/\libhal_bsp.a(alt_irq_entry.o)
 .debug_aranges
                0x0000000000000830       0x20 ../Graphics_bsp/\libhal_bsp.a(alt_irq_handler.o)
 .debug_aranges
                0x0000000000000850       0x18 ../Graphics_bsp/\libhal_bsp.a(alt_irq_vars.o)
 .debug_aranges
                0x0000000000000868       0x20 ../Graphics_bsp/\libhal_bsp.a(alt_open.o)
 .debug_aranges
                0x0000000000000888       0x20 ../Graphics_bsp/\libhal_bsp.a(alt_tick.o)
 .debug_aranges
                0x00000000000008a8       0x20 ../Graphics_bsp/\libhal_bsp.a(altera_nios2_qsys_irq.o)
 .debug_aranges
                0x00000000000008c8       0x38 ../Graphics_bsp/\libhal_bsp.a(alt_exception_entry.o)
 .debug_aranges
                0x0000000000000900       0x20 ../Graphics_bsp/\libhal_bsp.a(alt_find_file.o)
 .debug_aranges
                0x0000000000000920       0x20 ../Graphics_bsp/\libhal_bsp.a(alt_get_fd.o)
 .debug_aranges
                0x0000000000000940       0x20 ../Graphics_bsp/\libhal_bsp.a(alt_icache_flush.o)
 .debug_aranges
                0x0000000000000960       0x20 d:/quartus15/nios2eds/bin/gnu/h-x86_64-mingw32/bin/../lib/gcc/nios2-elf/4.9.1/../../../../../H-x86_64-mingw32/nios2-elf/lib\libc.a(lib_a-atexit.o)
 .debug_aranges
                0x0000000000000980       0x20 d:/quartus15/nios2eds/bin/gnu/h-x86_64-mingw32/bin/../lib/gcc/nios2-elf/4.9.1/../../../../../H-x86_64-mingw32/nios2-elf/lib\libc.a(lib_a-exit.o)
 .debug_aranges
                0x00000000000009a0       0x20 d:/quartus15/nios2eds/bin/gnu/h-x86_64-mingw32/bin/../lib/gcc/nios2-elf/4.9.1/../../../../../H-x86_64-mingw32/nios2-elf/lib\libc.a(lib_a-memcmp.o)
 .debug_aranges
                0x00000000000009c0       0x20 d:/quartus15/nios2eds/bin/gnu/h-x86_64-mingw32/bin/../lib/gcc/nios2-elf/4.9.1/../../../../../H-x86_64-mingw32/nios2-elf/lib\libc.a(lib_a-__atexit.o)
 .debug_aranges
                0x00000000000009e0       0x20 d:/quartus15/nios2eds/bin/gnu/h-x86_64-mingw32/bin/../lib/gcc/nios2-elf/4.9.1/../../../../../H-x86_64-mingw32/nios2-elf/lib\libc.a(lib_a-__call_atexit.o)
 .debug_aranges
                0x0000000000000a00       0x20 ../Graphics_bsp/\libhal_bsp.a(alt_exit.o)

.debug_pubnames
 *(.debug_pubnames)

.debug_info     0x0000000000000000    0x16fc4
 *(.debug_info .gnu.linkonce.wi.*)
 .debug_info    0x0000000000000000       0x99 ../Graphics_bsp//obj/HAL/src/crt0.o
 .debug_info    0x0000000000000099      0x287 obj/default/Bresenhams_Line_Drawing_Algorithm.o
 .debug_info    0x0000000000000320       0x52 obj/default/ColourPallette.o
 .debug_info    0x0000000000000372       0xdf obj/default/DemoGraphicsRoutines.o
 .debug_info    0x0000000000000451      0x201 obj/default/Fill.o
 .debug_info    0x0000000000000652      0x102 obj/default/Fonts.o
 .debug_info    0x0000000000000754      0x146 obj/default/OutGraphicsCharFont1.o
 .debug_info    0x000000000000089a      0x16b obj/default/OutGraphicsCharFont2.o
 .debug_info    0x0000000000000a05      0x9f4 d:/quartus15/nios2eds/bin/gnu/h-x86_64-mingw32/bin/../lib/gcc/nios2-elf/4.9.1/../../../../../H-x86_64-mingw32/nios2-elf/lib\libc.a(lib_a-puts.o)
 .debug_info    0x00000000000013f9       0xdb d:/quartus15/nios2eds/bin/gnu/h-x86_64-mingw32/bin/../lib/gcc/nios2-elf/4.9.1/../../../../../H-x86_64-mingw32/nios2-elf/lib\libc.a(lib_a-strlen.o)
 .debug_info    0x00000000000014d4      0xc31 d:/quartus15/nios2eds/bin/gnu/h-x86_64-mingw32/bin/../lib/gcc/nios2-elf/4.9.1/../../../../../H-x86_64-mingw32/nios2-elf/lib\libc.a(lib_a-fvwrite.o)
 .debug_info    0x0000000000002105      0x88f d:/quartus15/nios2eds/bin/gnu/h-x86_64-mingw32/bin/../lib/gcc/nios2-elf/4.9.1/../../../../../H-x86_64-mingw32/nios2-elf/lib\libc.a(lib_a-impure.o)
 .debug_info    0x0000000000002994      0xd71 d:/quartus15/nios2eds/bin/gnu/h-x86_64-mingw32/bin/../lib/gcc/nios2-elf/4.9.1/../../../../../H-x86_64-mingw32/nios2-elf/lib\libc.a(lib_a-mallocr.o)
 .debug_info    0x0000000000003705      0x12b d:/quartus15/nios2eds/bin/gnu/h-x86_64-mingw32/bin/../lib/gcc/nios2-elf/4.9.1/../../../../../H-x86_64-mingw32/nios2-elf/lib\libc.a(lib_a-memchr.o)
 .debug_info    0x0000000000003830      0x133 d:/quartus15/nios2eds/bin/gnu/h-x86_64-mingw32/bin/../lib/gcc/nios2-elf/4.9.1/../../../../../H-x86_64-mingw32/nios2-elf/lib\libc.a(lib_a-memcpy.o)
 .debug_info    0x0000000000003963      0x133 d:/quartus15/nios2eds/bin/gnu/h-x86_64-mingw32/bin/../lib/gcc/nios2-elf/4.9.1/../../../../../H-x86_64-mingw32/nios2-elf/lib\libc.a(lib_a-memmove.o)
 .debug_info    0x0000000000003a96      0xcc6 d:/quartus15/nios2eds/bin/gnu/h-x86_64-mingw32/bin/../lib/gcc/nios2-elf/4.9.1/../../../../../H-x86_64-mingw32/nios2-elf/lib\libc.a(lib_a-reallocr.o)
 .debug_info    0x000000000000475c      0x8ef d:/quartus15/nios2eds/bin/gnu/h-x86_64-mingw32/bin/../lib/gcc/nios2-elf/4.9.1/../../../../../H-x86_64-mingw32/nios2-elf/lib\libc.a(lib_a-sbrkr.o)
 .debug_info    0x000000000000504b      0x91d d:/quartus15/nios2eds/bin/gnu/h-x86_64-mingw32/bin/../lib/gcc/nios2-elf/4.9.1/../../../../../H-x86_64-mingw32/nios2-elf/lib\libc.a(lib_a-wsetup.o)
 .debug_info    0x0000000000005968      0xa3a d:/quartus15/nios2eds/bin/gnu/h-x86_64-mingw32/bin/../lib/gcc/nios2-elf/4.9.1/../../../../../H-x86_64-mingw32/nios2-elf/lib\libc.a(lib_a-fflush.o)
 .debug_info    0x00000000000063a2      0xd38 d:/quartus15/nios2eds/bin/gnu/h-x86_64-mingw32/bin/../lib/gcc/nios2-elf/4.9.1/../../../../../H-x86_64-mingw32/nios2-elf/lib\libc.a(lib_a-findfp.o)
 .debug_info    0x00000000000070da      0xc02 d:/quartus15/nios2eds/bin/gnu/h-x86_64-mingw32/bin/../lib/gcc/nios2-elf/4.9.1/../../../../../H-x86_64-mingw32/nios2-elf/lib\libc.a(lib_a-freer.o)
 .debug_info    0x0000000000007cdc      0xab7 d:/quartus15/nios2eds/bin/gnu/h-x86_64-mingw32/bin/../lib/gcc/nios2-elf/4.9.1/../../../../../H-x86_64-mingw32/nios2-elf/lib\libc.a(lib_a-fwalk.o)
 .debug_info    0x0000000000008793       0x83 d:/quartus15/nios2eds/bin/gnu/h-x86_64-mingw32/bin/../lib/gcc/nios2-elf/4.9.1/../../../../../H-x86_64-mingw32/nios2-elf/lib\libc.a(lib_a-int_errno.o)
 .debug_info    0x0000000000008816      0xaff d:/quartus15/nios2eds/bin/gnu/h-x86_64-mingw32/bin/../lib/gcc/nios2-elf/4.9.1/../../../../../H-x86_64-mingw32/nios2-elf/lib\libc.a(lib_a-makebuf.o)
 .debug_info    0x0000000000009315      0x11a d:/quartus15/nios2eds/bin/gnu/h-x86_64-mingw32/bin/../lib/gcc/nios2-elf/4.9.1/../../../../../H-x86_64-mingw32/nios2-elf/lib\libc.a(lib_a-memset.o)
 .debug_info    0x000000000000942f      0xb83 d:/quartus15/nios2eds/bin/gnu/h-x86_64-mingw32/bin/../lib/gcc/nios2-elf/4.9.1/../../../../../H-x86_64-mingw32/nios2-elf/lib\libc.a(lib_a-stdio.o)
 .debug_info    0x0000000000009fb2      0x921 d:/quartus15/nios2eds/bin/gnu/h-x86_64-mingw32/bin/../lib/gcc/nios2-elf/4.9.1/../../../../../H-x86_64-mingw32/nios2-elf/lib\libc.a(lib_a-writer.o)
 .debug_info    0x000000000000a8d3      0x8ce d:/quartus15/nios2eds/bin/gnu/h-x86_64-mingw32/bin/../lib/gcc/nios2-elf/4.9.1/../../../../../H-x86_64-mingw32/nios2-elf/lib\libc.a(closer.o)
 .debug_info    0x000000000000b1a1      0xa12 d:/quartus15/nios2eds/bin/gnu/h-x86_64-mingw32/bin/../lib/gcc/nios2-elf/4.9.1/../../../../../H-x86_64-mingw32/nios2-elf/lib\libc.a(lib_a-fclose.o)
 .debug_info    0x000000000000bbb3      0xa5c d:/quartus15/nios2eds/bin/gnu/h-x86_64-mingw32/bin/../lib/gcc/nios2-elf/4.9.1/../../../../../H-x86_64-mingw32/nios2-elf/lib\libc.a(lib_a-fstatr.o)
 .debug_info    0x000000000000c60f      0x8ce d:/quartus15/nios2eds/bin/gnu/h-x86_64-mingw32/bin/../lib/gcc/nios2-elf/4.9.1/../../../../../H-x86_64-mingw32/nios2-elf/lib\libc.a(lib_a-isattyr.o)
 .debug_info    0x000000000000cedd      0x91a d:/quartus15/nios2eds/bin/gnu/h-x86_64-mingw32/bin/../lib/gcc/nios2-elf/4.9.1/../../../../../H-x86_64-mingw32/nios2-elf/lib\libc.a(lib_a-lseekr.o)
 .debug_info    0x000000000000d7f7      0x91a d:/quartus15/nios2eds/bin/gnu/h-x86_64-mingw32/bin/../lib/gcc/nios2-elf/4.9.1/../../../../../H-x86_64-mingw32/nios2-elf/lib\libc.a(lib_a-readr.o)
 .debug_info    0x000000000000e111      0x31a ../Graphics_bsp/\libhal_bsp.a(alt_close.o)
 .debug_info    0x000000000000e42b      0x495 ../Graphics_bsp/\libhal_bsp.a(alt_dev.o)
 .debug_info    0x000000000000e8c0       0x9f ../Graphics_bsp/\libhal_bsp.a(alt_errno.o)
 .debug_info    0x000000000000e95f      0x481 ../Graphics_bsp/\libhal_bsp.a(alt_fstat.o)
 .debug_info    0x000000000000ede0      0x484 ../Graphics_bsp/\libhal_bsp.a(alt_isatty.o)
 .debug_info    0x000000000000f264      0x13e ../Graphics_bsp/\libhal_bsp.a(alt_load.o)
 .debug_info    0x000000000000f3a2      0x34b ../Graphics_bsp/\libhal_bsp.a(alt_lseek.o)
 .debug_info    0x000000000000f6ed      0x12a ../Graphics_bsp/\libhal_bsp.a(alt_main.o)
 .debug_info    0x000000000000f817      0x89f ../Graphics_bsp/\libhal_bsp.a(alt_malloc_lock.o)
 .debug_info    0x00000000000100b6      0x4a9 ../Graphics_bsp/\libhal_bsp.a(alt_read.o)
 .debug_info    0x000000000001055f      0x2b0 ../Graphics_bsp/\libhal_bsp.a(alt_release_fd.o)
 .debug_info    0x000000000001080f      0x1a5 ../Graphics_bsp/\libhal_bsp.a(alt_sbrk.o)
 .debug_info    0x00000000000109b4      0x4b0 ../Graphics_bsp/\libhal_bsp.a(alt_write.o)
 .debug_info    0x0000000000010e64      0x513 ../Graphics_bsp/\libhal_bsp.a(alt_sys_init.o)
 .debug_info    0x0000000000011377      0x527 ../Graphics_bsp/\libhal_bsp.a(altera_avalon_jtag_uart_fd.o)
 .debug_info    0x000000000001189e      0x3a1 ../Graphics_bsp/\libhal_bsp.a(altera_avalon_jtag_uart_init.o)
 .debug_info    0x0000000000011c3f      0x279 ../Graphics_bsp/\libhal_bsp.a(altera_avalon_jtag_uart_ioctl.o)
 .debug_info    0x0000000000011eb8      0x342 ../Graphics_bsp/\libhal_bsp.a(altera_avalon_jtag_uart_read.o)
 .debug_info    0x00000000000121fa      0x339 ../Graphics_bsp/\libhal_bsp.a(altera_avalon_jtag_uart_write.o)
 .debug_info    0x0000000000012533      0x21f ../Graphics_bsp/\libhal_bsp.a(altera_avalon_timer_sc.o)
 .debug_info    0x0000000000012752      0x5fa ../Graphics_bsp/\libhal_bsp.a(altera_up_avalon_character_lcd.o)
 .debug_info    0x0000000000012d4c      0x2c5 ../Graphics_bsp/\libhal_bsp.a(alt_alarm_start.o)
 .debug_info    0x0000000000013011       0x8b ../Graphics_bsp/\libhal_bsp.a(alt_dcache_flush_all.o)
 .debug_info    0x000000000001309c      0x1a2 ../Graphics_bsp/\libhal_bsp.a(alt_dev_llist_insert.o)
 .debug_info    0x000000000001323e       0x83 ../Graphics_bsp/\libhal_bsp.a(alt_do_ctors.o)
 .debug_info    0x00000000000132c1       0x83 ../Graphics_bsp/\libhal_bsp.a(alt_do_dtors.o)
 .debug_info    0x0000000000013344      0x2e2 ../Graphics_bsp/\libhal_bsp.a(alt_find_dev.o)
 .debug_info    0x0000000000013626       0x8b ../Graphics_bsp/\libhal_bsp.a(alt_icache_flush_all.o)
 .debug_info    0x00000000000136b1      0x349 ../Graphics_bsp/\libhal_bsp.a(alt_iic.o)
 .debug_info    0x00000000000139fa      0x1e8 ../Graphics_bsp/\libhal_bsp.a(alt_iic_isr_register.o)
 .debug_info    0x0000000000013be2      0x49e ../Graphics_bsp/\libhal_bsp.a(alt_io_redirect.o)
 .debug_info    0x0000000000014080       0xa2 ../Graphics_bsp/\libhal_bsp.a(alt_irq_entry.o)
 .debug_info    0x0000000000014122      0x180 ../Graphics_bsp/\libhal_bsp.a(alt_irq_handler.o)
 .debug_info    0x00000000000142a2       0x88 ../Graphics_bsp/\libhal_bsp.a(alt_irq_vars.o)
 .debug_info    0x000000000001432a      0x3b4 ../Graphics_bsp/\libhal_bsp.a(alt_open.o)
 .debug_info    0x00000000000146de      0x292 ../Graphics_bsp/\libhal_bsp.a(alt_tick.o)
 .debug_info    0x0000000000014970       0x8b ../Graphics_bsp/\libhal_bsp.a(altera_nios2_qsys_irq.o)
 .debug_info    0x00000000000149fb       0xa8 ../Graphics_bsp/\libhal_bsp.a(alt_exception_entry.o)
 .debug_info    0x0000000000014aa3      0x2df ../Graphics_bsp/\libhal_bsp.a(alt_find_file.o)
 .debug_info    0x0000000000014d82      0x309 ../Graphics_bsp/\libhal_bsp.a(alt_get_fd.o)
 .debug_info    0x000000000001508b       0xd5 ../Graphics_bsp/\libhal_bsp.a(alt_icache_flush.o)
 .debug_info    0x0000000000015160      0x10a d:/quartus15/nios2eds/bin/gnu/h-x86_64-mingw32/bin/../lib/gcc/nios2-elf/4.9.1/../../../../../H-x86_64-mingw32/nios2-elf/lib\libc.a(lib_a-atexit.o)
 .debug_info    0x000000000001526a      0x8df d:/quartus15/nios2eds/bin/gnu/h-x86_64-mingw32/bin/../lib/gcc/nios2-elf/4.9.1/../../../../../H-x86_64-mingw32/nios2-elf/lib\libc.a(lib_a-exit.o)
 .debug_info    0x0000000000015b49      0x113 d:/quartus15/nios2eds/bin/gnu/h-x86_64-mingw32/bin/../lib/gcc/nios2-elf/4.9.1/../../../../../H-x86_64-mingw32/nios2-elf/lib\libc.a(lib_a-memcmp.o)
 .debug_info    0x0000000000015c5c      0x93b d:/quartus15/nios2eds/bin/gnu/h-x86_64-mingw32/bin/../lib/gcc/nios2-elf/4.9.1/../../../../../H-x86_64-mingw32/nios2-elf/lib\libc.a(lib_a-__atexit.o)
 .debug_info    0x0000000000016597      0x948 d:/quartus15/nios2eds/bin/gnu/h-x86_64-mingw32/bin/../lib/gcc/nios2-elf/4.9.1/../../../../../H-x86_64-mingw32/nios2-elf/lib\libc.a(lib_a-__call_atexit.o)
 .debug_info    0x0000000000016edf       0xe5 ../Graphics_bsp/\libhal_bsp.a(alt_exit.o)

.debug_abbrev   0x0000000000000000     0x640a
 *(.debug_abbrev)
 .debug_abbrev  0x0000000000000000       0x12 ../Graphics_bsp//obj/HAL/src/crt0.o
 .debug_abbrev  0x0000000000000012       0xc5 obj/default/Bresenhams_Line_Drawing_Algorithm.o
 .debug_abbrev  0x00000000000000d7       0x45 obj/default/ColourPallette.o
 .debug_abbrev  0x000000000000011c       0x95 obj/default/DemoGraphicsRoutines.o
 .debug_abbrev  0x00000000000001b1      0x13d obj/default/Fill.o
 .debug_abbrev  0x00000000000002ee       0x5f obj/default/Fonts.o
 .debug_abbrev  0x000000000000034d       0xce obj/default/OutGraphicsCharFont1.o
 .debug_abbrev  0x000000000000041b       0xdb obj/default/OutGraphicsCharFont2.o
 .debug_abbrev  0x00000000000004f6      0x226 d:/quartus15/nios2eds/bin/gnu/h-x86_64-mingw32/bin/../lib/gcc/nios2-elf/4.9.1/../../../../../H-x86_64-mingw32/nios2-elf/lib\libc.a(lib_a-puts.o)
 .debug_abbrev  0x000000000000071c       0x90 d:/quartus15/nios2eds/bin/gnu/h-x86_64-mingw32/bin/../lib/gcc/nios2-elf/4.9.1/../../../../../H-x86_64-mingw32/nios2-elf/lib\libc.a(lib_a-strlen.o)
 .debug_abbrev  0x00000000000007ac      0x252 d:/quartus15/nios2eds/bin/gnu/h-x86_64-mingw32/bin/../lib/gcc/nios2-elf/4.9.1/../../../../../H-x86_64-mingw32/nios2-elf/lib\libc.a(lib_a-fvwrite.o)
 .debug_abbrev  0x00000000000009fe      0x180 d:/quartus15/nios2eds/bin/gnu/h-x86_64-mingw32/bin/../lib/gcc/nios2-elf/4.9.1/../../../../../H-x86_64-mingw32/nios2-elf/lib\libc.a(lib_a-impure.o)
 .debug_abbrev  0x0000000000000b7e      0x2ad d:/quartus15/nios2eds/bin/gnu/h-x86_64-mingw32/bin/../lib/gcc/nios2-elf/4.9.1/../../../../../H-x86_64-mingw32/nios2-elf/lib\libc.a(lib_a-mallocr.o)
 .debug_abbrev  0x0000000000000e2b       0xab d:/quartus15/nios2eds/bin/gnu/h-x86_64-mingw32/bin/../lib/gcc/nios2-elf/4.9.1/../../../../../H-x86_64-mingw32/nios2-elf/lib\libc.a(lib_a-memchr.o)
 .debug_abbrev  0x0000000000000ed6       0x9c d:/quartus15/nios2eds/bin/gnu/h-x86_64-mingw32/bin/../lib/gcc/nios2-elf/4.9.1/../../../../../H-x86_64-mingw32/nios2-elf/lib\libc.a(lib_a-memcpy.o)
 .debug_abbrev  0x0000000000000f72       0x9c d:/quartus15/nios2eds/bin/gnu/h-x86_64-mingw32/bin/../lib/gcc/nios2-elf/4.9.1/../../../../../H-x86_64-mingw32/nios2-elf/lib\libc.a(lib_a-memmove.o)
 .debug_abbrev  0x000000000000100e      0x269 d:/quartus15/nios2eds/bin/gnu/h-x86_64-mingw32/bin/../lib/gcc/nios2-elf/4.9.1/../../../../../H-x86_64-mingw32/nios2-elf/lib\libc.a(lib_a-reallocr.o)
 .debug_abbrev  0x0000000000001277      0x1fd d:/quartus15/nios2eds/bin/gnu/h-x86_64-mingw32/bin/../lib/gcc/nios2-elf/4.9.1/../../../../../H-x86_64-mingw32/nios2-elf/lib\libc.a(lib_a-sbrkr.o)
 .debug_abbrev  0x0000000000001474      0x1f3 d:/quartus15/nios2eds/bin/gnu/h-x86_64-mingw32/bin/../lib/gcc/nios2-elf/4.9.1/../../../../../H-x86_64-mingw32/nios2-elf/lib\libc.a(lib_a-wsetup.o)
 .debug_abbrev  0x0000000000001667      0x275 d:/quartus15/nios2eds/bin/gnu/h-x86_64-mingw32/bin/../lib/gcc/nios2-elf/4.9.1/../../../../../H-x86_64-mingw32/nios2-elf/lib\libc.a(lib_a-fflush.o)
 .debug_abbrev  0x00000000000018dc      0x36b d:/quartus15/nios2eds/bin/gnu/h-x86_64-mingw32/bin/../lib/gcc/nios2-elf/4.9.1/../../../../../H-x86_64-mingw32/nios2-elf/lib\libc.a(lib_a-findfp.o)
 .debug_abbrev  0x0000000000001c47      0x27b d:/quartus15/nios2eds/bin/gnu/h-x86_64-mingw32/bin/../lib/gcc/nios2-elf/4.9.1/../../../../../H-x86_64-mingw32/nios2-elf/lib\libc.a(lib_a-freer.o)
 .debug_abbrev  0x0000000000001ec2      0x242 d:/quartus15/nios2eds/bin/gnu/h-x86_64-mingw32/bin/../lib/gcc/nios2-elf/4.9.1/../../../../../H-x86_64-mingw32/nios2-elf/lib\libc.a(lib_a-fwalk.o)
 .debug_abbrev  0x0000000000002104       0x37 d:/quartus15/nios2eds/bin/gnu/h-x86_64-mingw32/bin/../lib/gcc/nios2-elf/4.9.1/../../../../../H-x86_64-mingw32/nios2-elf/lib\libc.a(lib_a-int_errno.o)
 .debug_abbrev  0x000000000000213b      0x206 d:/quartus15/nios2eds/bin/gnu/h-x86_64-mingw32/bin/../lib/gcc/nios2-elf/4.9.1/../../../../../H-x86_64-mingw32/nios2-elf/lib\libc.a(lib_a-makebuf.o)
 .debug_abbrev  0x0000000000002341       0xae d:/quartus15/nios2eds/bin/gnu/h-x86_64-mingw32/bin/../lib/gcc/nios2-elf/4.9.1/../../../../../H-x86_64-mingw32/nios2-elf/lib\libc.a(lib_a-memset.o)
 .debug_abbrev  0x00000000000023ef      0x246 d:/quartus15/nios2eds/bin/gnu/h-x86_64-mingw32/bin/../lib/gcc/nios2-elf/4.9.1/../../../../../H-x86_64-mingw32/nios2-elf/lib\libc.a(lib_a-stdio.o)
 .debug_abbrev  0x0000000000002635      0x1de d:/quartus15/nios2eds/bin/gnu/h-x86_64-mingw32/bin/../lib/gcc/nios2-elf/4.9.1/../../../../../H-x86_64-mingw32/nios2-elf/lib\libc.a(lib_a-writer.o)
 .debug_abbrev  0x0000000000002813      0x1d9 d:/quartus15/nios2eds/bin/gnu/h-x86_64-mingw32/bin/../lib/gcc/nios2-elf/4.9.1/../../../../../H-x86_64-mingw32/nios2-elf/lib\libc.a(closer.o)
 .debug_abbrev  0x00000000000029ec      0x2a9 d:/quartus15/nios2eds/bin/gnu/h-x86_64-mingw32/bin/../lib/gcc/nios2-elf/4.9.1/../../../../../H-x86_64-mingw32/nios2-elf/lib\libc.a(lib_a-fclose.o)
 .debug_abbrev  0x0000000000002c95      0x1e8 d:/quartus15/nios2eds/bin/gnu/h-x86_64-mingw32/bin/../lib/gcc/nios2-elf/4.9.1/../../../../../H-x86_64-mingw32/nios2-elf/lib\libc.a(lib_a-fstatr.o)
 .debug_abbrev  0x0000000000002e7d      0x1d9 d:/quartus15/nios2eds/bin/gnu/h-x86_64-mingw32/bin/../lib/gcc/nios2-elf/4.9.1/../../../../../H-x86_64-mingw32/nios2-elf/lib\libc.a(lib_a-isattyr.o)
 .debug_abbrev  0x0000000000003056      0x1e8 d:/quartus15/nios2eds/bin/gnu/h-x86_64-mingw32/bin/../lib/gcc/nios2-elf/4.9.1/../../../../../H-x86_64-mingw32/nios2-elf/lib\libc.a(lib_a-lseekr.o)