Archive member included to satisfy reference by file (symbol)

d:/quartus15/nios2eds/bin/gnu/h-x86_64-mingw32/bin/../lib/gcc/nios2-elf/4.9.1/../../../../../H-x86_64-mingw32/nios2-elf/lib\libc.a(lib_a-printf.o)
                              obj/default/Graphics.o (printf)
d:/quartus15/nios2eds/bin/gnu/h-x86_64-mingw32/bin/../lib/gcc/nios2-elf/4.9.1/../../../../../H-x86_64-mingw32/nios2-elf/lib\libc.a(lib_a-puts.o)
                              obj/default/cpen391project.o (puts)
d:/quartus15/nios2eds/bin/gnu/h-x86_64-mingw32/bin/../lib/gcc/nios2-elf/4.9.1/../../../../../H-x86_64-mingw32/nios2-elf/lib\libc.a(lib_a-strlen.o)
                              d:/quartus15/nios2eds/bin/gnu/h-x86_64-mingw32/bin/../lib/gcc/nios2-elf/4.9.1/../../../../../H-x86_64-mingw32/nios2-elf/lib\libc.a(lib_a-puts.o) (strlen)
d:/quartus15/nios2eds/bin/gnu/h-x86_64-mingw32/bin/../lib/gcc/nios2-elf/4.9.1/../../../../../H-x86_64-mingw32/nios2-elf/lib\libc.a(lib_a-vfprintf.o)
                              d:/quartus15/nios2eds/bin/gnu/h-x86_64-mingw32/bin/../lib/gcc/nios2-elf/4.9.1/../../../../../H-x86_64-mingw32/nios2-elf/lib\libc.a(lib_a-printf.o) (___vfprintf_internal_r)
d:/quartus15/nios2eds/bin/gnu/h-x86_64-mingw32/bin/../lib/gcc/nios2-elf/4.9.1/../../../../../H-x86_64-mingw32/nios2-elf/lib\libc.a(lib_a-wsetup.o)
                              d:/quartus15/nios2eds/bin/gnu/h-x86_64-mingw32/bin/../lib/gcc/nios2-elf/4.9.1/../../../../../H-x86_64-mingw32/nios2-elf/lib\libc.a(lib_a-vfprintf.o) (__swsetup_r)
d:/quartus15/nios2eds/bin/gnu/h-x86_64-mingw32/bin/../lib/gcc/nios2-elf/4.9.1/../../../../../H-x86_64-mingw32/nios2-elf/lib\libc.a(lib_a-dtoa.o)
                              d:/quartus15/nios2eds/bin/gnu/h-x86_64-mingw32/bin/../lib/gcc/nios2-elf/4.9.1/../../../../../H-x86_64-mingw32/nios2-elf/lib\libc.a(lib_a-vfprintf.o) (_dtoa_r)
d:/quartus15/nios2eds/bin/gnu/h-x86_64-mingw32/bin/../lib/gcc/nios2-elf/4.9.1/../../../../../H-x86_64-mingw32/nios2-elf/lib\libc.a(lib_a-fflush.o)
                              d:/quartus15/nios2eds/bin/gnu/h-x86_64-mingw32/bin/../lib/gcc/nios2-elf/4.9.1/../../../../../H-x86_64-mingw32/nios2-elf/lib\libc.a(lib_a-vfprintf.o) (_fflush_r)
d:/quartus15/nios2eds/bin/gnu/h-x86_64-mingw32/bin/../lib/gcc/nios2-elf/4.9.1/../../../../../H-x86_64-mingw32/nios2-elf/lib\libc.a(lib_a-findfp.o)
                              d:/quartus15/nios2eds/bin/gnu/h-x86_64-mingw32/bin/../lib/gcc/nios2-elf/4.9.1/../../../../../H-x86_64-mingw32/nios2-elf/lib\libc.a(lib_a-vfprintf.o) (__sinit)
d:/quartus15/nios2eds/bin/gnu/h-x86_64-mingw32/bin/../lib/gcc/nios2-elf/4.9.1/../../../../../H-x86_64-mingw32/nios2-elf/lib\libc.a(lib_a-freer.o)
                              d:/quartus15/nios2eds/bin/gnu/h-x86_64-mingw32/bin/../lib/gcc/nios2-elf/4.9.1/../../../../../H-x86_64-mingw32/nios2-elf/lib\libc.a(lib_a-wsetup.o) (_free_r)
d:/quartus15/nios2eds/bin/gnu/h-x86_64-mingw32/bin/../lib/gcc/nios2-elf/4.9.1/../../../../../H-x86_64-mingw32/nios2-elf/lib\libc.a(lib_a-fvwrite.o)
                              d:/quartus15/nios2eds/bin/gnu/h-x86_64-mingw32/bin/../lib/gcc/nios2-elf/4.9.1/../../../../../H-x86_64-mingw32/nios2-elf/lib\libc.a(lib_a-puts.o) (__sfvwrite_r)
d:/quartus15/nios2eds/bin/gnu/h-x86_64-mingw32/bin/../lib/gcc/nios2-elf/4.9.1/../../../../../H-x86_64-mingw32/nios2-elf/lib\libc.a(lib_a-fwalk.o)
                              d:/quartus15/nios2eds/bin/gnu/h-x86_64-mingw32/bin/../lib/gcc/nios2-elf/4.9.1/../../../../../H-x86_64-mingw32/nios2-elf/lib\libc.a(lib_a-findfp.o) (_fwalk)
d:/quartus15/nios2eds/bin/gnu/h-x86_64-mingw32/bin/../lib/gcc/nios2-elf/4.9.1/../../../../../H-x86_64-mingw32/nios2-elf/lib\libc.a(lib_a-impure.o)
                              d:/quartus15/nios2eds/bin/gnu/h-x86_64-mingw32/bin/../lib/gcc/nios2-elf/4.9.1/../../../../../H-x86_64-mingw32/nios2-elf/lib\libc.a(lib_a-fflush.o) (_global_impure_ptr)
d:/quartus15/nios2eds/bin/gnu/h-x86_64-mingw32/bin/../lib/gcc/nios2-elf/4.9.1/../../../../../H-x86_64-mingw32/nios2-elf/lib\libc.a(lib_a-locale.o)
                              d:/quartus15/nios2eds/bin/gnu/h-x86_64-mingw32/bin/../lib/gcc/nios2-elf/4.9.1/../../../../../H-x86_64-mingw32/nios2-elf/lib\libc.a(lib_a-vfprintf.o) (_localeconv_r)
d:/quartus15/nios2eds/bin/gnu/h-x86_64-mingw32/bin/../lib/gcc/nios2-elf/4.9.1/../../../../../H-x86_64-mingw32/nios2-elf/lib\libc.a(lib_a-makebuf.o)
                              d:/quartus15/nios2eds/bin/gnu/h-x86_64-mingw32/bin/../lib/gcc/nios2-elf/4.9.1/../../../../../H-x86_64-mingw32/nios2-elf/lib\libc.a(lib_a-wsetup.o) (__smakebuf_r)
d:/quartus15/nios2eds/bin/gnu/h-x86_64-mingw32/bin/../lib/gcc/nios2-elf/4.9.1/../../../../../H-x86_64-mingw32/nios2-elf/lib\libc.a(lib_a-mallocr.o)
                              d:/quartus15/nios2eds/bin/gnu/h-x86_64-mingw32/bin/../lib/gcc/nios2-elf/4.9.1/../../../../../H-x86_64-mingw32/nios2-elf/lib\libc.a(lib_a-findfp.o) (_malloc_r)
[...]
Memory Configuration

Name             Origin             Length             Attributes
reset            0x0000000008000000 0x0000000000000020
sdram            0x0000000008000020 0x0000000003ffffe0
*default*        0x0000000000000000 0xffffffffffffffff

Linker script and memory map

LOAD ../cpen391project_bsp//obj/HAL/src/crt0.o
LOAD obj/default/Bresenhams_Line_Drawing_Algorithm.o
LOAD obj/default/ColourPallette.o
LOAD obj/default/Fill.o
LOAD obj/default/Graphics.o
LOAD obj/default/OutGraphicsCharFont2.o
LOAD obj/default/TouchScreen.o
LOAD obj/default/arduino.o
LOAD obj/default/cpen391project.o
LOAD obj/default/initial.o
LOAD d:/quartus15/nios2eds/bin/gnu/h-x86_64-mingw32/bin/../lib/gcc/nios2-elf/4.9.1/../../../../../H-x86_64-mingw32/nios2-elf/lib\libstdc++.a
LOAD d:/quartus15/nios2eds/bin/gnu/h-x86_64-mingw32/bin/../lib/gcc/nios2-elf/4.9.1/../../../../../H-x86_64-mingw32/nios2-elf/lib\libm.a
LOAD d:/quartus15/nios2eds/bin/gnu/h-x86_64-mingw32/bin/../lib/gcc/nios2-elf/4.9.1\libgcc.a
START GROUP
LOAD d:/quartus15/nios2eds/bin/gnu/h-x86_64-mingw32/bin/../lib/gcc/nios2-elf/4.9.1/../../../../../H-x86_64-mingw32/nios2-elf/lib\libc.a
LOAD d:/quartus15/nios2eds/bin/gnu/h-x86_64-mingw32/bin/../lib/gcc/nios2-elf/4.9.1\libgcc.a
LOAD ../cpen391project_bsp/\libhal_bsp.a
LOAD d:/quartus15/nios2eds/bin/gnu/h-x86_64-mingw32/bin/../lib/gcc/nios2-elf/4.9.1/../../../../../H-x86_64-mingw32/nios2-elf/lib\libm.a
END GROUP
LOAD d:/quartus15/nios2eds/bin/gnu/h-x86_64-mingw32/bin/../lib/gcc/nios2-elf/4.9.1\libgcc.a
                0x0000000008000000                __alt_mem_sdram = 0x8000000

.entry          0x0000000008000000       0x20
 *(.entry)
 .entry         0x0000000008000000       0x20 ../cpen391project_bsp//obj/HAL/src/crt0.o
                0x0000000008000000                __reset

.exceptions     0x0000000008000020      0x19c
                0x0000000008000020                PROVIDE (__ram_exceptions_start, ABSOLUTE (.))
                0x0000000008000020                . = ALIGN (0x20)
 *(.irq)
 *(.exceptions.entry.label)
 .exceptions.entry.label
                0x0000000008000020        0x0 ../cpen391project_bsp/\libhal_bsp.a(alt_irq_entry.o)
                0x0000000008000020                alt_irq_entry
 .exceptions.entry.label
                0x0000000008000020        0x0 ../cpen391project_bsp/\libhal_bsp.a(alt_exception_entry.o)
                0x0000000008000020                alt_exception
 *(.exceptions.entry.user)
 *(.exceptions.entry.ecc_fatal)
 *(.exceptions.entry)
 .exceptions.entry
                0x0000000008000020       0x54 ../cpen391project_bsp/\libhal_bsp.a(alt_exception_entry.o)
 *(.exceptions.irqtest.user)
 *(.exceptions.irqtest)
 .exceptions.irqtest
                0x0000000008000074       0x10 ../cpen391project_bsp/\libhal_bsp.a(alt_irq_entry.o)
 *(.exceptions.irqhandler.user)
 *(.exceptions.irqhandler)
 .exceptions.irqhandler
                0x0000000008000084        0x4 ../cpen391project_bsp/\libhal_bsp.a(alt_irq_entry.o)
 *(.exceptions.irqreturn.user)
 *(.exceptions.irqreturn)
 .exceptions.irqreturn
                0x0000000008000088        0x4 ../cpen391project_bsp/\libhal_bsp.a(alt_irq_entry.o)
 *(.exceptions.notirq.label)
 .exceptions.notirq.label
                0x000000000800008c        0x0 ../cpen391project_bsp/\libhal_bsp.a(alt_irq_entry.o)
 *(.exceptions.notirq.user)
 *(.exceptions.notirq)
 .exceptions.notirq
                0x000000000800008c        0x8 ../cpen391project_bsp/\libhal_bsp.a(alt_exception_entry.o)
 *(.exceptions.soft.user)
 *(.exceptions.soft)
 *(.exceptions.unknown.user)
 *(.exceptions.unknown)
 .exceptions.unknown
                0x0000000008000094        0x4 ../cpen391project_bsp/\libhal_bsp.a(alt_exception_entry.o)
 *(.exceptions.exit.label)
 .exceptions.exit.label
                0x0000000008000098        0x0 ../cpen391project_bsp/\libhal_bsp.a(alt_irq_entry.o)
 .exceptions.exit.label
                0x0000000008000098        0x0 ../cpen391project_bsp/\libhal_bsp.a(alt_exception_entry.o)
 *(.exceptions.exit.user)
 *(.exceptions.exit)
 .exceptions.exit
                0x0000000008000098       0x54 ../cpen391project_bsp/\libhal_bsp.a(alt_exception_entry.o)
 *(.exceptions)
 .exceptions    0x00000000080000ec       0xd0 ../cpen391project_bsp/\libhal_bsp.a(alt_irq_handler.o)
                0x00000000080000ec                alt_irq_handler
                0x00000000080001bc                PROVIDE (__ram_exceptions_end, ABSOLUTE (.))
                0x0000000008000020                PROVIDE (__flash_exceptions_start, LOADADDR (.exceptions))

.text           0x00000000080001bc    0x10cfc
                0x00000000080001bc                PROVIDE (stext, ABSOLUTE (.))
 *(.interp)
 *(.hash)
 *(.dynsym)
 *(.dynstr)
 *(.gnu.version)
 *(.gnu.version_d)
 *(.gnu.version_r)
 *(.rel.init)
 *(.rela.init)
 *(.rel.text .rel.text.* .rel.gnu.linkonce.t.*)
 *(.rela.text .rela.text.* .rela.gnu.linkonce.t.*)
 *(.rel.fini)
 *(.rela.fini)
 *(.rel.rodata .rel.rodata.* .rel.gnu.linkonce.r.*)
 *(.rela.rodata .rela.rodata.* .rela.gnu.linkonce.r.*)
 *(.rel.data .rel.data.* .rel.gnu.linkonce.d.*)
 *(.rela.data .rela.data.* .rela.gnu.linkonce.d.*)
 *(.rel.tdata .rel.tdata.* .rel.gnu.linkonce.td.*)
 *(.rela.tdata .rela.tdata.* .rela.gnu.linkonce.td.*)
 *(.rel.tbss .rel.tbss.* .rel.gnu.linkonce.tb.*)
 *(.rela.tbss .rela.tbss.* .rela.gnu.linkonce.tb.*)
 *(.rel.ctors)
 *(.rela.ctors)
 *(.rel.dtors)
 *(.rela.dtors)
 *(.rel.got)
 *(.rela.got)
 *(.rel.sdata .rel.sdata.* .rel.gnu.linkonce.s.*)
 *(.rela.sdata .rela.sdata.* .rela.gnu.linkonce.s.*)
 *(.rel.sbss .rel.sbss.* .rel.gnu.linkonce.sb.*)
 *(.rela.sbss .rela.sbss.* .rela.gnu.linkonce.sb.*)
 *(.rel.sdata2 .rel.sdata2.* .rel.gnu.linkonce.s2.*)
 *(.rela.sdata2 .rela.sdata2.* .rela.gnu.linkonce.s2.*)
 *(.rel.sbss2 .rel.sbss2.* .rel.gnu.linkonce.sb2.*)
 *(.rela.sbss2 .rela.sbss2.* .rela.gnu.linkonce.sb2.*)
 *(.rel.bss .rel.bss.* .rel.gnu.linkonce.b.*)
 *(.rela.bss .rela.bss.* .rela.gnu.linkonce.b.*)
 *(.rel.plt)
 *(.rela.plt)
 *(.rel.dyn)
 *(.init)
 *(.plt)
 *(.text .stub .text.* .gnu.linkonce.t.*)
 .text          0x00000000080001bc       0x3c ../cpen391project_bsp//obj/HAL/src/crt0.o
                0x00000000080001bc                _start
 .text          0x00000000080001f8      0x4e0 obj/default/Bresenhams_Line_Drawing_Algorithm.o
                0x00000000080001f8                WriteAPixel
                0x0000000008000274                ReadAPixel
                0x0000000008000304                ProgramPalette
                0x0000000008000380                HLine
                0x000000000800041c                VLine
                0x000000000800048c                abs
                0x00000000080004c4                sign
                0x0000000008000508                Line
 .text          0x00000000080006d8        0x0 obj/default/ColourPallette.o
 .text          0x00000000080006d8      0x4f8 obj/default/Fill.o
                0x00000000080006d8                PushPixel
                0x0000000008000734                PopPixel
                0x0000000008000794                IsStackEmpty
                0x00000000080007cc                Fill
 .text          0x0000000008000bd0      0xa88 obj/default/Graphics.o
                0x0000000008000bd0                graph_clearAll
                0x0000000008000c28                graph_goto_menu
                0x0000000008001068                graph_showGasFrame
                0x000000000800154c                graph_updateGasValue
 .text          0x0000000008001658      0x190 obj/default/OutGraphicsCharFont2.o
                0x0000000008001658                OutGraphicsCharFont2a
 .text          0x00000000080017e8      0x2a8 obj/default/TouchScreen.o
                0x00000000080017e8                ScreenTouched
                0x0000000008001828                SensorReceivedData
                0x0000000008001868                WaitForData
                0x00000000080018a0                GetPress
                0x0000000008001974                GetRelease
                0x0000000008001a48                getcharTouch
 .text          0x0000000008001a90      0x1e0 obj/default/arduino.o
                0x0000000008001a90                getcharSensor
                0x0000000008001ad8                update
 .text          0x0000000008001c70      0x1c8 obj/default/cpen391project.o
                0x0000000008001c70                main
 .text          0x0000000008001e38       0x88 obj/default/initial.o
                0x0000000008001e38                Init_Sensor
                0x0000000008001e74                Init_Touch
 .text          0x0000000008001ec0       0x68 d:/quartus15/nios2eds/bin/gnu/h-x86_64-mingw32/bin/../lib/gcc/nios2-elf/4.9.1/../../../../../H-x86_64-mingw32/nios2-elf/lib\libc.a(lib_a-printf.o)
                0x0000000008001ec0                _printf_r
                0x0000000008001eec                printf
 .text          0x0000000008001f28       0xcc d:/quartus15/nios2eds/bin/gnu/h-x86_64-mingw32/bin/../lib/gcc/nios2-elf/4.9.1/../../../../../H-x86_64-mingw32/nios2-elf/lib\libc.a(lib_a-puts.o)
                0x0000000008001f28                _puts_r
                0x0000000008001fe0                puts
 .text          0x0000000008001ff4       0x98 d:/quartus15/nios2eds/bin/gnu/h-x86_64-mingw32/bin/../lib/gcc/nios2-elf/4.9.1/../../../../../H-x86_64-mingw32/nios2-elf/lib\libc.a(lib_a-strlen.o)
                0x0000000008001ff4                strlen
 .text          0x000000000800208c     0x2020 d:/quartus15/nios2eds/bin/gnu/h-x86_64-mingw32/bin/../lib/gcc/nios2-elf/4.9.1/../../../../../H-x86_64-mingw32/nios2-elf/lib\libc.a(lib_a-vfprintf.o)
                0x000000000800208c                ___vfprintf_internal_r
                0x0000000008004088                __vfprintf_internal
 .text          0x00000000080040ac      0x130 d:/quartus15/nios2eds/bin/gnu/h-x86_64-mingw32/bin/../lib/gcc/nios2-elf/4.9.1/../../../../../H-x86_64-mingw32/nios2-elf/lib\libc.a(lib_a-wsetup.o)
                0x00000000080040ac                __swsetup_r
 .text          0x00000000080041dc     0x1928 d:/quartus15/nios2eds/bin/gnu/h-x86_64-mingw32/bin/../lib/gcc/nios2-elf/4.9.1/../../../../../H-x86_64-mingw32/nios2-elf/lib\libc.a(lib_a-dtoa.o)
                0x00000000080043dc                _dtoa_r
 .text          0x0000000008005b04      0x258 d:/quartus15/nios2eds/bin/gnu/h-x86_64-mingw32/bin/../lib/gcc/nios2-elf/4.9.1/../../../../../H-x86_64-mingw32/nios2-elf/lib\libc.a(lib_a-fflush.o)
                0x0000000008005b04                _fflush_r
                0x0000000008005d2c                fflush
 .text          0x0000000008005d5c      0x3a0 d:/quartus15/nios2eds/bin/gnu/h-x86_64-mingw32/bin/../lib/gcc/nios2-elf/4.9.1/../../../../../H-x86_64-mingw32/nios2-elf/lib\libc.a(lib_a-findfp.o)
                0x0000000008005d6c                _cleanup_r
                0x0000000008005f18                __sfmoreglue
                0x0000000008005f7c                __sfp
                0x0000000008006094                _cleanup
                0x00000000080060ac                __sinit
                0x00000000080060bc                __sfp_lock_acquire
                0x00000000080060c0                __sfp_lock_release
                0x00000000080060c4                __sinit_lock_acquire
                0x00000000080060c8                __sinit_lock_release
                0x00000000080060cc                __fp_lock_all
                0x00000000080060e4                __fp_unlock_all
 .text          0x00000000080060fc      0x414 d:/quartus15/nios2eds/bin/gnu/h-x86_64-mingw32/bin/../lib/gcc/nios2-elf/4.9.1/../../../../../H-x86_64-mingw32/nios2-elf/lib\libc.a(lib_a-freer.o)
                0x00000000080060fc                _malloc_trim_r
                0x0000000008006220                _free_r
 .text          0x0000000008006510      0x4a4 d:/quartus15/nios2eds/bin/gnu/h-x86_64-mingw32/bin/../lib/gcc/nios2-elf/4.9.1/../../../../../H-x86_64-mingw32/nios2-elf/lib\libc.a(lib_a-fvwrite.o)
                0x0000000008006510                __sfvwrite_r
 .text          0x00000000080069b4      0x170 d:/quartus15/nios2eds/bin/gnu/h-x86_64-mingw32/bin/../lib/gcc/nios2-elf/4.9.1/../../../../../H-x86_64-mingw32/nios2-elf/lib\libc.a(lib_a-fwalk.o)
                0x00000000080069b4                _fwalk
                0x0000000008006a6c                _fwalk_reent
 .text          0x0000000008006b24        0x0 d:/quartus15/nios2eds/bin/gnu/h-x86_64-mingw32/bin/../lib/gcc/nios2-elf/4.9.1/../../../../../H-x86_64-mingw32/nios2-elf/lib\libc.a(lib_a-impure.o)
 .text          0x0000000008006b24       0xe0 d:/quartus15/nios2eds/bin/gnu/h-x86_64-mingw32/bin/../lib/gcc/nios2-elf/4.9.1/../../../../../H-x86_64-mingw32/nios2-elf/lib\libc.a(lib_a-locale.o)
                0x0000000008006b24                _setlocale_r
                0x0000000008006ba0                __locale_charset
                0x0000000008006bac                __locale_mb_cur_max
                0x0000000008006bbc                __locale_msgcharset
                0x0000000008006bc8                __locale_cjk_lang
                0x0000000008006bd0                _localeconv_r
                0x0000000008006bdc                setlocale
                0x0000000008006bf8                localeconv
 .text          0x0000000008006c04      0x1b8 d:/quartus15/nios2eds/bin/gnu/h-x86_64-mingw32/bin/../lib/gcc/nios2-elf/4.9.1/../../../../../H-x86_64-mingw32/nios2-elf/lib\libc.a(lib_a-makebuf.o)
                0x0000000008006c04                __smakebuf_r
 .text          0x0000000008006dbc      0x7a8 d:/quartus15/nios2eds/bin/gnu/h-x86_64-mingw32/bin/../lib/gcc/nios2-elf/4.9.1/../../../../../H-x86_64-mingw32/nios2-elf/lib\libc.a(lib_a-mallocr.o)
                0x0000000008006dbc                _malloc_r
 .text          0x0000000008007564       0xe8 d:/quartus15/nios2eds/bin/gnu/h-x86_64-mingw32/bin/../lib/gcc/nios2-elf/4.9.1/../../../../../H-x86_64-mingw32/nios2-elf/lib\libc.a(lib_a-memchr.o)
                0x0000000008007564                memchr
 .text          0x000000000800764c      0x138 d:/quartus15/nios2eds/bin/gnu/h-x86_64-mingw32/bin/../lib/gcc/nios2-elf/4.9.1/../../../../../H-x86_64-mingw32/nios2-elf/lib\libc.a(lib_a-memcpy.o)
                0x000000000800764c                memcpy
 .text          0x0000000008007784      0x15c d:/quartus15/nios2eds/bin/gnu/h-x86_64-mingw32/bin/../lib/gcc/nios2-elf/4.9.1/../../../../../H-x86_64-mingw32/nios2-elf/lib\libc.a(lib_a-memmove.o)
                0x0000000008007784                memmove
 .text          0x00000000080078e0      0x124 d:/quartus15/nios2eds/bin/gnu/h-x86_64-mingw32/bin/../lib/gcc/nios2-elf/4.9.1/../../../../../H-x86_64-mingw32/nios2-elf/lib\libc.a(lib_a-memset.o)
                0x00000000080078e0                memset
 .text          0x0000000008007a04      0xf8c d:/quartus15/nios2eds/bin/gnu/h-x86_64-mingw32/bin/../lib/gcc/nios2-elf/4.9.1/../../../../../H-x86_64-mingw32/nios2-elf/lib\libc.a(lib_a-mprec.o)
                0x0000000008007a04                _Balloc
                0x0000000008007aac                _Bfree
                0x0000000008007ad4                __multadd
                0x0000000008007be8                __s2b
                0x0000000008007cec                __hi0bits
                0x0000000008007d54                __lo0bits
                0x0000000008007e04                __i2b
                0x0000000008007e40                __multiply
                0x000000000800803c                __pow5mult
                0x000000000800817c                __lshift
                0x00000000080082c4                __mcmp
                0x0000000008008324                __mdiff
                0x00000000080084bc                __ulp
                0x000000000800851c                __b2d
                0x0000000008008638                __d2b
                0x0000000008008774                __ratio
                0x0000000008008818                _mprec_log10
                0x000000000800888c                __copybits
                0x0000000008008904                __any_on
 .text          0x0000000008008990      0x5a0 d:/quartus15/nios2eds/bin/gnu/h-x86_64-mingw32/bin/../lib/gcc/nios2-elf/4.9.1/../../../../../H-x86_64-mingw32/nios2-elf/lib\libc.a(lib_a-reallocr.o)
                0x0000000008008990                _realloc_r
 .text          0x0000000008008f30       0x74 d:/quartus15/nios2eds/bin/gnu/h-x86_64-mingw32/bin/../lib/gcc/nios2-elf/4.9.1/../../../../../H-x86_64-mingw32/nios2-elf/lib\libc.a(lib_a-s_fpclassify.o)
                0x0000000008008f30                __fpclassifyd
 .text          0x0000000008008fa4       0x54 d:/quartus15/nios2eds/bin/gnu/h-x86_64-mingw32/bin/../lib/gcc/nios2-elf/4.9.1/../../../../../H-x86_64-mingw32/nios2-elf/lib\libc.a(lib_a-sbrkr.o)
                0x0000000008008fa4                _sbrk_r
 .text          0x0000000008008ff8      0x13c d:/quartus15/nios2eds/bin/gnu/h-x86_64-mingw32/bin/../lib/gcc/nios2-elf/4.9.1/../../../../../H-x86_64-mingw32/nios2-elf/lib\libc.a(lib_a-stdio.o)
                0x0000000008008ff8                __sread
                0x000000000800904c                __seofread
                0x0000000008009054                __swrite
                0x00000000080090d0                __sseek
                0x000000000800912c                __sclose
 .text          0x0000000008009134       0xa4 d:/quartus15/nios2eds/bin/gnu/h-x86_64-mingw32/bin/../lib/gcc/nios2-elf/4.9.1/../../../../../H-x86_64-mingw32/nios2-elf/lib\libc.a(lib_a-strcmp.o)
                0x0000000008009134                strcmp
 .text          0x00000000080091d8     0x1494 d:/quartus15/nios2eds/bin/gnu/h-x86_64-mingw32/bin/../lib/gcc/nios2-elf/4.9.1/../../../../../H-x86_64-mingw32/nios2-elf/lib\libc.a(lib_a-vfiprintf.o)
                0x00000000080092d4                __sprint_r
                0x00000000080092ec                ___vfiprintf_internal_r
                0x000000000800a648                __vfiprintf_internal
 .text          0x000000000800a66c       0x5c d:/quartus15/nios2eds/bin/gnu/h-x86_64-mingw32/bin/../lib/gcc/nios2-elf/4.9.1/../../../../../H-x86_64-mingw32/nios2-elf/lib\libc.a(lib_a-writer.o)
                0x000000000800a66c                _write_r
 .text          0x000000000800a6c8       0x54 d:/quartus15/nios2eds/bin/gnu/h-x86_64-mingw32/bin/../lib/gcc/nios2-elf/4.9.1/../../../../../H-x86_64-mingw32/nios2-elf/lib\libc.a(closer.o)
                0x000000000800a6c8                _close_r
 .text          0x000000000800a71c       0xc4 d:/quartus15/nios2eds/bin/gnu/h-x86_64-mingw32/bin/../lib/gcc/nios2-elf/4.9.1/../../../../../H-x86_64-mingw32/nios2-elf/lib\libc.a(lib_a-callocr.o)
                0x000000000800a71c                _calloc_r
 .text          0x000000000800a7e0      0x114 d:/quartus15/nios2eds/bin/gnu/h-x86_64-mingw32/bin/../lib/gcc/nios2-elf/4.9.1/../../../../../H-x86_64-mingw32/nios2-elf/lib\libc.a(lib_a-fclose.o)
                0x000000000800a7e0                _fclose_r
                0x000000000800a8e0                fclose
 .text          0x000000000800a8f4      0x1dc d:/quartus15/nios2eds/bin/gnu/h-x86_64-mingw32/bin/../lib/gcc/nios2-elf/4.9.1/../../../../../H-x86_64-mingw32/nios2-elf/lib\libc.a(lib_a-fputwc.o)
                0x000000000800a8f4                _fputwc_r
                0x000000000800aa78                fputwc
 .text          0x000000000800aad0       0x58 d:/quartus15/nios2eds/bin/gnu/h-x86_64-mingw32/bin/../lib/gcc/nios2-elf/4.9.1/../../../../../H-x86_64-mingw32/nios2-elf/lib\libc.a(lib_a-fstatr.o)
                0x000000000800aad0                _fstat_r
 .text          0x000000000800ab28        0x0 d:/quartus15/nios2eds/bin/gnu/h-x86_64-mingw32/bin/../lib/gcc/nios2-elf/4.9.1/../../../../../H-x86_64-mingw32/nios2-elf/lib\libc.a(lib_a-int_errno.o)
 .text          0x000000000800ab28       0x54 d:/quartus15/nios2eds/bin/gnu/h-x86_64-mingw32/bin/../lib/gcc/nios2-elf/4.9.1/../../../../../H-x86_64-mingw32/nios2-elf/lib\libc.a(lib_a-isattyr.o)
                0x000000000800ab28                _isatty_r
 .text          0x000000000800ab7c       0x5c d:/quartus15/nios2eds/bin/gnu/h-x86_64-mingw32/bin/../lib/gcc/nios2-elf/4.9.1/../../../../../H-x86_64-mingw32/nios2-elf/lib\libc.a(lib_a-lseekr.o)
                0x000000000800ab7c                _lseek_r
 .text          0x000000000800abd8       0x5c d:/quartus15/nios2eds/bin/gnu/h-x86_64-mingw32/bin/../lib/gcc/nios2-elf/4.9.1/../../../../../H-x86_64-mingw32/nios2-elf/lib\libc.a(lib_a-readr.o)
                0x000000000800abd8                _read_r
 .text          0x000000000800ac34      0x170 d:/quartus15/nios2eds/bin/gnu/h-x86_64-mingw32/bin/../lib/gcc/nios2-elf/4.9.1/../../../../../H-x86_64-mingw32/nios2-elf/lib\libc.a(lib_a-wbuf.o)
                0x000000000800ac34                __swbuf_r
                0x000000000800ad88                __swbuf
 .text          0x000000000800ada4      0x174 d:/quartus15/nios2eds/bin/gnu/h-x86_64-mingw32/bin/../lib/gcc/nios2-elf/4.9.1/../../../../../H-x86_64-mingw32/nios2-elf/lib\libc.a(lib_a-wcrtomb.o)
                0x000000000800ada4                _wcrtomb_r
                0x000000000800ae40                wcrtomb
 .text          0x000000000800af18       0x8c d:/quartus15/nios2eds/bin/gnu/h-x86_64-mingw32/bin/../lib/gcc/nios2-elf/4.9.1/../../../../../H-x86_64-mingw32/nios2-elf/lib\libc.a(lib_a-wctomb_r.o)
                0x000000000800af18                __ascii_wctomb
                0x000000000800af48                _wctomb_r
 .text          0x000000000800afa4      0x5c0 d:/quartus15/nios2eds/bin/gnu/h-x86_64-mingw32/bin/../lib/gcc/nios2-elf/4.9.1\libgcc.a(_udivdi3.o)
                0x000000000800afa4                __udivdi3
 .text          0x000000000800b564      0x590 d:/quartus15/nios2eds/bin/gnu/h-x86_64-mingw32/bin/../lib/gcc/nios2-elf/4.9.1\libgcc.a(_umoddi3.o)
                0x000000000800b564                __umoddi3
 .text          0x000000000800baf4      0x12c d:/quartus15/nios2eds/bin/gnu/h-x86_64-mingw32/bin/../lib/gcc/nios2-elf/4.9.1\libgcc.a(lib2-divmod.o)
                0x000000000800bb60                __divsi3
                0x000000000800bbb4                __modsi3
                0x000000000800bc10                __udivsi3
                0x000000000800bc18                __umodsi3
 .text          0x000000000800bc20      0x89c d:/quartus15/nios2eds/bin/gnu/h-x86_64-mingw32/bin/../lib/gcc/nios2-elf/4.9.1\libgcc.a(adddf3.o)
                0x000000000800bc20                __adddf3
 .text          0x000000000800c4bc      0x8cc d:/quartus15/nios2eds/bin/gnu/h-x86_64-mingw32/bin/../lib/gcc/nios2-elf/4.9.1\libgcc.a(divdf3.o)
                0x000000000800c4bc                __divdf3
 .text          0x000000000800cd88       0x84 d:/quartus15/nios2eds/bin/gnu/h-x86_64-mingw32/bin/../lib/gcc/nios2-elf/4.9.1\libgcc.a(eqdf2.o)
                0x000000000800cd88                __nedf2
                0x000000000800cd88                __eqdf2
 .text          0x000000000800ce0c       0xe0 d:/quartus15/nios2eds/bin/gnu/h-x86_64-mingw32/bin/../lib/gcc/nios2-elf/4.9.1\libgcc.a(gedf2.o)
                0x000000000800ce0c                __gedf2
                0x000000000800ce0c                __gtdf2
 .text          0x000000000800ceec       0xe0 d:/quartus15/nios2eds/bin/gnu/h-x86_64-mingw32/bin/../lib/gcc/nios2-elf/4.9.1\libgcc.a(ledf2.o)
                0x000000000800ceec                __ledf2
                0x000000000800ceec                __ltdf2
 .text          0x000000000800cfcc      0x724 d:/quartus15/nios2eds/bin/gnu/h-x86_64-mingw32/bin/../lib/gcc/nios2-elf/4.9.1\libgcc.a(muldf3.o)
                0x000000000800cfcc                __muldf3
 .text          0x000000000800d6f0      0x8d0 d:/quartus15/nios2eds/bin/gnu/h-x86_64-mingw32/bin/../lib/gcc/nios2-elf/4.9.1\libgcc.a(subdf3.o)
                0x000000000800d6f0                __subdf3
 .text          0x000000000800dfc0       0x88 d:/quartus15/nios2eds/bin/gnu/h-x86_64-mingw32/bin/../lib/gcc/nios2-elf/4.9.1\libgcc.a(fixdfsi.o)
                0x000000000800dfc0                __fixdfsi
 .text          0x000000000800e048       0xd0 d:/quartus15/nios2eds/bin/gnu/h-x86_64-mingw32/bin/../lib/gcc/nios2-elf/4.9.1\libgcc.a(floatsidf.o)
                0x000000000800e048                __floatsidf
 .text          0x000000000800e118       0xa4 d:/quartus15/nios2eds/bin/gnu/h-x86_64-mingw32/bin/../lib/gcc/nios2-elf/4.9.1\libgcc.a(floatunsidf.o)
                0x000000000800e118                __floatunsidf
 .text          0x000000000800e1bc        0x0 d:/quartus15/nios2eds/bin/gnu/h-x86_64-mingw32/bin/../lib/gcc/nios2-elf/4.9.1\libgcc.a(_clz.o)
 .text          0x000000000800e1bc       0x64 d:/quartus15/nios2eds/bin/gnu/h-x86_64-mingw32/bin/../lib/gcc/nios2-elf/4.9.1\libgcc.a(_clzsi2.o)
                0x000000000800e1bc                __clzsi2
 .text          0x000000000800e220      0x120 ../cpen391project_bsp/\libhal_bsp.a(alt_close.o)
                0x000000000800e270                close
 .text          0x000000000800e340       0x2c ../cpen391project_bsp/\libhal_bsp.a(alt_dev.o)
 .text          0x000000000800e36c        0x0 ../cpen391project_bsp/\libhal_bsp.a(alt_errno.o)
 .text          0x000000000800e36c      0x100 ../cpen391project_bsp/\libhal_bsp.a(alt_fstat.o)
                0x000000000800e3bc                fstat
 .text          0x000000000800e46c       0xf4 ../cpen391project_bsp/\libhal_bsp.a(alt_isatty.o)
                0x000000000800e4bc                isatty
 .text          0x000000000800e560       0xe4 ../cpen391project_bsp/\libhal_bsp.a(alt_load.o)
                0x000000000800e5c4                alt_load
 .text          0x000000000800e644      0x124 ../cpen391project_bsp/\libhal_bsp.a(alt_lseek.o)
                0x000000000800e694                lseek
 .text          0x000000000800e768       0x78 ../cpen391project_bsp/\libhal_bsp.a(alt_main.o)
                0x000000000800e768                alt_main
 .text          0x000000000800e7e0       0x40 ../cpen391project_bsp/\libhal_bsp.a(alt_malloc_lock.o)
                0x000000000800e7e0                __malloc_lock
                0x000000000800e800                __malloc_unlock
 .text          0x000000000800e820      0x14c ../cpen391project_bsp/\libhal_bsp.a(alt_read.o)
                0x000000000800e870                read
 .text          0x000000000800e96c       0x60 ../cpen391project_bsp/\libhal_bsp.a(alt_release_fd.o)
                0x000000000800e96c                alt_release_fd
 .text          0x000000000800e9cc       0xb0 ../cpen391project_bsp/\libhal_bsp.a(alt_sbrk.o)
                0x000000000800e9cc                sbrk
 .text          0x000000000800ea7c      0x148 ../cpen391project_bsp/\libhal_bsp.a(alt_write.o)
                0x000000000800eacc                write
 .text          0x000000000800ebc4       0xdc ../cpen391project_bsp/\libhal_bsp.a(alt_sys_init.o)
                0x000000000800ebfc                alt_irq_init
                0x000000000800ec30                alt_sys_init
 .text          0x000000000800eca0      0x164 ../cpen391project_bsp/\libhal_bsp.a(altera_avalon_jtag_uart_fd.o)
                0x000000000800eca0                altera_avalon_jtag_uart_read_fd
                0x000000000800ed00                altera_avalon_jtag_uart_write_fd
                0x000000000800ed60                altera_avalon_jtag_uart_close_fd
                0x000000000800edb0                altera_avalon_jtag_uart_ioctl_fd
 .text          0x000000000800ee04      0x3d8 ../cpen391project_bsp/\libhal_bsp.a(altera_avalon_jtag_uart_init.o)
                0x000000000800ee04                altera_avalon_jtag_uart_init
                0x000000000800f174                altera_avalon_jtag_uart_close
 .text          0x000000000800f1dc       0xec ../cpen391project_bsp/\libhal_bsp.a(altera_avalon_jtag_uart_ioctl.o)
                0x000000000800f1dc                altera_avalon_jtag_uart_ioctl
 .text          0x000000000800f2c8      0x20c ../cpen391project_bsp/\libhal_bsp.a(altera_avalon_jtag_uart_read.o)
                0x000000000800f2c8                altera_avalon_jtag_uart_read
 .text          0x000000000800f4d4      0x218 ../cpen391project_bsp/\libhal_bsp.a(altera_avalon_jtag_uart_write.o)
                0x000000000800f4d4                altera_avalon_jtag_uart_write
 .text          0x000000000800f6ec       0xfc ../cpen391project_bsp/\libhal_bsp.a(altera_avalon_timer_sc.o)
                0x000000000800f760                alt_avalon_timer_sc_init
 .text          0x000000000800f7e8      0x4d8 ../cpen391project_bsp/\libhal_bsp.a(altera_up_avalon_character_lcd.o)
                0x000000000800f7e8                get_DDRAM_addr
                0x000000000800f85c                alt_up_character_lcd_send_cmd
                0x000000000800f898                alt_up_character_lcd_init
                0x000000000800f8cc                alt_up_character_lcd_open_dev
                0x000000000800f90c                alt_up_character_lcd_write
                0x000000000800f984                alt_up_character_lcd_string
                0x000000000800f9f8                alt_up_character_lcd_write_fd
                0x000000000800fa48                alt_up_character_lcd_set_cursor_pos
                0x000000000800fabc                alt_up_character_lcd_shift_cursor
                0x000000000800fb44                alt_up_character_lcd_shift_display
                0x000000000800fbcc                alt_up_character_lcd_erase_pos
                0x000000000800fc58                alt_up_character_lcd_cursor_off
                0x000000000800fc8c                alt_up_character_lcd_cursor_blink_on
 .text          0x000000000800fcc0      0x140 ../cpen391project_bsp/\libhal_bsp.a(alt_alarm_start.o)
                0x000000000800fcc0                alt_alarm_start
 .text          0x000000000800fe00       0x1c ../cpen391project_bsp/\libhal_bsp.a(alt_dcache_flush_all.o)
                0x000000000800fe00                alt_dcache_flush_all
 .text          0x000000000800fe1c       0xf4 ../cpen391project_bsp/\libhal_bsp.a(alt_dev_llist_insert.o)
                0x000000000800fe6c                alt_dev_llist_insert
 .text          0x000000000800ff10       0x5c ../cpen391project_bsp/\libhal_bsp.a(alt_do_ctors.o)
                0x000000000800ff10                _do_ctors
 .text          0x000000000800ff6c       0x5c ../cpen391project_bsp/\libhal_bsp.a(alt_do_dtors.o)
                0x000000000800ff6c                _do_dtors
 .text          0x000000000800ffc8       0x90 ../cpen391project_bsp/\libhal_bsp.a(alt_find_dev.o)
                0x000000000800ffc8                alt_find_dev
 .text          0x0000000008010058       0x30 ../cpen391project_bsp/\libhal_bsp.a(alt_icache_flush_all.o)
                0x0000000008010058                alt_icache_flush_all
 .text          0x0000000008010088      0x1e0 ../cpen391project_bsp/\libhal_bsp.a(alt_iic.o)
                0x0000000008010088                alt_ic_isr_register
                0x00000000080100d8                alt_ic_irq_enable
                0x0000000008010178                alt_ic_irq_disable
                0x000000000801021c                alt_ic_irq_enabled
 .text          0x0000000008010268       0xf0 ../cpen391project_bsp/\libhal_bsp.a(alt_iic_isr_register.o)
                0x0000000008010268                alt_iic_isr_register
 .text          0x0000000008010358      0x138 ../cpen391project_bsp/\libhal_bsp.a(alt_io_redirect.o)
                0x0000000008010418                alt_io_redirect
 .text          0x0000000008010490        0x0 ../cpen391project_bsp/\libhal_bsp.a(alt_irq_entry.o)
 .text          0x0000000008010490        0x0 ../cpen391project_bsp/\libhal_bsp.a(alt_irq_handler.o)
 .text          0x0000000008010490        0x0 ../cpen391project_bsp/\libhal_bsp.a(alt_irq_vars.o)
 .text          0x0000000008010490      0x274 ../cpen391project_bsp/\libhal_bsp.a(alt_open.o)
                0x00000000080105ac                open
 .text          0x0000000008010704      0x19c ../cpen391project_bsp/\libhal_bsp.a(alt_tick.o)
                0x0000000008010704                alt_alarm_stop
                0x000000000801079c                alt_tick
 .text          0x00000000080108a0       0x20 ../cpen391project_bsp/\libhal_bsp.a(altera_nios2_qsys_irq.o)
                0x00000000080108a0                altera_nios2_qsys_irq_init
 .text          0x00000000080108c0        0x0 ../cpen391project_bsp/\libhal_bsp.a(alt_exception_entry.o)
 .text          0x00000000080108c0      0x114 ../cpen391project_bsp/\libhal_bsp.a(alt_find_file.o)
                0x00000000080108c0                alt_find_file
 .text          0x00000000080109d4       0xb4 ../cpen391project_bsp/\libhal_bsp.a(alt_get_fd.o)
                0x00000000080109d4                alt_get_fd
 .text          0x0000000008010a88       0x8c ../cpen391project_bsp/\libhal_bsp.a(alt_icache_flush.o)
                0x0000000008010a88                alt_icache_flush
 .text          0x0000000008010b14       0x14 d:/quartus15/nios2eds/bin/gnu/h-x86_64-mingw32/bin/../lib/gcc/nios2-elf/4.9.1/../../../../../H-x86_64-mingw32/nios2-elf/lib\libc.a(lib_a-atexit.o)
                0x0000000008010b14                atexit
 .text          0x0000000008010b28       0x38 d:/quartus15/nios2eds/bin/gnu/h-x86_64-mingw32/bin/../lib/gcc/nios2-elf/4.9.1/../../../../../H-x86_64-mingw32/nios2-elf/lib\libc.a(lib_a-exit.o)
                0x0000000008010b28                exit
 .text          0x0000000008010b60       0x7c d:/quartus15/nios2eds/bin/gnu/h-x86_64-mingw32/bin/../lib/gcc/nios2-elf/4.9.1/../../../../../H-x86_64-mingw32/nios2-elf/lib\libc.a(lib_a-memcmp.o)
                0x0000000008010b60                memcmp
 .text          0x0000000008010bdc      0x114 d:/quartus15/nios2eds/bin/gnu/h-x86_64-mingw32/bin/../lib/gcc/nios2-elf/4.9.1/../../../../../H-x86_64-mingw32/nios2-elf/lib\libc.a(lib_a-__atexit.o)
                0x0000000008010bdc                __register_exitproc
 .text          0x0000000008010cf0      0x194 d:/quartus15/nios2eds/bin/gnu/h-x86_64-mingw32/bin/../lib/gcc/nios2-elf/4.9.1/../../../../../H-x86_64-mingw32/nios2-elf/lib\libc.a(lib_a-__call_atexit.o)
                0x0000000008010cf0                __call_exitprocs
 .text          0x0000000008010e84       0x34 ../cpen391project_bsp/\libhal_bsp.a(alt_exit.o)
                0x0000000008010e84                _exit
 *(.gnu.warning.*)
 *(.fini)
                0x0000000008010eb8                PROVIDE (__etext, ABSOLUTE (.))
                0x0000000008010eb8                PROVIDE (_etext, ABSOLUTE (.))
                0x0000000008010eb8                PROVIDE (etext, ABSOLUTE (.))
 *(.eh_frame_hdr)
                0x0000000008010eb8                . = ALIGN (0x4)
                0x0000000008010eb8                PROVIDE (__preinit_array_start, ABSOLUTE (.))
 *(.preinit_array)
                0x0000000008010eb8                PROVIDE (__preinit_array_end, ABSOLUTE (.))
                0x0000000008010eb8                PROVIDE (__init_array_start, ABSOLUTE (.))
 *(.init_array)
                0x0000000008010eb8                PROVIDE (__init_array_end, ABSOLUTE (.))
                0x0000000008010eb8                PROVIDE (__fini_array_start, ABSOLUTE (.))
 *(.fini_array)
                0x0000000008010eb8                PROVIDE (__fini_array_end, ABSOLUTE (.))
 *(.eh_frame)
 *(.gcc_except_table .gcc_except_table.*)
 *(.dynamic)
                0x0000000008010eb8                PROVIDE (__CTOR_LIST__, ABSOLUTE (.))
 *(.ctors)
 *(SORT(.ctors.*))
                0x0000000008010eb8                PROVIDE (__CTOR_END__, ABSOLUTE (.))
                0x0000000008010eb8                PROVIDE (__DTOR_LIST__, ABSOLUTE (.))
 *(.dtors)
 *(SORT(.dtors.*))
                0x0000000008010eb8                PROVIDE (__DTOR_END__, ABSOLUTE (.))
 *(.jcr)
                0x0000000008010eb8                . = ALIGN (0x4)

.rodata         0x0000000008010eb8     0xace4
                0x0000000008010eb8                PROVIDE (__ram_rodata_start, ABSOLUTE (.))
                0x0000000008010eb8                . = ALIGN (0x4)
 *(.rodata .rodata.* .gnu.linkonce.r.*)
 .rodata        0x0000000008010eb8      0x400 obj/default/ColourPallette.o
                0x0000000008010eb8                ColourPalletteData
 .rodata        0x00000000080112b8       0x18 obj/default/Graphics.o
 .rodata        0x00000000080112d0     0xa524 obj/default/OutGraphicsCharFont2.o
                0x00000000080112d0                Font5x7
                0x000000000801156a                Font10x14
                0x0000000008011fce                Font16x27
                0x00000000080133d8                Font22x40
                0x0000000008016060                Font38x59
 .rodata        0x000000000801b7f4       0x34 obj/default/arduino.o
 .rodata        0x000000000801b828       0x5c obj/default/cpen391project.o
 .rodata.str1.4
                0x000000000801b884        0x2 d:/quartus15/nios2eds/bin/gnu/h-x86_64-mingw32/bin/../lib/gcc/nios2-elf/4.9.1/../../../../../H-x86_64-mingw32/nios2-elf/lib\libc.a(lib_a-puts.o)
                                          0x4 (size before relaxing)
 *fill*         0x000000000801b886        0x2 
 .rodata.str1.4
                0x000000000801b888       0x42 d:/quartus15/nios2eds/bin/gnu/h-x86_64-mingw32/bin/../lib/gcc/nios2-elf/4.9.1/../../../../../H-x86_64-mingw32/nios2-elf/lib\libc.a(lib_a-vfprintf.o)
                                         0x44 (size before relaxing)
 .rodata        0x000000000801b8ca       0x20 d:/quartus15/nios2eds/bin/gnu/h-x86_64-mingw32/bin/../lib/gcc/nios2-elf/4.9.1/../../../../../H-x86_64-mingw32/nios2-elf/lib\libc.a(lib_a-vfprintf.o)
 *fill*         0x000000000801b8ea        0x2 
 .rodata.str1.4
                0x000000000801b8ec       0x10 d:/quartus15/nios2eds/bin/gnu/h-x86_64-mingw32/bin/../lib/gcc/nios2-elf/4.9.1/../../../../../H-x86_64-mingw32/nios2-elf/lib\libc.a(lib_a-dtoa.o)
                                         0x14 (size before relaxing)
 .rodata.str1.4
                0x000000000801b8fc        0x2 d:/quartus15/nios2eds/bin/gnu/h-x86_64-mingw32/bin/../lib/gcc/nios2-elf/4.9.1/../../../../../H-x86_64-mingw32/nios2-elf/lib\libc.a(lib_a-impure.o)
                                          0x4 (size before relaxing)
 *fill*         0x000000000801b8fe        0x2 
 .rodata.str1.4
                0x000000000801b900        0xc d:/quartus15/nios2eds/bin/gnu/h-x86_64-mingw32/bin/../lib/gcc/nios2-elf/4.9.1/../../../../../H-x86_64-mingw32/nios2-elf/lib\libc.a(lib_a-locale.o)
                                         0x14 (size before relaxing)
 .rodata        0x000000000801b90c      0x124 d:/quartus15/nios2eds/bin/gnu/h-x86_64-mingw32/bin/../lib/gcc/nios2-elf/4.9.1/../../../../../H-x86_64-mingw32/nios2-elf/lib\libc.a(lib_a-mprec.o)
                0x000000000801b918                __mprec_tinytens
                0x000000000801b940                __mprec_bigtens
                0x000000000801b968                __mprec_tens
 .rodata.str1.4
                0x0000000000000000       0x30 d:/quartus15/nios2eds/bin/gnu/h-x86_64-mingw32/bin/../lib/gcc/nios2-elf/4.9.1/../../../../../H-x86_64-mingw32/nios2-elf/lib\libc.a(lib_a-vfiprintf.o)
 .rodata        0x000000000801ba30       0x20 d:/quartus15/nios2eds/bin/gnu/h-x86_64-mingw32/bin/../lib/gcc/nios2-elf/4.9.1/../../../../../H-x86_64-mingw32/nios2-elf/lib\libc.a(lib_a-vfiprintf.o)
 .rodata        0x000000000801ba50      0x100 d:/quartus15/nios2eds/bin/gnu/h-x86_64-mingw32/bin/../lib/gcc/nios2-elf/4.9.1\libgcc.a(_clz.o)
                0x000000000801ba50                __clz_tab
 .rodata        0x000000000801bb50        0xc ../cpen391project_bsp/\libhal_bsp.a(alt_dev.o)
 .rodata        0x000000000801bb5c       0x14 ../cpen391project_bsp/\libhal_bsp.a(alt_main.o)
 .rodata        0x000000000801bb70       0x2c ../cpen391project_bsp/\libhal_bsp.a(alt_sys_init.o)
 *(.rodata1)
                0x000000000801bb9c                . = ALIGN (0x4)
                0x000000000801bb9c                PROVIDE (__ram_rodata_end, ABSOLUTE (.))
                0x0000000008010eb8                PROVIDE (__flash_rodata_start, LOADADDR (.rodata))

.rwdata         0x000000000801bb9c     0x1b1c load address 0x000000000801d6b8
                0x000000000801bb9c                PROVIDE (__ram_rwdata_start, ABSOLUTE (.))
                0x000000000801bb9c                . = ALIGN (0x4)
 *(.got.plt)
 *(.got)
 *(.data1)
 *(.data .data.* .gnu.linkonce.d.*)
 .data          0x000000000801bb9c        0x0 ../cpen391project_bsp//obj/HAL/src/crt0.o
 .data          0x000000000801bb9c        0x0 obj/default/Bresenhams_Line_Drawing_Algorithm.o
 .data          0x000000000801bb9c        0x0 obj/default/ColourPallette.o
 .data          0x000000000801bb9c        0x0 obj/default/Fill.o
 .data          0x000000000801bb9c        0x0 obj/default/Graphics.o
 .data          0x000000000801bb9c        0x0 obj/default/OutGraphicsCharFont2.o
 .data          0x000000000801bb9c        0x0 obj/default/TouchScreen.o
 .data          0x000000000801bb9c        0x0 obj/default/arduino.o
 .data          0x000000000801bb9c        0x0 obj/default/cpen391project.o
 .data          0x000000000801bb9c        0x0 obj/default/initial.o
 .data          0x000000000801bb9c        0x0 d:/quartus15/nios2eds/bin/gnu/h-x86_64-mingw32/bin/../lib/gcc/nios2-elf/4.9.1/../../../../../H-x86_64-mingw32/nios2-elf/lib\libc.a(lib_a-printf.o)
 .data          0x000000000801bb9c        0x0 d:/quartus15/nios2eds/bin/gnu/h-x86_64-mingw32/bin/../lib/gcc/nios2-elf/4.9.1/../../../../../H-x86_64-mingw32/nios2-elf/lib\libc.a(lib_a-puts.o)
 .data          0x000000000801bb9c        0x0 d:/quartus15/nios2eds/bin/gnu/h-x86_64-mingw32/bin/../lib/gcc/nios2-elf/4.9.1/../../../../../H-x86_64-mingw32/nios2-elf/lib\libc.a(lib_a-strlen.o)
 .data          0x000000000801bb9c        0x0 d:/quartus15/nios2eds/bin/gnu/h-x86_64-mingw32/bin/../lib/gcc/nios2-elf/4.9.1/../../../../../H-x86_64-mingw32/nios2-elf/lib\libc.a(lib_a-vfprintf.o)
 .data          0x000000000801bb9c        0x0 d:/quartus15/nios2eds/bin/gnu/h-x86_64-mingw32/bin/../lib/gcc/nios2-elf/4.9.1/../../../../../H-x86_64-mingw32/nios2-elf/lib\libc.a(lib_a-wsetup.o)
 .data          0x000000000801bb9c        0x0 d:/quartus15/nios2eds/bin/gnu/h-x86_64-mingw32/bin/../lib/gcc/nios2-elf/4.9.1/../../../../../H-x86_64-mingw32/nios2-elf/lib\libc.a(lib_a-dtoa.o)
 .data          0x000000000801bb9c        0x0 d:/quartus15/nios2eds/bin/gnu/h-x86_64-mingw32/bin/../lib/gcc/nios2-elf/4.9.1/../../../../../H-x86_64-mingw32/nios2-elf/lib\libc.a(lib_a-fflush.o)
 .data          0x000000000801bb9c        0x0 d:/quartus15/nios2eds/bin/gnu/h-x86_64-mingw32/bin/../lib/gcc/nios2-elf/4.9.1/../../../../../H-x86_64-mingw32/nios2-elf/lib\libc.a(lib_a-findfp.o)
 .data          0x000000000801bb9c        0x0 d:/quartus15/nios2eds/bin/gnu/h-x86_64-mingw32/bin/../lib/gcc/nios2-elf/4.9.1/../../../../../H-x86_64-mingw32/nios2-elf/lib\libc.a(lib_a-freer.o)
 .data          0x000000000801bb9c        0x0 d:/quartus15/nios2eds/bin/gnu/h-x86_64-mingw32/bin/../lib/gcc/nios2-elf/4.9.1/../../../../../H-x86_64-mingw32/nios2-elf/lib\libc.a(lib_a-fvwrite.o)
 .data          0x000000000801bb9c        0x0 d:/quartus15/nios2eds/bin/gnu/h-x86_64-mingw32/bin/../lib/gcc/nios2-elf/4.9.1/../../../../../H-x86_64-mingw32/nios2-elf/lib\libc.a(lib_a-fwalk.o)
 .data          0x000000000801bb9c      0x424 d:/quartus15/nios2eds/bin/gnu/h-x86_64-mingw32/bin/../lib/gcc/nios2-elf/4.9.1/../../../../../H-x86_64-mingw32/nios2-elf/lib\libc.a(lib_a-impure.o)
 .data          0x000000000801bfc0       0x78 d:/quartus15/nios2eds/bin/gnu/h-x86_64-mingw32/bin/../lib/gcc/nios2-elf/4.9.1/../../../../../H-x86_64-mingw32/nios2-elf/lib\libc.a(lib_a-locale.o)
 .data          0x000000000801c038        0x0 d:/quartus15/nios2eds/bin/gnu/h-x86_64-mingw32/bin/../lib/gcc/nios2-elf/4.9.1/../../../../../H-x86_64-mingw32/nios2-elf/lib\libc.a(lib_a-makebuf.o)
 .data          0x000000000801c038      0x408 d:/quartus15/nios2eds/bin/gnu/h-x86_64-mingw32/bin/../lib/gcc/nios2-elf/4.9.1/../../../../../H-x86_64-mingw32/nios2-elf/lib\libc.a(lib_a-mallocr.o)
                0x000000000801c038                __malloc_av_
 .data          0x000000000801c440        0x0 d:/quartus15/nios2eds/bin/gnu/h-x86_64-mingw32/bin/../lib/gcc/nios2-elf/4.9.1/../../../../../H-x86_64-mingw32/nios2-elf/lib\libc.a(lib_a-memchr.o)
 .data          0x000000000801c440        0x0 d:/quartus15/nios2eds/bin/gnu/h-x86_64-mingw32/bin/../lib/gcc/nios2-elf/4.9.1/../../../../../H-x86_64-mingw32/nios2-elf/lib\libc.a(lib_a-memcpy.o)
 .data          0x000000000801c440        0x0 d:/quartus15/nios2eds/bin/gnu/h-x86_64-mingw32/bin/../lib/gcc/nios2-elf/4.9.1/../../../../../H-x86_64-mingw32/nios2-elf/lib\libc.a(lib_a-memmove.o)
 .data          0x000000000801c440        0x0 d:/quartus15/nios2eds/bin/gnu/h-x86_64-mingw32/bin/../lib/gcc/nios2-elf/4.9.1/../../../../../H-x86_64-mingw32/nios2-elf/lib\libc.a(lib_a-memset.o)
 .data          0x000000000801c440        0x0 d:/quartus15/nios2eds/bin/gnu/h-x86_64-mingw32/bin/../lib/gcc/nios2-elf/4.9.1/../../../../../H-x86_64-mingw32/nios2-elf/lib\libc.a(lib_a-mprec.o)
 .data          0x000000000801c440        0x0 d:/quartus15/nios2eds/bin/gnu/h-x86_64-mingw32/bin/../lib/gcc/nios2-elf/4.9.1/../../../../../H-x86_64-mingw32/nios2-elf/lib\libc.a(lib_a-reallocr.o)
 .data          0x000000000801c440        0x0 d:/quartus15/nios2eds/bin/gnu/h-x86_64-mingw32/bin/../lib/gcc/nios2-elf/4.9.1/../../../../../H-x86_64-mingw32/nios2-elf/lib\libc.a(lib_a-s_fpclassify.o)
 .data          0x000000000801c440        0x0 d:/quartus15/nios2eds/bin/gnu/h-x86_64-mingw32/bin/../lib/gcc/nios2-elf/4.9.1/../../../../../H-x86_64-mingw32/nios2-elf/lib\libc.a(lib_a-sbrkr.o)
 .data          0x000000000801c440        0x0 d:/quartus15/nios2eds/bin/gnu/h-x86_64-mingw32/bin/../lib/gcc/nios2-elf/4.9.1/../../../../../H-x86_64-mingw32/nios2-elf/lib\libc.a(lib_a-stdio.o)
 .data          0x000000000801c440        0x0 d:/quartus15/nios2eds/bin/gnu/h-x86_64-mingw32/bin/../lib/gcc/nios2-elf/4.9.1/../../../../../H-x86_64-mingw32/nios2-elf/lib\libc.a(lib_a-strcmp.o)
 .data          0x000000000801c440        0x0 d:/quartus15/nios2eds/bin/gnu/h-x86_64-mingw32/bin/../lib/gcc/nios2-elf/4.9.1/../../../../../H-x86_64-mingw32/nios2-elf/lib\libc.a(lib_a-vfiprintf.o)
 .data          0x000000000801c440        0x0 d:/quartus15/nios2eds/bin/gnu/h-x86_64-mingw32/bin/../lib/gcc/nios2-elf/4.9.1/../../../../../H-x86_64-mingw32/nios2-elf/lib\libc.a(lib_a-writer.o)
 .data          0x000000000801c440        0x0 d:/quartus15/nios2eds/bin/gnu/h-x86_64-mingw32/bin/../lib/gcc/nios2-elf/4.9.1/../../../../../H-x86_64-mingw32/nios2-elf/lib\libc.a(closer.o)
 .data          0x000000000801c440        0x0 d:/quartus15/nios2eds/bin/gnu/h-x86_64-mingw32/bin/../lib/gcc/nios2-elf/4.9.1/../../../../../H-x86_64-mingw32/nios2-elf/lib\libc.a(lib_a-callocr.o)
 .data          0x000000000801c440        0x0 d:/quartus15/nios2eds/bin/gnu/h-x86_64-mingw32/bin/../lib/gcc/nios2-elf/4.9.1/../../../../../H-x86_64-mingw32/nios2-elf/lib\libc.a(lib_a-fclose.o)
 .data          0x000000000801c440        0x0 d:/quartus15/nios2eds/bin/gnu/h-x86_64-mingw32/bin/../lib/gcc/nios2-elf/4.9.1/../../../../../H-x86_64-mingw32/nios2-elf/lib\libc.a(lib_a-fputwc.o)
 .data          0x000000000801c440        0x0 d:/quartus15/nios2eds/bin/gnu/h-x86_64-mingw32/bin/../lib/gcc/nios2-elf/4.9.1/../../../../../H-x86_64-mingw32/nios2-elf/lib\libc.a(lib_a-fstatr.o)
 .data          0x000000000801c440        0x0 d:/quartus15/nios2eds/bin/gnu/h-x86_64-mingw32/bin/../lib/gcc/nios2-elf/4.9.1/../../../../../H-x86_64-mingw32/nios2-elf/lib\libc.a(lib_a-int_errno.o)
 .data          0x000000000801c440        0x0 d:/quartus15/nios2eds/bin/gnu/h-x86_64-mingw32/bin/../lib/gcc/nios2-elf/4.9.1/../../../../../H-x86_64-mingw32/nios2-elf/lib\libc.a(lib_a-isattyr.o)
 .data          0x000000000801c440        0x0 d:/quartus15/nios2eds/bin/gnu/h-x86_64-mingw32/bin/../lib/gcc/nios2-elf/4.9.1/../../../../../H-x86_64-mingw32/nios2-elf/lib\libc.a(lib_a-lseekr.o)
 .data          0x000000000801c440        0x0 d:/quartus15/nios2eds/bin/gnu/h-x86_64-mingw32/bin/../lib/gcc/nios2-elf/4.9.1/../../../../../H-x86_64-mingw32/nios2-elf/lib\libc.a(lib_a-readr.o)
 .data          0x000000000801c440        0x0 d:/quartus15/nios2eds/bin/gnu/h-x86_64-mingw32/bin/../lib/gcc/nios2-elf/4.9.1/../../../../../H-x86_64-mingw32/nios2-elf/lib\libc.a(lib_a-wbuf.o)
 .data          0x000000000801c440        0x0 d:/quartus15/nios2eds/bin/gnu/h-x86_64-mingw32/bin/../lib/gcc/nios2-elf/4.9.1/../../../../../H-x86_64-mingw32/nios2-elf/lib\libc.a(lib_a-wcrtomb.o)
 .data          0x000000000801c440        0x0 d:/quartus15/nios2eds/bin/gnu/h-x86_64-mingw32/bin/../lib/gcc/nios2-elf/4.9.1/../../../../../H-x86_64-mingw32/nios2-elf/lib\libc.a(lib_a-wctomb_r.o)
 .data          0x000000000801c440        0x0 d:/quartus15/nios2eds/bin/gnu/h-x86_64-mingw32/bin/../lib/gcc/nios2-elf/4.9.1\libgcc.a(_udivdi3.o)
 .data          0x000000000801c440        0x0 d:/quartus15/nios2eds/bin/gnu/h-x86_64-mingw32/bin/../lib/gcc/nios2-elf/4.9.1\libgcc.a(_umoddi3.o)
 .data          0x000000000801c440        0x0 d:/quartus15/nios2eds/bin/gnu/h-x86_64-mingw32/bin/../lib/gcc/nios2-elf/4.9.1\libgcc.a(lib2-divmod.o)
 .data          0x000000000801c440        0x0 d:/quartus15/nios2eds/bin/gnu/h-x86_64-mingw32/bin/../lib/gcc/nios2-elf/4.9.1\libgcc.a(adddf3.o)
 .data          0x000000000801c440        0x0 d:/quartus15/nios2eds/bin/gnu/h-x86_64-mingw32/bin/../lib/gcc/nios2-elf/4.9.1\libgcc.a(divdf3.o)
 .data          0x000000000801c440        0x0 d:/quartus15/nios2eds/bin/gnu/h-x86_64-mingw32/bin/../lib/gcc/nios2-elf/4.9.1\libgcc.a(eqdf2.o)
 .data          0x000000000801c440        0x0 d:/quartus15/nios2eds/bin/gnu/h-x86_64-mingw32/bin/../lib/gcc/nios2-elf/4.9.1\libgcc.a(gedf2.o)
 .data          0x000000000801c440        0x0 d:/quartus15/nios2eds/bin/gnu/h-x86_64-mingw32/bin/../lib/gcc/nios2-elf/4.9.1\libgcc.a(ledf2.o)
 .data          0x000000000801c440        0x0 d:/quartus15/nios2eds/bin/gnu/h-x86_64-mingw32/bin/../lib/gcc/nios2-elf/4.9.1\libgcc.a(muldf3.o)
 .data          0x000000000801c440        0x0 d:/quartus15/nios2eds/bin/gnu/h-x86_64-mingw32/bin/../lib/gcc/nios2-elf/4.9.1\libgcc.a(subdf3.o)
 .data          0x000000000801c440        0x0 d:/quartus15/nios2eds/bin/gnu/h-x86_64-mingw32/bin/../lib/gcc/nios2-elf/4.9.1\libgcc.a(fixdfsi.o)
 .data          0x000000000801c440        0x0 d:/quartus15/nios2eds/bin/gnu/h-x86_64-mingw32/bin/../lib/gcc/nios2-elf/4.9.1\libgcc.a(floatsidf.o)
 .data          0x000000000801c440        0x0 d:/quartus15/nios2eds/bin/gnu/h-x86_64-mingw32/bin/../lib/gcc/nios2-elf/4.9.1\libgcc.a(floatunsidf.o)
 .data          0x000000000801c440        0x0 d:/quartus15/nios2eds/bin/gnu/h-x86_64-mingw32/bin/../lib/gcc/nios2-elf/4.9.1\libgcc.a(_clz.o)
 .data          0x000000000801c440        0x0 d:/quartus15/nios2eds/bin/gnu/h-x86_64-mingw32/bin/../lib/gcc/nios2-elf/4.9.1\libgcc.a(_clzsi2.o)
 .data          0x000000000801c440        0x0 ../cpen391project_bsp/\libhal_bsp.a(alt_close.o)
 .data          0x000000000801c440      0x1a8 ../cpen391project_bsp/\libhal_bsp.a(alt_dev.o)
                0x000000000801c440                alt_dev_null
                0x000000000801c468                alt_fd_list
 .data          0x000000000801c5e8        0x0 ../cpen391project_bsp/\libhal_bsp.a(alt_errno.o)
 .data          0x000000000801c5e8        0x0 ../cpen391project_bsp/\libhal_bsp.a(alt_fstat.o)
 .data          0x000000000801c5e8        0x0 ../cpen391project_bsp/\libhal_bsp.a(alt_isatty.o)
 .data          0x000000000801c5e8        0x0 ../cpen391project_bsp/\libhal_bsp.a(alt_load.o)
 .data          0x000000000801c5e8        0x0 ../cpen391project_bsp/\libhal_bsp.a(alt_lseek.o)
 .data          0x000000000801c5e8        0x0 ../cpen391project_bsp/\libhal_bsp.a(alt_main.o)
 .data          0x000000000801c5e8        0x0 ../cpen391project_bsp/\libhal_bsp.a(alt_malloc_lock.o)
 .data          0x000000000801c5e8        0x0 ../cpen391project_bsp/\libhal_bsp.a(alt_read.o)
 .data          0x000000000801c5e8        0x0 ../cpen391project_bsp/\libhal_bsp.a(alt_release_fd.o)
 .data          0x000000000801c5e8        0x0 ../cpen391project_bsp/\libhal_bsp.a(alt_sbrk.o)
 .data          0x000000000801c5e8        0x0 ../cpen391project_bsp/\libhal_bsp.a(alt_write.o)
 .data          0x000000000801c5e8     0x108c ../cpen391project_bsp/\libhal_bsp.a(alt_sys_init.o)
 .data          0x000000000801d674        0x0 ../cpen391project_bsp/\libhal_bsp.a(altera_avalon_jtag_uart_fd.o)
 .data          0x000000000801d674        0x0 ../cpen391project_bsp/\libhal_bsp.a(altera_avalon_jtag_uart_init.o)
 .data          0x000000000801d674        0x0 ../cpen391project_bsp/\libhal_bsp.a(altera_avalon_jtag_uart_ioctl.o)
 .data          0x000000000801d674        0x0 ../cpen391project_bsp/\libhal_bsp.a(altera_avalon_jtag_uart_read.o)
 .data          0x000000000801d674        0x0 ../cpen391project_bsp/\libhal_bsp.a(altera_avalon_jtag_uart_write.o)
 .data          0x000000000801d674        0x0 ../cpen391project_bsp/\libhal_bsp.a(altera_avalon_timer_sc.o)
 .data          0x000000000801d674        0x0 ../cpen391project_bsp/\libhal_bsp.a(altera_up_avalon_character_lcd.o)
 .data          0x000000000801d674        0x0 ../cpen391project_bsp/\libhal_bsp.a(alt_alarm_start.o)
 .data          0x000000000801d674        0x0 ../cpen391project_bsp/\libhal_bsp.a(alt_dcache_flush_all.o)
 .data          0x000000000801d674        0x0 ../cpen391project_bsp/\libhal_bsp.a(alt_dev_llist_insert.o)
 .data          0x000000000801d674        0x0 ../cpen391project_bsp/\libhal_bsp.a(alt_do_ctors.o)
 .data          0x000000000801d674        0x0 ../cpen391project_bsp/\libhal_bsp.a(alt_do_dtors.o)
 .data          0x000000000801d674        0x0 ../cpen391project_bsp/\libhal_bsp.a(alt_find_dev.o)
 .data          0x000000000801d674        0x0 ../cpen391project_bsp/\libhal_bsp.a(alt_icache_flush_all.o)
 .data          0x000000000801d674        0x0 ../cpen391project_bsp/\libhal_bsp.a(alt_iic.o)
 .data          0x000000000801d674        0x0 ../cpen391project_bsp/\libhal_bsp.a(alt_iic_isr_register.o)
 .data          0x000000000801d674        0x0 ../cpen391project_bsp/\libhal_bsp.a(alt_io_redirect.o)
 .data          0x000000000801d674        0x0 ../cpen391project_bsp/\libhal_bsp.a(alt_irq_entry.o)
 .data          0x000000000801d674        0x0 ../cpen391project_bsp/\libhal_bsp.a(alt_irq_handler.o)
 .data          0x000000000801d674        0x0 ../cpen391project_bsp/\libhal_bsp.a(alt_irq_vars.o)
 .data          0x000000000801d674        0x0 ../cpen391project_bsp/\libhal_bsp.a(alt_open.o)
 .data          0x000000000801d674        0x0 ../cpen391project_bsp/\libhal_bsp.a(alt_tick.o)
 .data          0x000000000801d674        0x0 ../cpen391project_bsp/\libhal_bsp.a(altera_nios2_qsys_irq.o)
 .data          0x000000000801d674        0x0 ../cpen391project_bsp/\libhal_bsp.a(alt_exception_entry.o)
 .data          0x000000000801d674        0x0 ../cpen391project_bsp/\libhal_bsp.a(alt_find_file.o)
 .data          0x000000000801d674        0x0 ../cpen391project_bsp/\libhal_bsp.a(alt_get_fd.o)
 .data          0x000000000801d674        0x0 ../cpen391project_bsp/\libhal_bsp.a(alt_icache_flush.o)
 .data          0x000000000801d674        0x0 d:/quartus15/nios2eds/bin/gnu/h-x86_64-mingw32/bin/../lib/gcc/nios2-elf/4.9.1/../../../../../H-x86_64-mingw32/nios2-elf/lib\libc.a(lib_a-atexit.o)
 .data          0x000000000801d674        0x0 d:/quartus15/nios2eds/bin/gnu/h-x86_64-mingw32/bin/../lib/gcc/nios2-elf/4.9.1/../../../../../H-x86_64-mingw32/nios2-elf/lib\libc.a(lib_a-exit.o)
 .data          0x000000000801d674        0x0 d:/quartus15/nios2eds/bin/gnu/h-x86_64-mingw32/bin/../lib/gcc/nios2-elf/4.9.1/../../../../../H-x86_64-mingw32/nios2-elf/lib\libc.a(lib_a-memcmp.o)
 .data          0x000000000801d674        0x0 d:/quartus15/nios2eds/bin/gnu/h-x86_64-mingw32/bin/../lib/gcc/nios2-elf/4.9.1/../../../../../H-x86_64-mingw32/nios2-elf/lib\libc.a(lib_a-__atexit.o)
 .data          0x000000000801d674        0x0 d:/quartus15/nios2eds/bin/gnu/h-x86_64-mingw32/bin/../lib/gcc/nios2-elf/4.9.1/../../../../../H-x86_64-mingw32/nios2-elf/lib\libc.a(lib_a-__call_atexit.o)
 .data          0x000000000801d674        0x0 ../cpen391project_bsp/\libhal_bsp.a(alt_exit.o)
                0x0000000008025674                _gp = ABSOLUTE ((. + 0x8000))
                0x0000000008025674                PROVIDE (gp, _gp)
 *(.rwdata .rwdata.*)
 *(.sdata .sdata.* .gnu.linkonce.s.*)
 .sdata         0x000000000801d674        0x4 obj/default/Fill.o
                0x000000000801d674                Next
 .sdata         0x000000000801d678        0x8 d:/quartus15/nios2eds/bin/gnu/h-x86_64-mingw32/bin/../lib/gcc/nios2-elf/4.9.1/../../../../../H-x86_64-mingw32/nios2-elf/lib\libc.a(lib_a-impure.o)
                0x000000000801d678                _global_impure_ptr
                0x000000000801d67c                _impure_ptr
 .sdata         0x000000000801d680        0x4 d:/quartus15/nios2eds/bin/gnu/h-x86_64-mingw32/bin/../lib/gcc/nios2-elf/4.9.1/../../../../../H-x86_64-mingw32/nios2-elf/lib\libc.a(lib_a-locale.o)
                0x000000000801d680                __mb_cur_max
 .sdata         0x000000000801d684        0x8 d:/quartus15/nios2eds/bin/gnu/h-x86_64-mingw32/bin/../lib/gcc/nios2-elf/4.9.1/../../../../../H-x86_64-mingw32/nios2-elf/lib\libc.a(lib_a-mallocr.o)
                0x000000000801d684                __malloc_sbrk_base
                0x000000000801d688                __malloc_trim_threshold
 .sdata         0x000000000801d68c        0x4 d:/quartus15/nios2eds/bin/gnu/h-x86_64-mingw32/bin/../lib/gcc/nios2-elf/4.9.1/../../../../../H-x86_64-mingw32/nios2-elf/lib\libc.a(lib_a-wctomb_r.o)
                0x000000000801d68c                __wctomb
 .sdata         0x000000000801d690       0x14 ../cpen391project_bsp/\libhal_bsp.a(alt_dev.o)
                0x000000000801d690                alt_fs_list
                0x000000000801d698                alt_dev_list
                0x000000000801d6a0                alt_max_fd
 .sdata         0x000000000801d6a4        0x4 ../cpen391project_bsp/\libhal_bsp.a(alt_errno.o)
                0x000000000801d6a4                alt_errno
 .sdata         0x000000000801d6a8        0x4 ../cpen391project_bsp/\libhal_bsp.a(alt_sbrk.o)
 .sdata         0x000000000801d6ac        0x4 ../cpen391project_bsp/\libhal_bsp.a(alt_irq_vars.o)
                0x000000000801d6ac                alt_priority_mask
 .sdata         0x000000000801d6b0        0x8 ../cpen391project_bsp/\libhal_bsp.a(alt_tick.o)
                0x000000000801d6b0                alt_alarm_list
 *(.sdata2 .sdata2.* .gnu.linkonce.s2.*)
                0x000000000801d6b8                . = ALIGN (0x4)
                0x000000000801d6b8                _edata = ABSOLUTE (.)
                0x000000000801d6b8                PROVIDE (edata, ABSOLUTE (.))
                0x000000000801d6b8                PROVIDE (__ram_rwdata_end, ABSOLUTE (.))
                0x000000000801d6b8                PROVIDE (__flash_rwdata_start, LOADADDR (.rwdata))

.bss            0x000000000801f1d4     0x20ac
                0x000000000801f1d4                __bss_start = ABSOLUTE (.)
                0x000000000801f1d4                PROVIDE (__sbss_start, ABSOLUTE (.))
                0x000000000801f1d4                PROVIDE (___sbss_start, ABSOLUTE (.))
 *(.dynsbss)
 *(.sbss .sbss.* .gnu.linkonce.sb.*)
 .sbss          0x000000000801f1d4        0x4 obj/default/Graphics.o
                0x000000000801f1d4                last_height
 .sbss          0x000000000801f1d8        0x0 obj/default/Graphics.o
 .sbss          0x000000000801f1d8        0xc obj/default/cpen391project.o
                0x000000000801f1d8                current_state
                0x000000000801f1dc                mq5
                0x000000000801f1e0                mq135
 .sbss          0x000000000801f1e4        0xc d:/quartus15/nios2eds/bin/gnu/h-x86_64-mingw32/bin/../lib/gcc/nios2-elf/4.9.1/../../../../../H-x86_64-mingw32/nios2-elf/lib\libc.a(lib_a-locale.o)
                0x000000000801f1e4                _PathLocale
                0x000000000801f1e8                __mlocale_changed
                0x000000000801f1ec                __nlocale_changed
 .sbss          0x000000000801f1f0        0xc d:/quartus15/nios2eds/bin/gnu/h-x86_64-mingw32/bin/../lib/gcc/nios2-elf/4.9.1/../../../../../H-x86_64-mingw32/nios2-elf/lib\libc.a(lib_a-mallocr.o)
                0x000000000801f1f0                __malloc_max_total_mem
                0x000000000801f1f4                __malloc_max_sbrked_mem
                0x000000000801f1f8                __malloc_top_pad
 .sbss          0x000000000801f1fc        0x4 d:/quartus15/nios2eds/bin/gnu/h-x86_64-mingw32/bin/../lib/gcc/nios2-elf/4.9.1/../../../../../H-x86_64-mingw32/nios2-elf/lib\libc.a(lib_a-int_errno.o)
                0x000000000801f1fc                errno
 .sbss          0x000000000801f200        0xc ../cpen391project_bsp/\libhal_bsp.a(alt_main.o)
                0x000000000801f200                alt_argc
                0x000000000801f204                alt_argv
                0x000000000801f208                alt_envp
 .sbss          0x000000000801f20c        0x4 ../cpen391project_bsp/\libhal_bsp.a(alt_irq_vars.o)
                0x000000000801f20c                alt_irq_active
 .sbss          0x000000000801f210        0x8 ../cpen391project_bsp/\libhal_bsp.a(alt_tick.o)
                0x000000000801f210                _alt_tick_rate
                0x000000000801f214                _alt_nticks
 *(.sbss2 .sbss2.* .gnu.linkonce.sb2.*)
 *(.scommon)
                0x000000000801f218                PROVIDE (__sbss_end, ABSOLUTE (.))
                0x000000000801f218                PROVIDE (___sbss_end, ABSOLUTE (.))
 *(.dynbss)
 *(.bss .bss.* .gnu.linkonce.b.*)
 .bss           0x000000000801f218        0x0 ../cpen391project_bsp//obj/HAL/src/crt0.o
 .bss           0x000000000801f218        0x0 obj/default/Bresenhams_Line_Drawing_Algorithm.o
 .bss           0x000000000801f218        0x0 obj/default/ColourPallette.o
 .bss           0x000000000801f218        0x0 obj/default/Fill.o
 .bss           0x000000000801f218        0x0 obj/default/Graphics.o
 .bss           0x000000000801f218        0x0 obj/default/OutGraphicsCharFont2.o
 .bss           0x000000000801f218        0x0 obj/default/TouchScreen.o
 .bss           0x000000000801f218        0x0 obj/default/arduino.o
 .bss           0x000000000801f218        0x0 obj/default/cpen391project.o
 .bss           0x000000000801f218        0x0 obj/default/initial.o
 .bss           0x000000000801f218        0x0 d:/quartus15/nios2eds/bin/gnu/h-x86_64-mingw32/bin/../lib/gcc/nios2-elf/4.9.1/../../../../../H-x86_64-mingw32/nios2-elf/lib\libc.a(lib_a-printf.o)
 .bss           0x000000000801f218        0x0 d:/quartus15/nios2eds/bin/gnu/h-x86_64-mingw32/bin/../lib/gcc/nios2-elf/4.9.1/../../../../../H-x86_64-mingw32/nios2-elf/lib\libc.a(lib_a-puts.o)
 .bss           0x000000000801f218        0x0 d:/quartus15/nios2eds/bin/gnu/h-x86_64-mingw32/bin/../lib/gcc/nios2-elf/4.9.1/../../../../../H-x86_64-mingw32/nios2-elf/lib\libc.a(lib_a-strlen.o)
 .bss           0x000000000801f218        0x0 d:/quartus15/nios2eds/bin/gnu/h-x86_64-mingw32/bin/../lib/gcc/nios2-elf/4.9.1/../../../../../H-x86_64-mingw32/nios2-elf/lib\libc.a(lib_a-vfprintf.o)
 .bss           0x000000000801f218        0x0 d:/quartus15/nios2eds/bin/gnu/h-x86_64-mingw32/bin/../lib/gcc/nios2-elf/4.9.1/../../../../../H-x86_64-mingw32/nios2-elf/lib\libc.a(lib_a-wsetup.o)
 .bss           0x000000000801f218        0x0 d:/quartus15/nios2eds/bin/gnu/h-x86_64-mingw32/bin/../lib/gcc/nios2-elf/4.9.1/../../../../../H-x86_64-mingw32/nios2-elf/lib\libc.a(lib_a-dtoa.o)
 .bss           0x000000000801f218        0x0 d:/quartus15/nios2eds/bin/gnu/h-x86_64-mingw32/bin/../lib/gcc/nios2-elf/4.9.1/../../../../../H-x86_64-mingw32/nios2-elf/lib\libc.a(lib_a-fflush.o)
 .bss           0x000000000801f218        0x0 d:/quartus15/nios2eds/bin/gnu/h-x86_64-mingw32/bin/../lib/gcc/nios2-elf/4.9.1/../../../../../H-x86_64-mingw32/nios2-elf/lib\libc.a(lib_a-findfp.o)
 .bss           0x000000000801f218        0x0 d:/quartus15/nios2eds/bin/gnu/h-x86_64-mingw32/bin/../lib/gcc/nios2-elf/4.9.1/../../../../../H-x86_64-mingw32/nios2-elf/lib\libc.a(lib_a-freer.o)
 .bss           0x000000000801f218        0x0 d:/quartus15/nios2eds/bin/gnu/h-x86_64-mingw32/bin/../lib/gcc/nios2-elf/4.9.1/../../../../../H-x86_64-mingw32/nios2-elf/lib\libc.a(lib_a-fvwrite.o)
 .bss           0x000000000801f218        0x0 d:/quartus15/nios2eds/bin/gnu/h-x86_64-mingw32/bin/../lib/gcc/nios2-elf/4.9.1/../../../../../H-x86_64-mingw32/nios2-elf/lib\libc.a(lib_a-fwalk.o)
 .bss           0x000000000801f218        0x0 d:/quartus15/nios2eds/bin/gnu/h-x86_64-mingw32/bin/../lib/gcc/nios2-elf/4.9.1/../../../../../H-x86_64-mingw32/nios2-elf/lib\libc.a(lib_a-impure.o)
 .bss           0x000000000801f218        0x0 d:/quartus15/nios2eds/bin/gnu/h-x86_64-mingw32/bin/../lib/gcc/nios2-elf/4.9.1/../../../../../H-x86_64-mingw32/nios2-elf/lib\libc.a(lib_a-locale.o)
 .bss           0x000000000801f218        0x0 d:/quartus15/nios2eds/bin/gnu/h-x86_64-mingw32/bin/../lib/gcc/nios2-elf/4.9.1/../../../../../H-x86_64-mingw32/nios2-elf/lib\libc.a(lib_a-makebuf.o)
 .bss           0x000000000801f218       0x28 d:/quartus15/nios2eds/bin/gnu/h-x86_64-mingw32/bin/../lib/gcc/nios2-elf/4.9.1/../../../../../H-x86_64-mingw32/nios2-elf/lib\libc.a(lib_a-mallocr.o)
                0x000000000801f218                __malloc_current_mallinfo
 .bss           0x000000000801f240        0x0 d:/quartus15/nios2eds/bin/gnu/h-x86_64-mingw32/bin/../lib/gcc/nios2-elf/4.9.1/../../../../../H-x86_64-mingw32/nios2-elf/lib\libc.a(lib_a-memchr.o)
 .bss           0x000000000801f240        0x0 d:/quartus15/nios2eds/bin/gnu/h-x86_64-mingw32/bin/../lib/gcc/nios2-elf/4.9.1/../../../../../H-x86_64-mingw32/nios2-elf/lib\libc.a(lib_a-memcpy.o)
 .bss           0x000000000801f240        0x0 d:/quartus15/nios2eds/bin/gnu/h-x86_64-mingw32/bin/../lib/gcc/nios2-elf/4.9.1/../../../../../H-x86_64-mingw32/nios2-elf/lib\libc.a(lib_a-memmove.o)
 .bss           0x000000000801f240        0x0 d:/quartus15/nios2eds/bin/gnu/h-x86_64-mingw32/bin/../lib/gcc/nios2-elf/4.9.1/../../../../../H-x86_64-mingw32/nios2-elf/lib\libc.a(lib_a-memset.o)
 .bss           0x000000000801f240        0x0 d:/quartus15/nios2eds/bin/gnu/h-x86_64-mingw32/bin/../lib/gcc/nios2-elf/4.9.1/../../../../../H-x86_64-mingw32/nios2-elf/lib\libc.a(lib_a-mprec.o)
 .bss           0x000000000801f240        0x0 d:/quartus15/nios2eds/bin/gnu/h-x86_64-mingw32/bin/../lib/gcc/nios2-elf/4.9.1/../../../../../H-x86_64-mingw32/nios2-elf/lib\libc.a(lib_a-reallocr.o)
 .bss           0x000000000801f240        0x0 d:/quartus15/nios2eds/bin/gnu/h-x86_64-mingw32/bin/../lib/gcc/nios2-elf/4.9.1/../../../../../H-x86_64-mingw32/nios2-elf/lib\libc.a(lib_a-s_fpclassify.o)
 .bss           0x000000000801f240        0x0 d:/quartus15/nios2eds/bin/gnu/h-x86_64-mingw32/bin/../lib/gcc/nios2-elf/4.9.1/../../../../../H-x86_64-mingw32/nios2-elf/lib\libc.a(lib_a-sbrkr.o)
 .bss           0x000000000801f240        0x0 d:/quartus15/nios2eds/bin/gnu/h-x86_64-mingw32/bin/../lib/gcc/nios2-elf/4.9.1/../../../../../H-x86_64-mingw32/nios2-elf/lib\libc.a(lib_a-stdio.o)
 .bss           0x000000000801f240        0x0 d:/quartus15/nios2eds/bin/gnu/h-x86_64-mingw32/bin/../lib/gcc/nios2-elf/4.9.1/../../../../../H-x86_64-mingw32/nios2-elf/lib\libc.a(lib_a-strcmp.o)
 .bss           0x000000000801f240        0x0 d:/quartus15/nios2eds/bin/gnu/h-x86_64-mingw32/bin/../lib/gcc/nios2-elf/4.9.1/../../../../../H-x86_64-mingw32/nios2-elf/lib\libc.a(lib_a-vfiprintf.o)
 .bss           0x000000000801f240        0x0 d:/quartus15/nios2eds/bin/gnu/h-x86_64-mingw32/bin/../lib/gcc/nios2-elf/4.9.1/../../../../../H-x86_64-mingw32/nios2-elf/lib\libc.a(lib_a-writer.o)
 .bss           0x000000000801f240        0x0 d:/quartus15/nios2eds/bin/gnu/h-x86_64-mingw32/bin/../lib/gcc/nios2-elf/4.9.1/../../../../../H-x86_64-mingw32/nios2-elf/lib\libc.a(closer.o)
 .bss           0x000000000801f240        0x0 d:/quartus15/nios2eds/bin/gnu/h-x86_64-mingw32/bin/../lib/gcc/nios2-elf/4.9.1/../../../../../H-x86_64-mingw32/nios2-elf/lib\libc.a(lib_a-callocr.o)
 .bss           0x000000000801f240        0x0 d:/quartus15/nios2eds/bin/gnu/h-x86_64-mingw32/bin/../lib/gcc/nios2-elf/4.9.1/../../../../../H-x86_64-mingw32/nios2-elf/lib\libc.a(lib_a-fclose.o)
 .bss           0x000000000801f240        0x0 d:/quartus15/nios2eds/bin/gnu/h-x86_64-mingw32/bin/../lib/gcc/nios2-elf/4.9.1/../../../../../H-x86_64-mingw32/nios2-elf/lib\libc.a(lib_a-fputwc.o)
 .bss           0x000000000801f240        0x0 d:/quartus15/nios2eds/bin/gnu/h-x86_64-mingw32/bin/../lib/gcc/nios2-elf/4.9.1/../../../../../H-x86_64-mingw32/nios2-elf/lib\libc.a(lib_a-fstatr.o)
 .bss           0x000000000801f240        0x0 d:/quartus15/nios2eds/bin/gnu/h-x86_64-mingw32/bin/../lib/gcc/nios2-elf/4.9.1/../../../../../H-x86_64-mingw32/nios2-elf/lib\libc.a(lib_a-int_errno.o)
 .bss           0x000000000801f240        0x0 d:/quartus15/nios2eds/bin/gnu/h-x86_64-mingw32/bin/../lib/gcc/nios2-elf/4.9.1/../../../../../H-x86_64-mingw32/nios2-elf/lib\libc.a(lib_a-isattyr.o)
 .bss           0x000000000801f240        0x0 d:/quartus15/nios2eds/bin/gnu/h-x86_64-mingw32/bin/../lib/gcc/nios2-elf/4.9.1/../../../../../H-x86_64-mingw32/nios2-elf/lib\libc.a(lib_a-lseekr.o)
 .bss           0x000000000801f240        0x0 d:/quartus15/nios2eds/bin/gnu/h-x86_64-mingw32/bin/../lib/gcc/nios2-elf/4.9.1/../../../../../H-x86_64-mingw32/nios2-elf/lib\libc.a(lib_a-readr.o)
 .bss           0x000000000801f240        0x0 d:/quartus15/nios2eds/bin/gnu/h-x86_64-mingw32/bin/../lib/gcc/nios2-elf/4.9.1/../../../../../H-x86_64-mingw32/nios2-elf/lib\libc.a(lib_a-wbuf.o)
 .bss           0x000000000801f240        0x0 d:/quartus15/nios2eds/bin/gnu/h-x86_64-mingw32/bin/../lib/gcc/nios2-elf/4.9.1/../../../../../H-x86_64-mingw32/nios2-elf/lib\libc.a(lib_a-wcrtomb.o)
 .bss           0x000000000801f240        0x0 d:/quartus15/nios2eds/bin/gnu/h-x86_64-mingw32/bin/../lib/gcc/nios2-elf/4.9.1/../../../../../H-x86_64-mingw32/nios2-elf/lib\libc.a(lib_a-wctomb_r.o)
 .bss           0x000000000801f240        0x0 d:/quartus15/nios2eds/bin/gnu/h-x86_64-mingw32/bin/../lib/gcc/nios2-elf/4.9.1\libgcc.a(_udivdi3.o)
 .bss           0x000000000801f240        0x0 d:/quartus15/nios2eds/bin/gnu/h-x86_64-mingw32/bin/../lib/gcc/nios2-elf/4.9.1\libgcc.a(_umoddi3.o)
 .bss           0x000000000801f240        0x0 d:/quartus15/nios2eds/bin/gnu/h-x86_64-mingw32/bin/../lib/gcc/nios2-elf/4.9.1\libgcc.a(lib2-divmod.o)
 .bss           0x000000000801f240        0x0 d:/quartus15/nios2eds/bin/gnu/h-x86_64-mingw32/bin/../lib/gcc/nios2-elf/4.9.1\libgcc.a(adddf3.o)
 .bss           0x000000000801f240        0x0 d:/quartus15/nios2eds/bin/gnu/h-x86_64-mingw32/bin/../lib/gcc/nios2-elf/4.9.1\libgcc.a(divdf3.o)
 .bss           0x000000000801f240        0x0 d:/quartus15/nios2eds/bin/gnu/h-x86_64-mingw32/bin/../lib/gcc/nios2-elf/4.9.1\libgcc.a(eqdf2.o)
 .bss           0x000000000801f240        0x0 d:/quartus15/nios2eds/bin/gnu/h-x86_64-mingw32/bin/../lib/gcc/nios2-elf/4.9.1\libgcc.a(gedf2.o)
 .bss           0x000000000801f240        0x0 d:/quartus15/nios2eds/bin/gnu/h-x86_64-mingw32/bin/../lib/gcc/nios2-elf/4.9.1\libgcc.a(ledf2.o)
 .bss           0x000000000801f240        0x0 d:/quartus15/nios2eds/bin/gnu/h-x86_64-mingw32/bin/../lib/gcc/nios2-elf/4.9.1\libgcc.a(muldf3.o)
 .bss           0x000000000801f240        0x0 d:/quartus15/nios2eds/bin/gnu/h-x86_64-mingw32/bin/../lib/gcc/nios2-elf/4.9.1\libgcc.a(subdf3.o)
 .bss           0x000000000801f240        0x0 d:/quartus15/nios2eds/bin/gnu/h-x86_64-mingw32/bin/../lib/gcc/nios2-elf/4.9.1\libgcc.a(fixdfsi.o)
 .bss           0x000000000801f240        0x0 d:/quartus15/nios2eds/bin/gnu/h-x86_64-mingw32/bin/../lib/gcc/nios2-elf/4.9.1\libgcc.a(floatsidf.o)
 .bss           0x000000000801f240        0x0 d:/quartus15/nios2eds/bin/gnu/h-x86_64-mingw32/bin/../lib/gcc/nios2-elf/4.9.1\libgcc.a(floatunsidf.o)
 .bss           0x000000000801f240        0x0 d:/quartus15/nios2eds/bin/gnu/h-x86_64-mingw32/bin/../lib/gcc/nios2-elf/4.9.1\libgcc.a(_clz.o)
 .bss           0x000000000801f240        0x0 d:/quartus15/nios2eds/bin/gnu/h-x86_64-mingw32/bin/../lib/gcc/nios2-elf/4.9.1\libgcc.a(_clzsi2.o)
 .bss           0x000000000801f240        0x0 ../cpen391project_bsp/\libhal_bsp.a(alt_close.o)
 .bss           0x000000000801f240        0x0 ../cpen391project_bsp/\libhal_bsp.a(alt_dev.o)
 .bss           0x000000000801f240        0x0 ../cpen391project_bsp/\libhal_bsp.a(alt_errno.o)
 .bss           0x000000000801f240        0x0 ../cpen391project_bsp/\libhal_bsp.a(alt_fstat.o)
 .bss           0x000000000801f240        0x0 ../cpen391project_bsp/\libhal_bsp.a(alt_isatty.o)
 .bss           0x000000000801f240        0x0 ../cpen391project_bsp/\libhal_bsp.a(alt_load.o)
 .bss           0x000000000801f240        0x0 ../cpen391project_bsp/\libhal_bsp.a(alt_lseek.o)
 .bss           0x000000000801f240        0x0 ../cpen391project_bsp/\libhal_bsp.a(alt_main.o)
 .bss           0x000000000801f240        0x0 ../cpen391project_bsp/\libhal_bsp.a(alt_malloc_lock.o)
 .bss           0x000000000801f240        0x0 ../cpen391project_bsp/\libhal_bsp.a(alt_read.o)
 .bss           0x000000000801f240        0x0 ../cpen391project_bsp/\libhal_bsp.a(alt_release_fd.o)
 .bss           0x000000000801f240        0x0 ../cpen391project_bsp/\libhal_bsp.a(alt_sbrk.o)
 .bss           0x000000000801f240        0x0 ../cpen391project_bsp/\libhal_bsp.a(alt_write.o)
 .bss           0x000000000801f240        0x0 ../cpen391project_bsp/\libhal_bsp.a(alt_sys_init.o)
 .bss           0x000000000801f240        0x0 ../cpen391project_bsp/\libhal_bsp.a(altera_avalon_jtag_uart_fd.o)
 .bss           0x000000000801f240        0x0 ../cpen391project_bsp/\libhal_bsp.a(altera_avalon_jtag_uart_init.o)
 .bss           0x000000000801f240        0x0 ../cpen391project_bsp/\libhal_bsp.a(altera_avalon_jtag_uart_ioctl.o)
 .bss           0x000000000801f240        0x0 ../cpen391project_bsp/\libhal_bsp.a(altera_avalon_jtag_uart_read.o)
 .bss           0x000000000801f240        0x0 ../cpen391project_bsp/\libhal_bsp.a(altera_avalon_jtag_uart_write.o)
 .bss           0x000000000801f240        0x0 ../cpen391project_bsp/\libhal_bsp.a(altera_avalon_timer_sc.o)
 .bss           0x000000000801f240        0x0 ../cpen391project_bsp/\libhal_bsp.a(altera_up_avalon_character_lcd.o)
 .bss           0x000000000801f240        0x0 ../cpen391project_bsp/\libhal_bsp.a(alt_alarm_start.o)
 .bss           0x000000000801f240        0x0 ../cpen391project_bsp/\libhal_bsp.a(alt_dcache_flush_all.o)
 .bss           0x000000000801f240        0x0 ../cpen391project_bsp/\libhal_bsp.a(alt_dev_llist_insert.o)
 .bss           0x000000000801f240        0x0 ../cpen391project_bsp/\libhal_bsp.a(alt_do_ctors.o)
 .bss           0x000000000801f240        0x0 ../cpen391project_bsp/\libhal_bsp.a(alt_do_dtors.o)
 .bss           0x000000000801f240        0x0 ../cpen391project_bsp/\libhal_bsp.a(alt_find_dev.o)
 .bss           0x000000000801f240        0x0 ../cpen391project_bsp/\libhal_bsp.a(alt_icache_flush_all.o)
 .bss           0x000000000801f240        0x0 ../cpen391project_bsp/\libhal_bsp.a(alt_iic.o)
 .bss           0x000000000801f240        0x0 ../cpen391project_bsp/\libhal_bsp.a(alt_iic_isr_register.o)
 .bss           0x000000000801f240        0x0 ../cpen391project_bsp/\libhal_bsp.a(alt_io_redirect.o)
 .bss           0x000000000801f240        0x0 ../cpen391project_bsp/\libhal_bsp.a(alt_irq_entry.o)
 .bss           0x000000000801f240        0x0 ../cpen391project_bsp/\libhal_bsp.a(alt_irq_handler.o)
 .bss           0x000000000801f240        0x0 ../cpen391project_bsp/\libhal_bsp.a(alt_irq_vars.o)
 .bss           0x000000000801f240        0x0 ../cpen391project_bsp/\libhal_bsp.a(alt_open.o)
 .bss           0x000000000801f240        0x0 ../cpen391project_bsp/\libhal_bsp.a(alt_tick.o)
 .bss           0x000000000801f240        0x0 ../cpen391project_bsp/\libhal_bsp.a(altera_nios2_qsys_irq.o)
 .bss           0x000000000801f240        0x0 ../cpen391project_bsp/\libhal_bsp.a(alt_exception_entry.o)
 .bss           0x000000000801f240        0x0 ../cpen391project_bsp/\libhal_bsp.a(alt_find_file.o)
 .bss           0x000000000801f240        0x0 ../cpen391project_bsp/\libhal_bsp.a(alt_get_fd.o)
 .bss           0x000000000801f240        0x0 ../cpen391project_bsp/\libhal_bsp.a(alt_icache_flush.o)
 .bss           0x000000000801f240        0x0 d:/quartus15/nios2eds/bin/gnu/h-x86_64-mingw32/bin/../lib/gcc/nios2-elf/4.9.1/../../../../../H-x86_64-mingw32/nios2-elf/lib\libc.a(lib_a-atexit.o)
 .bss           0x000000000801f240        0x0 d:/quartus15/nios2eds/bin/gnu/h-x86_64-mingw32/bin/../lib/gcc/nios2-elf/4.9.1/../../../../../H-x86_64-mingw32/nios2-elf/lib\libc.a(lib_a-exit.o)
 .bss           0x000000000801f240        0x0 d:/quartus15/nios2eds/bin/gnu/h-x86_64-mingw32/bin/../lib/gcc/nios2-elf/4.9.1/../../../../../H-x86_64-mingw32/nios2-elf/lib\libc.a(lib_a-memcmp.o)
 .bss           0x000000000801f240        0x0 d:/quartus15/nios2eds/bin/gnu/h-x86_64-mingw32/bin/../lib/gcc/nios2-elf/4.9.1/../../../../../H-x86_64-mingw32/nios2-elf/lib\libc.a(lib_a-__atexit.o)
 .bss           0x000000000801f240        0x0 d:/quartus15/nios2eds/bin/gnu/h-x86_64-mingw32/bin/../lib/gcc/nios2-elf/4.9.1/../../../../../H-x86_64-mingw32/nios2-elf/lib\libc.a(lib_a-__call_atexit.o)
 .bss           0x000000000801f240        0x0 ../cpen391project_bsp/\libhal_bsp.a(alt_exit.o)
 *(COMMON)
 COMMON         0x000000000801f240     0x1f40 obj/default/Fill.o
                0x000000000801f240                XYStack
 COMMON         0x0000000008021180      0x100 ../cpen391project_bsp/\libhal_bsp.a(alt_irq_handler.o)
                0x0000000008021180                alt_irq
                0x0000000008021280                . = ALIGN (0x4)
                0x0000000008021280                __bss_end = ABSOLUTE (.)

.sdram          0x0000000008021280        0x0
                0x0000000008021280                PROVIDE (_alt_partition_sdram_start, ABSOLUTE (.))
 *(.sdram .sdram. sdram.*)
                0x0000000008021280                . = ALIGN (0x4)
                0x0000000008021280                PROVIDE (_alt_partition_sdram_end, ABSOLUTE (.))
                0x0000000008021280                _end = ABSOLUTE (.)
                0x0000000008021280                end = ABSOLUTE (.)
                0x0000000008021280                __alt_stack_base = ABSOLUTE (.)
                0x0000000008021280                PROVIDE (_alt_partition_sdram_load_addr, LOADADDR (.sdram))

.stab
 *(.stab)

.stabstr
 *(.stabstr)

.stab.excl
 *(.stab.excl)

.stab.exclstr
 *(.stab.exclstr)

.stab.index
 *(.stab.index)

.stab.indexstr
 *(.stab.indexstr)

.comment        0x0000000000000000       0x23
 *(.comment)
 .comment       0x0000000000000000       0x23 obj/default/Bresenhams_Line_Drawing_Algorithm.o
                                         0x24 (size before relaxing)
 .comment       0x0000000000000000       0x24 obj/default/ColourPallette.o
 .comment       0x0000000000000000       0x24 obj/default/Fill.o
 .comment       0x0000000000000000       0x24 obj/default/Graphics.o
 .comment       0x0000000000000000       0x24 obj/default/OutGraphicsCharFont2.o
 .comment       0x0000000000000000       0x24 obj/default/TouchScreen.o
 .comment       0x0000000000000000       0x24 obj/default/arduino.o
 .comment       0x0000000000000000       0x24 obj/default/cpen391project.o
 .comment       0x0000000000000000       0x24 obj/default/initial.o
 .comment       0x0000000000000000       0x24 d:/quartus15/nios2eds/bin/gnu/h-x86_64-mingw32/bin/../lib/gcc/nios2-elf/4.9.1/../../../../../H-x86_64-mingw32/nios2-elf/lib\libc.a(lib_a-printf.o)
 .comment       0x0000000000000000       0x24 d:/quartus15/nios2eds/bin/gnu/h-x86_64-mingw32/bin/../lib/gcc/nios2-elf/4.9.1/../../../../../H-x86_64-mingw32/nios2-elf/lib\libc.a(lib_a-puts.o)
 .comment       0x0000000000000000       0x24 d:/quartus15/nios2eds/bin/gnu/h-x86_64-mingw32/bin/../lib/gcc/nios2-elf/4.9.1/../../../../../H-x86_64-mingw32/nios2-elf/lib\libc.a(lib_a-strlen.o)
 .comment       0x0000000000000000       0x24 d:/quartus15/nios2eds/bin/gnu/h-x86_64-mingw32/bin/../lib/gcc/nios2-elf/4.9.1/../../../../../H-x86_64-mingw32/nios2-elf/lib\libc.a(lib_a-vfprintf.o)
 .comment       0x0000000000000000       0x24 d:/quartus15/nios2eds/bin/gnu/h-x86_64-mingw32/bin/../lib/gcc/nios2-elf/4.9.1/../../../../../H-x86_64-mingw32/nios2-elf/lib\libc.a(lib_a-wsetup.o)
 .comment       0x0000000000000000       0x24 d:/quartus15/nios2eds/bin/gnu/h-x86_64-mingw32/bin/../lib/gcc/nios2-elf/4.9.1/../../../../../H-x86_64-mingw32/nios2-elf/lib\libc.a(lib_a-dtoa.o)
 .comment       0x0000000000000000       0x24 d:/quartus15/nios2eds/bin/gnu/h-x86_64-mingw32/bin/../lib/gcc/nios2-elf/4.9.1/../../../../../H-x86_64-mingw32/nios2-elf/lib\libc.a(lib_a-fflush.o)
 .comment       0x0000000000000000       0x24 d:/quartus15/nios2eds/bin/gnu/h-x86_64-mingw32/bin/../lib/gcc/nios2-elf/4.9.1/../../../../../H-x86_64-mingw32/nios2-elf/lib\libc.a(lib_a-findfp.o)
 .comment       0x0000000000000000       0x24 d:/quartus15/nios2eds/bin/gnu/h-x86_64-mingw32/bin/../lib/gcc/nios2-elf/4.9.1/../../../../../H-x86_64-mingw32/nios2-elf/lib\libc.a(lib_a-freer.o)
 .comment       0x0000000000000000       0x24 d:/quartus15/nios2eds/bin/gnu/h-x86_64-mingw32/bin/../lib/gcc/nios2-elf/4.9.1/../../../../../H-x86_64-mingw32/nios2-elf/lib\libc.a(lib_a-fvwrite.o)
 .comment       0x0000000000000000       0x24 d:/quartus15/nios2eds/bin/gnu/h-x86_64-mingw32/bin/../lib/gcc/nios2-elf/4.9.1/../../../../../H-x86_64-mingw32/nios2-elf/lib\libc.a(lib_a-fwalk.o)
 .comment       0x0000000000000000       0x24 d:/quartus15/nios2eds/bin/gnu/h-x86_64-mingw32/bin/../lib/gcc/nios2-elf/4.9.1/../../../../../H-x86_64-mingw32/nios2-elf/lib\libc.a(lib_a-impure.o)
 .comment       0x0000000000000000       0x24 d:/quartus15/nios2eds/bin/gnu/h-x86_64-mingw32/bin/../lib/gcc/nios2-elf/4.9.1/../../../../../H-x86_64-mingw32/nios2-elf/lib\libc.a(lib_a-locale.o)
 .comment       0x0000000000000000       0x24 d:/quartus15/nios2eds/bin/gnu/h-x86_64-mingw32/bin/../lib/gcc/nios2-elf/4.9.1/../../../../../H-x86_64-mingw32/nios2-elf/lib\libc.a(lib_a-makebuf.o)
 .comment       0x0000000000000000       0x24 d:/quartus15/nios2eds/bin/gnu/h-x86_64-mingw32/bin/../lib/gcc/nios2-elf/4.9.1/../../../../../H-x86_64-mingw32/nios2-elf/lib\libc.a(lib_a-mallocr.o)
 .comment       0x0000000000000000       0x24 d:/quartus15/nios2eds/bin/gnu/h-x86_64-mingw32/bin/../lib/gcc/nios2-elf/4.9.1/../../../../../H-x86_64-mingw32/nios2-elf/lib\libc.a(lib_a-memchr.o)
 .comment       0x0000000000000000       0x24 d:/quartus15/nios2eds/bin/gnu/h-x86_64-mingw32/bin/../lib/gcc/nios2-elf/4.9.1/../../../../../H-x86_64-mingw32/nios2-elf/lib\libc.a(lib_a-memcpy.o)
 .comment       0x0000000000000000       0x24 d:/quartus15/nios2eds/bin/gnu/h-x86_64-mingw32/bin/../lib/gcc/nios2-elf/4.9.1/../../../../../H-x86_64-mingw32/nios2-elf/lib\libc.a(lib_a-memmove.o)
 .comment       0x0000000000000000       0x24 d:/quartus15/nios2eds/bin/gnu/h-x86_64-mingw32/bin/../lib/gcc/nios2-elf/4.9.1/../../../../../H-x86_64-mingw32/nios2-elf/lib\libc.a(lib_a-memset.o)
 .comment       0x0000000000000000       0x24 d:/quartus15/nios2eds/bin/gnu/h-x86_64-mingw32/bin/../lib/gcc/nios2-elf/4.9.1/../../../../../H-x86_64-mingw32/nios2-elf/lib\libc.a(lib_a-mprec.o)
 .comment       0x0000000000000000       0x24 d:/quartus15/nios2eds/bin/gnu/h-x86_64-mingw32/bin/../lib/gcc/nios2-elf/4.9.1/../../../../../H-x86_64-mingw32/nios2-elf/lib\libc.a(lib_a-reallocr.o)
 .comment       0x0000000000000000       0x24 d:/quartus15/nios2eds/bin/gnu/h-x86_64-mingw32/bin/../lib/gcc/nios2-elf/4.9.1/../../../../../H-x86_64-mingw32/nios2-elf/lib\libc.a(lib_a-s_fpclassify.o)
 .comment       0x0000000000000000       0x24 d:/quartus15/nios2eds/bin/gnu/h-x86_64-mingw32/bin/../lib/gcc/nios2-elf/4.9.1/../../../../../H-x86_64-mingw32/nios2-elf/lib\libc.a(lib_a-sbrkr.o)
 .comment       0x0000000000000000       0x24 d:/quartus15/nios2eds/bin/gnu/h-x86_64-mingw32/bin/../lib/gcc/nios2-elf/4.9.1/../../../../../H-x86_64-mingw32/nios2-elf/lib\libc.a(lib_a-stdio.o)
 .comment       0x0000000000000000       0x24 d:/quartus15/nios2eds/bin/gnu/h-x86_64-mingw32/bin/../lib/gcc/nios2-elf/4.9.1/../../../../../H-x86_64-mingw32/nios2-elf/lib\libc.a(lib_a-strcmp.o)
 .comment       0x0000000000000000       0x24 d:/quartus15/nios2eds/bin/gnu/h-x86_64-mingw32/bin/../lib/gcc/nios2-elf/4.9.1/../../../../../H-x86_64-mingw32/nios2-elf/lib\libc.a(lib_a-vfiprintf.o)
 .comment       0x0000000000000000       0x24 d:/quartus15/nios2eds/bin/gnu/h-x86_64-mingw32/bin/../lib/gcc/nios2-elf/4.9.1/../../../../../H-x86_64-mingw32/nios2-elf/lib\libc.a(lib_a-writer.o)
 .comment       0x0000000000000000       0x24 d:/quartus15/nios2eds/bin/gnu/h-x86_64-mingw32/bin/../lib/gcc/nios2-elf/4.9.1/../../../../../H-x86_64-mingw32/nios2-elf/lib\libc.a(closer.o)
 .comment       0x0000000000000000       0x24 d:/quartus15/nios2eds/bin/gnu/h-x86_64-mingw32/bin/../lib/gcc/nios2-elf/4.9.1/../../../../../H-x86_64-mingw32/nios2-elf/lib\libc.a(lib_a-callocr.o)
 .comment       0x0000000000000000       0x24 d:/quartus15/nios2eds/bin/gnu/h-x86_64-mingw32/bin/../lib/gcc/nios2-elf/4.9.1/../../../../../H-x86_64-mingw32/nios2-elf/lib\libc.a(lib_a-fclose.o)
 .comment       0x0000000000000000       0x24 d:/quartus15/nios2eds/bin/gnu/h-x86_64-mingw32/bin/../lib/gcc/nios2-elf/4.9.1/../../../../../H-x86_64-mingw32/nios2-elf/lib\libc.a(lib_a-fputwc.o)
 .comment       0x0000000000000000       0x24 d:/quartus15/nios2eds/bin/gnu/h-x86_64-mingw32/bin/../lib/gcc/nios2-elf/4.9.1/../../../../../H-x86_64-mingw32/nios2-elf/lib\libc.a(lib_a-fstatr.o)
 .comment       0x0000000000000000       0x24 d:/quartus15/nios2eds/bin/gnu/h-x86_64-mingw32/bin/../lib/gcc/nios2-elf/4.9.1/../../../../../H-x86_64-mingw32/nios2-elf/lib\libc.a(lib_a-int_errno.o)
 .comment       0x0000000000000000       0x24 d:/quartus15/nios2eds/bin/gnu/h-x86_64-mingw32/bin/../lib/gcc/nios2-elf/4.9.1/../../../../../H-x86_64-mingw32/nios2-elf/lib\libc.a(lib_a-isattyr.o)
 .comment       0x0000000000000000       0x24 d:/quartus15/nios2eds/bin/gnu/h-x86_64-mingw32/bin/../lib/gcc/nios2-elf/4.9.1/../../../../../H-x86_64-mingw32/nios2-elf/lib\libc.a(lib_a-lseekr.o)
 .comment       0x0000000000000000       0x24 d:/quartus15/nios2eds/bin/gnu/h-x86_64-mingw32/bin/../lib/gcc/nios2-elf/4.9.1/../../../../../H-x86_64-mingw32/nios2-elf/lib\libc.a(lib_a-readr.o)
 .comment       0x0000000000000000       0x24 d:/quartus15/nios2eds/bin/gnu/h-x86_64-mingw32/bin/../lib/gcc/nios2-elf/4.9.1/../../../../../H-x86_64-mingw32/nios2-elf/lib\libc.a(lib_a-wbuf.o)
 .comment       0x0000000000000000       0x24 d:/quartus15/nios2eds/bin/gnu/h-x86_64-mingw32/bin/../lib/gcc/nios2-elf/4.9.1/../../../../../H-x86_64-mingw32/nios2-elf/lib\libc.a(lib_a-wcrtomb.o)
 .comment       0x0000000000000000       0x24 d:/quartus15/nios2eds/bin/gnu/h-x86_64-mingw32/bin/../lib/gcc/nios2-elf/4.9.1/../../../../../H-x86_64-mingw32/nios2-elf/lib\libc.a(lib_a-wctomb_r.o)
 .comment       0x0000000000000000       0x24 d:/quartus15/nios2eds/bin/gnu/h-x86_64-mingw32/bin/../lib/gcc/nios2-elf/4.9.1\libgcc.a(_udivdi3.o)
 .comment       0x0000000000000000       0x24 d:/quartus15/nios2eds/bin/gnu/h-x86_64-mingw32/bin/../lib/gcc/nios2-elf/4.9.1\libgcc.a(_umoddi3.o)
 .comment       0x0000000000000000       0x24 d:/quartus15/nios2eds/bin/gnu/h-x86_64-mingw32/bin/../lib/gcc/nios2-elf/4.9.1\libgcc.a(lib2-divmod.o)
 .comment       0x0000000000000000       0x24 d:/quartus15/nios2eds/bin/gnu/h-x86_64-mingw32/bin/../lib/gcc/nios2-elf/4.9.1\libgcc.a(adddf3.o)
 .comment       0x0000000000000000       0x24 d:/quartus15/nios2eds/bin/gnu/h-x86_64-mingw32/bin/../lib/gcc/nios2-elf/4.9.1\libgcc.a(divdf3.o)
 .comment       0x0000000000000000       0x24 d:/quartus15/nios2eds/bin/gnu/h-x86_64-mingw32/bin/../lib/gcc/nios2-elf/4.9.1\libgcc.a(eqdf2.o)
 .comment       0x0000000000000000       0x24 d:/quartus15/nios2eds/bin/gnu/h-x86_64-mingw32/bin/../lib/gcc/nios2-elf/4.9.1\libgcc.a(gedf2.o)
 .comment       0x0000000000000000       0x24 d:/quartus15/nios2eds/bin/gnu/h-x86_64-mingw32/bin/../lib/gcc/nios2-elf/4.9.1\libgcc.a(ledf2.o)
 .comment       0x0000000000000000       0x24 d:/quartus15/nios2eds/bin/gnu/h-x86_64-mingw32/bin/../lib/gcc/nios2-elf/4.9.1\libgcc.a(muldf3.o)
 .comment       0x0000000000000000       0x24 d:/quartus15/nios2eds/bin/gnu/h-x86_64-mingw32/bin/../lib/gcc/nios2-elf/4.9.1\libgcc.a(subdf3.o)
 .comment       0x0000000000000000       0x24 d:/quartus15/nios2eds/bin/gnu/h-x86_64-mingw32/bin/../lib/gcc/nios2-elf/4.9.1\libgcc.a(fixdfsi.o)
 .comment       0x0000000000000000       0x24 d:/quartus15/nios2eds/bin/gnu/h-x86_64-mingw32/bin/../lib/gcc/nios2-elf/4.9.1\libgcc.a(floatsidf.o)
 .comment       0x0000000000000000       0x24 d:/quartus15/nios2eds/bin/gnu/h-x86_64-mingw32/bin/../lib/gcc/nios2-elf/4.9.1\libgcc.a(floatunsidf.o)
 .comment       0x0000000000000000       0x24 d:/quartus15/nios2eds/bin/gnu/h-x86_64-mingw32/bin/../lib/gcc/nios2-elf/4.9.1\libgcc.a(_clz.o)
 .comment       0x0000000000000000       0x24 d:/quartus15/nios2eds/bin/gnu/h-x86_64-mingw32/bin/../lib/gcc/nios2-elf/4.9.1\libgcc.a(_clzsi2.o)
 .comment       0x0000000000000000       0x24 ../cpen391project_bsp/\libhal_bsp.a(alt_close.o)
 .comment       0x0000000000000000       0x24 ../cpen391project_bsp/\libhal_bsp.a(alt_dev.o)
 .comment       0x0000000000000000       0x24 ../cpen391project_bsp/\libhal_bsp.a(alt_errno.o)
 .comment       0x0000000000000000       0x24 ../cpen391project_bsp/\libhal_bsp.a(alt_fstat.o)
 .comment       0x0000000000000000       0x24 ../cpen391project_bsp/\libhal_bsp.a(alt_isatty.o)
 .comment       0x0000000000000000       0x24 ../cpen391project_bsp/\libhal_bsp.a(alt_load.o)
 .comment       0x0000000000000000       0x24 ../cpen391project_bsp/\libhal_bsp.a(alt_lseek.o)
 .comment       0x0000000000000000       0x24 ../cpen391project_bsp/\libhal_bsp.a(alt_main.o)
 .comment       0x0000000000000000       0x24 ../cpen391project_bsp/\libhal_bsp.a(alt_malloc_lock.o)
 .comment       0x0000000000000000       0x24 ../cpen391project_bsp/\libhal_bsp.a(alt_read.o)
 .comment       0x0000000000000000       0x24 ../cpen391project_bsp/\libhal_bsp.a(alt_release_fd.o)
 .comment       0x0000000000000000       0x24 ../cpen391project_bsp/\libhal_bsp.a(alt_sbrk.o)
 .comment       0x0000000000000000       0x24 ../cpen391project_bsp/\libhal_bsp.a(alt_write.o)
 .comment       0x0000000000000000       0x24 ../cpen391project_bsp/\libhal_bsp.a(alt_sys_init.o)
 .comment       0x0000000000000000       0x24 ../cpen391project_bsp/\libhal_bsp.a(altera_avalon_jtag_uart_fd.o)
 .comment       0x0000000000000000       0x24 ../cpen391project_bsp/\libhal_bsp.a(altera_avalon_jtag_uart_init.o)
 .comment       0x0000000000000000       0x24 ../cpen391project_bsp/\libhal_bsp.a(altera_avalon_jtag_uart_ioctl.o)
 .comment       0x0000000000000000       0x24 ../cpen391project_bsp/\libhal_bsp.a(altera_avalon_jtag_uart_read.o)
 .comment       0x0000000000000000       0x24 ../cpen391project_bsp/\libhal_bsp.a(altera_avalon_jtag_uart_write.o)
 .comment       0x0000000000000000       0x24 ../cpen391project_bsp/\libhal_bsp.a(altera_avalon_timer_sc.o)
 .comment       0x0000000000000000       0x24 ../cpen391project_bsp/\libhal_bsp.a(altera_up_avalon_character_lcd.o)
 .comment       0x0000000000000000       0x24 ../cpen391project_bsp/\libhal_bsp.a(alt_alarm_start.o)
 .comment       0x0000000000000000       0x24 ../cpen391project_bsp/\libhal_bsp.a(alt_dcache_flush_all.o)
 .comment       0x0000000000000000       0x24 ../cpen391project_bsp/\libhal_bsp.a(alt_dev_llist_insert.o)
 .comment       0x0000000000000000       0x24 ../cpen391project_bsp/\libhal_bsp.a(alt_do_ctors.o)
 .comment       0x0000000000000000       0x24 ../cpen391project_bsp/\libhal_bsp.a(alt_do_dtors.o)
 .comment       0x0000000000000000       0x24 ../cpen391project_bsp/\libhal_bsp.a(alt_find_dev.o)
 .comment       0x0000000000000000       0x24 ../cpen391project_bsp/\libhal_bsp.a(alt_icache_flush_all.o)
 .comment       0x0000000000000000       0x24 ../cpen391project_bsp/\libhal_bsp.a(alt_iic.o)
 .comment       0x0000000000000000       0x24 ../cpen391project_bsp/\libhal_bsp.a(alt_iic_isr_register.o)
 .comment       0x0000000000000000       0x24 ../cpen391project_bsp/\libhal_bsp.a(alt_io_redirect.o)
 .comment       0x0000000000000000       0x24 ../cpen391project_bsp/\libhal_bsp.a(alt_irq_handler.o)
 .comment       0x0000000000000000       0x24 ../cpen391project_bsp/\libhal_bsp.a(alt_irq_vars.o)
 .comment       0x0000000000000000       0x24 ../cpen391project_bsp/\libhal_bsp.a(alt_open.o)
 .comment       0x0000000000000000       0x24 ../cpen391project_bsp/\libhal_bsp.a(alt_tick.o)
 .comment       0x0000000000000000       0x24 ../cpen391project_bsp/\libhal_bsp.a(altera_nios2_qsys_irq.o)
 .comment       0x0000000000000000       0x24 ../cpen391project_bsp/\libhal_bsp.a(alt_find_file.o)
 .comment       0x0000000000000000       0x24 ../cpen391project_bsp/\libhal_bsp.a(alt_get_fd.o)
 .comment       0x0000000000000000       0x24 ../cpen391project_bsp/\libhal_bsp.a(alt_icache_flush.o)
 .comment       0x0000000000000000       0x24 d:/quartus15/nios2eds/bin/gnu/h-x86_64-mingw32/bin/../lib/gcc/nios2-elf/4.9.1/../../../../../H-x86_64-mingw32/nios2-elf/lib\libc.a(lib_a-atexit.o)
 .comment       0x0000000000000000       0x24 d:/quartus15/nios2eds/bin/gnu/h-x86_64-mingw32/bin/../lib/gcc/nios2-elf/4.9.1/../../../../../H-x86_64-mingw32/nios2-elf/lib\libc.a(lib_a-exit.o)
 .comment       0x0000000000000000       0x24 d:/quartus15/nios2eds/bin/gnu/h-x86_64-mingw32/bin/../lib/gcc/nios2-elf/4.9.1/../../../../../H-x86_64-mingw32/nios2-elf/lib\libc.a(lib_a-memcmp.o)